Archive member included because of file (symbol)

../drivers\libDrivers_STM32F103_107_Jan_2013.a(timer_1234.o)
                              ./release/main.o (Timer_1234_Init)
../drivers\libDrivers_STM32F103_107_Jan_2013.a(gpio.o)
                              ./release/sampleacquisition.o (GPIO_Configure)
../drivers\libDrivers_STM32F103_107_Jan_2013.a(adc_dma.o)
                              ./release/sampleacquisition.o (Init_TimingADC_ActiveADC)
c:/program files (x86)/codesourcery/sourcery g++ lite/bin/../lib/gcc/arm-none-eabi/4.7.3/thumb2\libgcc.a(_arm_addsubdf3.o)
                              ../drivers\libDrivers_STM32F103_107_Jan_2013.a(timer_1234.o) (__aeabi_dadd)
c:/program files (x86)/codesourcery/sourcery g++ lite/bin/../lib/gcc/arm-none-eabi/4.7.3/thumb2\libgcc.a(_arm_muldivdf3.o)
                              ./release/signalfilter.o (__aeabi_dmul)
c:/program files (x86)/codesourcery/sourcery g++ lite/bin/../lib/gcc/arm-none-eabi/4.7.3/thumb2\libgcc.a(_arm_fixdfsi.o)
                              ./release/signalfilter.o (__aeabi_d2iz)
c:/program files (x86)/codesourcery/sourcery g++ lite/bin/../lib/gcc/arm-none-eabi/4.7.3/thumb2\libgcc.a(_arm_truncdfsf2.o)
                              ../drivers\libDrivers_STM32F103_107_Jan_2013.a(timer_1234.o) (__aeabi_d2f)
c:/program files (x86)/codesourcery/sourcery g++ lite/bin/../lib/gcc/arm-none-eabi/4.7.3/thumb2\libgcc.a(_arm_addsubsf3.o)
                              ./release/usart.o (__aeabi_fsub)
c:/program files (x86)/codesourcery/sourcery g++ lite/bin/../lib/gcc/arm-none-eabi/4.7.3/thumb2\libgcc.a(_arm_muldivsf3.o)
                              ./release/usart.o (__aeabi_fmul)
c:/program files (x86)/codesourcery/sourcery g++ lite/bin/../lib/gcc/arm-none-eabi/4.7.3/thumb2\libgcc.a(_arm_cmpsf2.o)
                              ../drivers\libDrivers_STM32F103_107_Jan_2013.a(timer_1234.o) (__aeabi_fcmplt)
c:/program files (x86)/codesourcery/sourcery g++ lite/bin/../lib/gcc/arm-none-eabi/4.7.3/thumb2\libgcc.a(_arm_fixsfsi.o)
                              ../drivers\libDrivers_STM32F103_107_Jan_2013.a(timer_1234.o) (__aeabi_f2iz)
c:/program files (x86)/codesourcery/sourcery g++ lite/bin/../lib/gcc/arm-none-eabi/4.7.3/thumb2\libgcc.a(_arm_fixunssfsi.o)
                              ./release/usart.o (__aeabi_f2uiz)

Allocating common symbols
Common symbol       size              file

SaveRState          0x2               ./release/usb_int.o
Enable_Fct_IT_Compare_Match_TIM3_Voie1
                    0x1               ../drivers\libDrivers_STM32F103_107_Jan_2013.a(timer_1234.o)
Enable_Fct_IT_Compare_Match_TIM1_Voie3
                    0x1               ../drivers\libDrivers_STM32F103_107_Jan_2013.a(timer_1234.o)
Enable_Fct_IT_Compare_Match_TIM2_Voie1
                    0x1               ../drivers\libDrivers_STM32F103_107_Jan_2013.a(timer_1234.o)
HSEStartUpStatus    0x1               ./release/hw_config.o
Enable_Fct_IT_Compare_Match_TIM4_Voie3
                    0x1               ../drivers\libDrivers_STM32F103_107_Jan_2013.a(timer_1234.o)
adcBuffer           0x400             ./release/sampleacquisition.o
xfunc_in            0x4               ./release/xprintf.o
SaveState           0x2               ./release/usb_init.o
Enable_Fct_IT_Compare_Match_TIM1_Voie1
                    0x1               ../drivers\libDrivers_STM32F103_107_Jan_2013.a(timer_1234.o)
converted           0x15              ./release/serialframe.o
Enable_Fct_IT_Compare_Match_TIM3_Voie4
                    0x1               ../drivers\libDrivers_STM32F103_107_Jan_2013.a(timer_1234.o)
USART_Tx_Buffer     0x800             ./release/hw_config.o
xfunc_out           0x4               ./release/xprintf.o
wIstr               0x2               ./release/usb_istr.o
pProperty           0x4               ./release/usb_init.o
PTR_Function_USART1
                    0x4               ./release/usart.o
Enable_Fct_IT_Compare_Match_TIM4_Voie1
                    0x1               ../drivers\libDrivers_STM32F103_107_Jan_2013.a(timer_1234.o)
EPindex             0x1               ./release/usb_init.o
Enable_Fct_IT_Compare_Match_TIM3_Voie2
                    0x1               ../drivers\libDrivers_STM32F103_107_Jan_2013.a(timer_1234.o)
Enable_Fct_IT_Compare_Match_TIM2_Voie3
                    0x1               ../drivers\libDrivers_STM32F103_107_Jan_2013.a(timer_1234.o)
Enable_Fct_IT_Compare_Match_TIM1_Voie4
                    0x1               ../drivers\libDrivers_STM32F103_107_Jan_2013.a(timer_1234.o)
USB_Tx_Buffer       0x40              ./release/usb_endp.o
SaveTState          0x2               ./release/usb_int.o
Enable_Fct_IT_Compare_Match_TIM4_Voie4
                    0x1               ../drivers\libDrivers_STM32F103_107_Jan_2013.a(timer_1234.o)
Device_Info         0x1c              ./release/usb_init.o
pUser_Standard_Requests
                    0x4               ./release/usb_init.o
USB_Rx_Buffer       0x40              ./release/usb_endp.o
Enable_Fct_IT_Compare_Match_TIM2_Voie4
[...]
Memory Configuration

Name             Origin             Length             Attributes
FLASH            0x08000000         0x00020000         xr
RAM              0x20000000         0x00005000         rw
*default*        0x00000000         0xffffffff

Linker script and memory map

LOAD ./release/startup-gcc.o
LOAD ./release/clock.o
LOAD ./release/usart.o
LOAD ./release/xprintf.o
LOAD ./release/misc.o
LOAD ./release/stm32f10x_adc.o
LOAD ./release/stm32f10x_bkp.o
LOAD ./release/stm32f10x_can.o
LOAD ./release/stm32f10x_cec.o
LOAD ./release/stm32f10x_crc.o
LOAD ./release/stm32f10x_dac.o
LOAD ./release/stm32f10x_dbgmcu.o
LOAD ./release/stm32f10x_dma.o
LOAD ./release/stm32f10x_exti.o
LOAD ./release/stm32f10x_flash.o
LOAD ./release/stm32f10x_fsmc.o
LOAD ./release/stm32f10x_gpio.o
LOAD ./release/stm32f10x_i2c.o
LOAD ./release/stm32f10x_iwdg.o
LOAD ./release/stm32f10x_pwr.o
LOAD ./release/stm32f10x_rcc.o
LOAD ./release/stm32f10x_rtc.o
LOAD ./release/stm32f10x_sdio.o
LOAD ./release/stm32f10x_spi.o
LOAD ./release/stm32f10x_tim.o
LOAD ./release/stm32f10x_usart.o
LOAD ./release/stm32f10x_wwdg.o
LOAD ./release/hw_config.o
LOAD ./release/otgd_fs_cal.o
LOAD ./release/otgd_fs_dev.o
LOAD ./release/otgd_fs_int.o
LOAD ./release/otgd_fs_pcd.o
LOAD ./release/stm32f10x_it.o
LOAD ./release/usb_core.o
LOAD ./release/usb_desc.o
LOAD ./release/usb_endp.o
LOAD ./release/usb_init.o
LOAD ./release/usb_int.o
LOAD ./release/usb_istr.o
LOAD ./release/usb_mem.o
LOAD ./release/usb_prop.o
LOAD ./release/usb_pwr.o
LOAD ./release/usb_regs.o
LOAD ./release/usb_sil.o
LOAD ./release/lib_crc.o
LOAD ./release/sampleacquisition.o
LOAD ./release/uartcomm.o
LOAD ./release/usbcomm.o
LOAD ./release/serialframe.o
LOAD ./release/main.o
LOAD ./release/signalfilter.o
LOAD ../drivers\libDrivers_STM32F103_107_Jan_2013.a
LOAD c:/program files (x86)/codesourcery/sourcery g++ lite/bin/../lib/gcc/arm-none-eabi/4.7.3/../../../../arm-none-eabi/lib/thumb2\libm.a
START GROUP
LOAD c:/program files (x86)/codesourcery/sourcery g++ lite/bin/../lib/gcc/arm-none-eabi/4.7.3/thumb2\libgcc.a
LOAD c:/program files (x86)/codesourcery/sourcery g++ lite/bin/../lib/gcc/arm-none-eabi/4.7.3/../../../../arm-none-eabi/lib/thumb2\libc.a
END GROUP
START GROUP
LOAD c:/program files (x86)/codesourcery/sourcery g++ lite/bin/../lib/gcc/arm-none-eabi/4.7.3/thumb2\libgcc.a
LOAD c:/program files (x86)/codesourcery/sourcery g++ lite/bin/../lib/gcc/arm-none-eabi/4.7.3/../../../../arm-none-eabi/lib/thumb2\libc.a
LOAD c:/program files (x86)/codesourcery/sourcery g++ lite/bin/../lib/gcc/arm-none-eabi/4.7.3/../../../../arm-none-eabi/lib/thumb2\libm.a
END GROUP

.text           0x08000000     0xcd8c
 *(.isr_vector)
 .isr_vector    0x08000000       0xec ./release/startup-gcc.o
                0x08000000                __isr_vector
 *(.text*)
 .text          0x080000ec       0x8c ./release/startup-gcc.o
                0x080000ec                Reset_Handler
                0x08000160                SystemInit
                0x08000162                NMI_Handler
                0x08000164                HardFault_Handler
                0x08000166                MemManage_Handler
                0x08000168                BusFault_Handler
                0x0800016a                UsageFault_Handler
                0x0800016c                SVC_Handler
                0x0800016e                DebugMon_Handler
                0x08000170                PendSV_Handler
                0x08000172                SysTick_Handler
                0x08000174                SPI1_IRQHandler
                0x08000174                TAMPER_IRQHandler
                0x08000174                DMAChannel4_IRQHandler
                0x08000174                PVD_IRQHandler
                0x08000174                EXTI0_IRQHandler
                0x08000174                I2C2_EV_IRQHandler
                0x08000174                DMAChannel7_IRQHandler
                0x08000174                I2C1_EV_IRQHandler
                0x08000174                RCC_IRQHandler
                0x08000174                TIM1_TRG_COM_IRQHandler
                0x08000174                EXTI15_10_IRQHandler
                0x08000174                DMAChannel5_IRQHandler
                0x08000174                EXTI9_5_IRQHandler
                0x08000174                DMAChannel2_IRQHandler
                0x08000174                SPI2_IRQHandler
                0x08000174                EXTI3_IRQHandler
                0x08000174                CAN1_RX1_IRQHandler
                0x08000174                EXTI4_IRQHandler
                0x08000174                RTC_IRQHandler
                0x08000174                USB_HP_CAN1_TX_IRQHandler
                0x08000174                WWDG_IRQHandler
                0x08000174                TIM1_BRK_IRQHandler
                0x08000174                EXTI1_IRQHandler
                0x08000174                RTCAlarm_IRQHandler
                0x08000174                I2C2_ER_IRQHandler
                0x08000174                CAN1_SCE_IRQHandler
                0x08000174                FLASH_IRQHandler
                0x08000174                DMAChannel6_IRQHandler
                0x08000174                DMAChannel3_IRQHandler
                0x08000174                EXTI2_IRQHandler
                0x08000174                I2C1_ER_IRQHandler
                0x08000174                USBWakeUp_IRQHandler
 .text          0x08000178       0x9c ./release/clock.o
                0x08000178                CLOCK_Configure
                0x080001ec                CLOCK_GetTIMCLK
                0x080001f4                CLOCK_GetHCLK
                0x080001fc                CLOCK_GetPCLK1
                0x08000204                CLOCK_GetPCLK2
                0x0800020c                CLOCK_GetADCCLK
 .text          0x08000214      0x2f0 ./release/usart.o
                0x08000214                Init_USART
                0x08000328                Send_Data_USART
                0x08000354                Send_String_USART
                0x08000380                Receive_Data_USART
                0x0800039c                Data_USART
                0x080003a4                USART1_IRQHandler
                0x080003ec                USART2_IRQHandler
                0x08000420                USART3_IRQHandler
                0x08000468                Active_Interrupt_Received_Data_available
 .text          0x08000504      0x420 ./release/xprintf.o
                0x08000504                xputc
                0x08000534                xputs
                0x080006f8                xfputs
                0x0800071c                xprintf
                0x08000734                xsprintf
                0x08000760                xfprintf
                0x08000788                put_dump
                0x08000814                xgets
                0x08000864                xfgets
                0x0800087c                xatoi
 .text          0x08000924       0xc0 ./release/misc.o
                0x08000924                NVIC_PriorityGroupConfig
                0x08000938                NVIC_Init
                0x080009a0                NVIC_SetVectorTable
                0x080009b4                NVIC_SystemLPConfig
                0x080009cc                SysTick_CLKSourceConfig
 .text          0x080009e4      0x378 ./release/stm32f10x_adc.o
                0x080009e4                ADC_DeInit
                0x08000a40                ADC_Init
                0x08000a88                ADC_StructInit
                0x08000a9a                ADC_Cmd
                0x08000aac                ADC_DMACmd
                0x08000abe                ADC_ITConfig
                0x08000ad0                ADC_ResetCalibration
                0x08000ada                ADC_GetResetCalibrationStatus
                0x08000ae2                ADC_StartCalibration
                0x08000aec                ADC_GetCalibrationStatus
                0x08000af4                ADC_SoftwareStartConvCmd
                0x08000b06                ADC_GetSoftwareStartConvStatus
                0x08000b0e                ADC_DiscModeChannelCountConfig
                0x08000b1e                ADC_DiscModeCmd
                0x08000b30                ADC_RegularChannelConfig
                0x08000bcc                ADC_ExternalTrigConvCmd
                0x08000bde                ADC_GetConversionValue
                0x08000be4                ADC_GetDualModeConversionValue
                0x08000bf0                ADC_AutoInjectedConvCmd
                0x08000c02                ADC_InjectedDiscModeCmd
                0x08000c14                ADC_ExternalTrigInjectedConvConfig
                0x08000c20                ADC_ExternalTrigInjectedConvCmd
                0x08000c32                ADC_SoftwareStartInjectedConvCmd
                0x08000c44                ADC_GetSoftwareStartInjectedConvCmdStatus
                0x08000c4c                ADC_InjectedChannelConfig
                0x08000cb0                ADC_InjectedSequencerLengthConfig
                0x08000cc0                ADC_SetInjectedOffset
                0x08000cd6                ADC_GetInjectedConversionValue
                0x08000cf0                ADC_AnalogWatchdogCmd
                0x08000d00                ADC_AnalogWatchdogThresholdsConfig
                0x08000d06                ADC_AnalogWatchdogSingleChannelConfig
                0x08000d12                ADC_TempSensorVrefintCmd
                0x08000d2c                ADC_GetFlagStatus
                0x08000d38                ADC_ClearFlag
                0x08000d3e                ADC_GetITStatus
                0x08000d54                ADC_ClearITPendingBit
 .text          0x08000d5c       0xe0 ./release/stm32f10x_bkp.o
                0x08000d5c                BKP_DeInit
                0x08000d6e                BKP_TamperPinLevelConfig
                0x08000d78                BKP_TamperPinCmd
                0x08000d84                BKP_ITConfig
                0x08000d90                BKP_RTCOutputConfig
                0x08000da8                BKP_SetRTCCalibrationValue
                0x08000dc0                BKP_WriteBackupRegister
                0x08000ddc                BKP_ReadBackupRegister
                0x08000dfc                BKP_GetFlagStatus
                0x08000e08                BKP_ClearFlag
                0x08000e1c                BKP_GetITStatus
                0x08000e28                BKP_ClearITPendingBit
 .text          0x08000e3c      0x738 ./release/stm32f10x_can.o
                0x08000e3c                CAN_DeInit
                0x08000e70                CAN_Init
                0x08000f46                CAN_FilterInit
                0x0800102c                CAN_StructInit
                0x0800104c                CAN_SlaveStartBank
                0x08001088                CAN_DBGFreeze
                0x0800109a                CAN_TTComModeCmd
                0x080010f2                CAN_Transmit
                0x080011aa                CAN_TransmitStatus
                0x080011f8                CAN_CancelTransmit
                0x0800121e                CAN_Receive
                0x080012aa                CAN_FIFORelease
                0x080012c0                CAN_MessagePending
                0x080012d6                CAN_OperatingModeRequest
                0x0800135e                CAN_Sleep
                0x08001378                CAN_WakeUp
                0x0800139a                CAN_GetLastErrorCode
                0x080013a2                CAN_GetReceiveErrorCounter
                0x080013a8                CAN_GetLSBTransmitErrorCounter
                0x080013b0                CAN_ITConfig
                0x080013c0                CAN_GetFlagStatus
                0x080013f4                CAN_ClearFlag
                0x08001428                CAN_GetITStatus
                0x080014f6                CAN_ClearITPendingBit
 .text          0x08001574      0x114 ./release/stm32f10x_cec.o
                0x08001574                CEC_DeInit
                0x0800158e                CEC_Init
                0x080015ac                CEC_Cmd
                0x080015c4                CEC_ITConfig
                0x080015d0                CEC_OwnAddressConfig
                0x080015dc                CEC_SetPrescaler
                0x080015e8                CEC_SendDataByte
                0x080015f4                CEC_ReceiveDataByte
                0x08001600                CEC_StartOfMessage
                0x0800160c                CEC_EndOfMessageCmd
                0x08001618                CEC_GetFlagStatus
                0x0800163c                CEC_ClearFlag
                0x08001658                CEC_GetITStatus
                0x0800166c                CEC_ClearITPendingBit
 .text          0x08001688       0x5c ./release/stm32f10x_crc.o
                0x08001688                CRC_ResetDR
                0x08001694                CRC_CalcCRC
                0x080016a0                CRC_CalcBlockCRC
                0x080016c0                CRC_GetCRC
                0x080016cc                CRC_SetIDRegister
                0x080016d8                CRC_GetIDRegister
 .text          0x080016e4      0x170 ./release/stm32f10x_dac.o
                0x080016e4                DAC_DeInit
                0x080016fe                DAC_Init
                0x0800172c                DAC_StructInit
                0x08001738                DAC_Cmd
                0x0800175c                DAC_DMACmd
                0x08001780                DAC_SoftwareTriggerCmd
                0x080017a4                DAC_DualSoftwareTriggerCmd
                0x080017bc                DAC_WaveGenerationCmd
                0x080017d8                DAC_SetChannel1Data
                0x080017f8                DAC_SetChannel2Data
                0x08001818                DAC_SetDualChannelData
                0x08001830                DAC_GetDataOutputValue
 .text          0x08001854       0x34 ./release/stm32f10x_dbgmcu.o
                0x08001854                DBGMCU_GetREVID
                0x08001860                DBGMCU_GetDEVID
                0x08001870                DBGMCU_Config
 .text          0x08001888      0x1e0 ./release/stm32f10x_dma.o
                0x08001888                DMA_DeInit
                0x08001980                DMA_Init
                0x080019be                DMA_StructInit
                0x080019d8                DMA_Cmd
                0x080019ee                DMA_ITConfig
                0x080019fe                DMA_SetCurrDataCounter
                0x08001a02                DMA_GetCurrDataCounter
                0x08001a08                DMA_GetFlagStatus
                0x08001a24                DMA_ClearFlag
                0x08001a38                DMA_GetITStatus
                0x08001a54                DMA_ClearITPendingBit
 .text          0x08001a68       0xf8 ./release/stm32f10x_exti.o
                0x08001a68                EXTI_DeInit
                0x08001a84                EXTI_Init
                0x08001afc                EXTI_StructInit
                0x08001b0a                EXTI_GenerateSWInterrupt
                0x08001b18                EXTI_GetFlagStatus
                0x08001b2c                EXTI_ClearFlag
                0x08001b38                EXTI_GetITStatus
                0x08001b54                EXTI_ClearITPendingBit
 .text          0x08001b60      0x538 ./release/stm32f10x_flash.o
                0x08001b60                FLASH_SetLatency
                0x08001b74                FLASH_HalfCycleAccessCmd
                0x08001b8c                FLASH_PrefetchBufferCmd
                0x08001ba4                FLASH_Unlock
                0x08001bbc                FLASH_UnlockBank1
                0x08001bd4                FLASH_Lock
                0x08001be4                FLASH_LockBank1
                0x08001bf4                FLASH_GetUserOptionByte
                0x08001c00                FLASH_GetWriteProtectionOptionByte
                0x08001c0c                FLASH_GetReadOutProtectionStatus
                0x08001c1c                FLASH_GetPrefetchBufferStatus
                0x08001c2c                FLASH_ITConfig
                0x08001c44                FLASH_GetFlagStatus
                0x08001c64                FLASH_ClearFlag
                0x08001c70                FLASH_GetStatus
                0x08001c98                FLASH_GetBank1Status
                0x08001cc0                FLASH_WaitForLastOperation
                0x08001ce4                FLASH_UserOptionByteConfig
                0x08001d3c                FLASH_ReadOutProtection
                0x08001dcc                FLASH_EnableWriteProtection
                0x08001e78                FLASH_ProgramOptionByteData
                0x08001ec0                FLASH_ProgramHalfWord
                0x08001ef8                FLASH_ProgramWord
                0x08001f48                FLASH_EraseOptionBytes
                0x08001fc8                FLASH_EraseAllPages
                0x08002000                FLASH_ErasePage
                0x0800203c                FLASH_WaitForLastBank1Operation
                0x08002060                FLASH_EraseAllBank1Pages
 .text          0x08002098      0x470 ./release/stm32f10x_fsmc.o
                0x08002098                FSMC_NORSRAMDeInit
                0x080020c6                FSMC_NANDDeInit
                0x080020e8                FSMC_PCCARDDeInit
                0x08002104                FSMC_NORSRAMInit
                0x080021d0                FSMC_NANDInit
                0x08002238                FSMC_PCCARDInit
                0x080022a0                FSMC_NORSRAMStructInit
                0x080022ee                FSMC_NANDStructInit
                0x08002318                FSMC_PCCARDStructInit
                0x08002342                FSMC_NORSRAMCmd
                0x08002364                FSMC_NANDCmd
                0x08002398                FSMC_PCCARDCmd
                0x080023b8                FSMC_NANDECCCmd
                0x080023ec                FSMC_GetECC
                0x08002400                FSMC_ITConfig
                0x08002448                FSMC_GetFlagStatus
                0x08002474                FSMC_ClearFlag
                0x080024a4                FSMC_GetITStatus
                0x080024d8                FSMC_ClearITPendingBit
 .text          0x08002508      0x290 ./release/stm32f10x_gpio.o
                0x08002508                GPIO_DeInit
                0x080025b4                GPIO_AFIODeInit
                0x080025ca                GPIO_Init
                0x08002672                GPIO_StructInit
                0x08002682                GPIO_ReadInputDataBit
                0x0800268e                GPIO_ReadInputData
                0x08002694                GPIO_ReadOutputDataBit
                0x080026a0                GPIO_ReadOutputData
                0x080026a6                GPIO_SetBits
                0x080026aa                GPIO_ResetBits
                0x080026ae                GPIO_WriteBit
                0x080026b8                GPIO_Write
                0x080026bc                GPIO_PinLockConfig
                0x080026cc                GPIO_EventOutputConfig
                0x080026e8                GPIO_EventOutputCmd
                0x080026f4                GPIO_PinRemapConfig
                0x08002758                GPIO_EXTILineConfig
                0x0800278c                GPIO_ETH_MediaInterfaceConfig
 .text          0x08002798      0x3a0 ./release/stm32f10x_i2c.o
                0x08002798                I2C_DeInit
                0x080027cc                I2C_Init
                0x08002894                I2C_StructInit
                0x080028b0                I2C_Cmd
                0x080028c8                I2C_DMACmd
                0x080028e0                I2C_DMALastTransferCmd
                0x080028f8                I2C_GenerateSTART
                0x08002910                I2C_GenerateSTOP
                0x08002928                I2C_AcknowledgeConfig
                0x08002940                I2C_OwnAddress2Config
                0x08002952                I2C_DualAddressCmd
                0x0800296a                I2C_GeneralCallCmd
                0x08002982                I2C_ITConfig
                0x08002994                I2C_SendData
                0x08002998                I2C_ReceiveData
                0x0800299e                I2C_Send7bitAddress
                0x080029ae                I2C_ReadRegister
                0x080029c6                I2C_SoftwareResetCmd
                0x080029dc                I2C_NACKPositionConfig
                0x080029f8                I2C_SMBusAlertConfig
                0x08002a14                I2C_TransmitPEC
                0x08002a2c                I2C_PECPositionConfig
                0x08002a48                I2C_CalculatePEC
                0x08002a60                I2C_GetPEC
                0x08002a68                I2C_ARPCmd
                0x08002a80                I2C_StretchClockCmd
                0x08002a98                I2C_FastModeDutyCycleConfig
                0x08002ab4                I2C_CheckEvent
                0x08002acc                I2C_GetLastEvent
                0x08002adc                I2C_GetFlagStatus
                0x08002b10                I2C_ClearFlag
                0x08002b16                I2C_GetITStatus
                0x08002b32                I2C_ClearITPendingBit
 .text          0x08002b38       0x58 ./release/stm32f10x_iwdg.o
                0x08002b38                IWDG_WriteAccessCmd
                0x08002b44                IWDG_SetPrescaler
                0x08002b50                IWDG_SetReload
                0x08002b5c                IWDG_ReloadCounter
                0x08002b6c                IWDG_Enable
                0x08002b7c                IWDG_GetFlagStatus
 .text          0x08002b90       0xd0 ./release/stm32f10x_pwr.o
                0x08002b90                PWR_DeInit
                0x08002baa                PWR_BackupAccessCmd
                0x08002bb4                PWR_PVDCmd
                0x08002bc0                PWR_PVDLevelConfig
                0x08002bd4                PWR_WakeUpPinCmd
                0x08002be0                PWR_EnterSTOPMode
                0x08002c14                PWR_EnterSTANDBYMode
                0x08002c3c                PWR_GetFlagStatus
                0x08002c50                PWR_ClearFlag
 .text          0x08002c60      0x344 ./release/stm32f10x_rcc.o
                0x08002c60                RCC_DeInit
                0x08002ca0                RCC_HSEConfig
                0x08002cd8                RCC_AdjustHSICalibrationValue
                0x08002cec                RCC_HSICmd
                0x08002cf8                RCC_PLLConfig
                0x08002d0c                RCC_PLLCmd
                0x08002d18                RCC_SYSCLKConfig
                0x08002d2c                RCC_GetSYSCLKSource
                0x08002d3c                RCC_HCLKConfig
                0x08002d50                RCC_PCLK1Config
                0x08002d64                RCC_PCLK2Config
                0x08002d78                RCC_ITConfig
                0x08002d90                RCC_USBCLKConfig
                0x08002d9c                RCC_ADCCLKConfig
                0x08002db0                RCC_LSEConfig
                0x08002dd0                RCC_LSICmd
                0x08002ddc                RCC_RTCCLKConfig
                0x08002dec                RCC_RTCCLKCmd
                0x08002df8                RCC_GetClocksFreq
                0x08002e84                RCC_AHBPeriphClockCmd
                0x08002e9c                RCC_APB2PeriphClockCmd
                0x08002eb4                RCC_APB1PeriphClockCmd
                0x08002ecc                RCC_APB2PeriphResetCmd
                0x08002ee4                RCC_APB1PeriphResetCmd
                0x08002efc                RCC_BackupResetCmd
                0x08002f08                RCC_ClockSecuritySystemCmd
                0x08002f14                RCC_MCOConfig
                0x08002f20                RCC_GetFlagStatus
                0x08002f48                RCC_WaitForHSEStartUp
                0x08002f74                RCC_ClearFlag
                0x08002f84                RCC_GetITStatus
                0x08002f98                RCC_ClearITPendingBit
 .text          0x08002fa4      0x158 ./release/stm32f10x_rtc.o
                0x08002fa4                RTC_ITConfig
                0x08002fbc                RTC_EnterConfigMode
                0x08002fd0                RTC_ExitConfigMode
                0x08002fe4                RTC_GetCounter
                0x08002ff8                RTC_SetCounter
                0x08003014                RTC_SetPrescaler
                0x08003034                RTC_SetAlarm
                0x08003050                RTC_GetDivider
                0x08003068                RTC_WaitForLastTask
                0x0800307c                RTC_WaitForSynchro
                0x0800309c                RTC_GetFlagStatus
                0x080030b0                RTC_ClearFlag
                0x080030c4                RTC_GetITStatus
                0x080030e8                RTC_ClearITPendingBit
 .text          0x080030fc      0x234 ./release/stm32f10x_sdio.o
                0x080030fc                SDIO_DeInit
                0x08003120                SDIO_Init
                0x08003150                SDIO_StructInit
                0x08003160                SDIO_ClockCmd
                0x0800316c                SDIO_SetPowerState
                0x08003184                SDIO_GetPowerState
                0x08003194                SDIO_ITConfig
                0x080031ac                SDIO_DMACmd
                0x080031b8                SDIO_SendCommand
                0x080031e4                SDIO_CmdStructInit
                0x080031f2                SDIO_GetCommandResponse
                0x08003200                SDIO_GetResponse
                0x08003218                SDIO_DataConfig
                0x08003244                SDIO_DataStructInit
                0x08003258                SDIO_GetDataCounter
                0x08003264                SDIO_ReadData
                0x08003270                SDIO_WriteData
                0x0800327c                SDIO_GetFIFOCount
                0x08003288                SDIO_StartSDIOReadWait
                0x08003294                SDIO_StopSDIOReadWait
                0x080032a0                SDIO_SetSDIOReadWaitMode
                0x080032ac                SDIO_SetSDIOOperation
                0x080032b8                SDIO_SendSDIOSuspendCmd
                0x080032c4                SDIO_CommandCompletionCmd
                0x080032d0                SDIO_CEATAITCmd
                0x080032e4                SDIO_SendCEATACmd
                0x080032f0                SDIO_GetFlagStatus
                0x08003304                SDIO_ClearFlag
                0x08003310                SDIO_GetITStatus
                0x08003324                SDIO_ClearITPendingBit
 .text          0x08003330      0x2bc ./release/stm32f10x_spi.o
                0x08003330                SPI_I2S_DeInit
                0x08003394                SPI_Init
                0x080033d0                I2S_Init
                0x0800346e                SPI_StructInit
                0x08003486                I2S_StructInit
                0x08003498                SPI_Cmd
                0x080034b0                I2S_Cmd
                0x080034c8                SPI_I2S_ITConfig
                0x080034e8                SPI_I2S_DMACmd
                0x080034fa                SPI_I2S_SendData
                0x080034fe                SPI_I2S_ReceiveData
                0x08003504                SPI_NSSInternalSoftwareConfig
                0x08003522                SPI_SSOutputCmd
                0x0800353a                SPI_DataSizeConfig
                0x08003550                SPI_TransmitCRC
                0x0800355c                SPI_CalculateCRC
                0x08003574                SPI_GetCRC
                0x08003580                SPI_GetCRCPolynomial
                0x08003586                SPI_BiDirectionalLineConfig
                0x080035a2                SPI_I2S_GetFlagStatus
                0x080035ae                SPI_I2S_ClearFlag
                0x080035b4                SPI_I2S_GetITStatus
                0x080035dc                SPI_I2S_ClearITPendingBit
 .text          0x080035ec      0xc68 ./release/stm32f10x_tim.o
                0x080036cc                TIM_DeInit
                0x08003878                TIM_TimeBaseInit
                0x0800390c                TIM_OC1Init
                0x08003994                TIM_OC2Init
                0x08003a18                TIM_OC3Init
                0x08003a9c                TIM_OC4Init
                0x08003b00                TIM_BDTRConfig
                0x08003b20                TIM_TimeBaseStructInit
                0x08003b32                TIM_OCStructInit
                0x08003b46                TIM_ICStructInit
                0x08003b56                TIM_BDTRStructInit
                0x08003b68                TIM_Cmd
                0x08003b80                TIM_CtrlPWMOutputs
                0x08003b9a                TIM_ITConfig
                0x08003bac                TIM_GenerateEvent
                0x08003bb0                TIM_DMAConfig
                0x08003bb8                TIM_DMACmd
                0x08003bca                TIM_InternalClockConfig
                0x08003bd8                TIM_ITRxExternalClockConfig
                0x08003bf2                TIM_TIxExternalClockConfig
                0x08003c24                TIM_ETRConfig
                0x08003c38                TIM_ETRClockMode2Config
                0x08003c4c                TIM_ETRClockMode1Config
                0x08003c66                TIM_PrescalerConfig
                0x08003c6c                TIM_CounterModeConfig
                0x08003c7c                TIM_SelectInputTrigger
                0x08003c8c                TIM_EncoderInterfaceConfig
                0x08003cc8                TIM_ForcedOC1Config
                0x08003cd8                TIM_ForcedOC2Config
                0x08003cea                TIM_ForcedOC3Config
                0x08003cfa                TIM_ForcedOC4Config
                0x08003d0c                TIM_ARRPreloadConfig
                0x08003d24                TIM_SelectCOM
                0x08003d3c                TIM_SelectCCDMA
                0x08003d54                TIM_CCPreloadControl
                0x08003d6c                TIM_OC1PreloadConfig
                0x08003d7c                TIM_OC2PreloadConfig
                0x08003d8e                TIM_OC3PreloadConfig
                0x08003d9e                TIM_OC4PreloadConfig
                0x08003db0                TIM_OC1FastConfig
                0x08003dc0                TIM_OC2FastConfig
                0x08003dd2                TIM_OC3FastConfig
                0x08003de2                TIM_OC4FastConfig
                0x08003df4                TIM_ClearOC1Ref
                0x08003e04                TIM_ClearOC2Ref
                0x08003e12                TIM_ClearOC3Ref
                0x08003e22                TIM_ClearOC4Ref
                0x08003e30                TIM_OC1PolarityConfig
                0x08003e40                TIM_OC1NPolarityConfig
                0x08003e50                TIM_OC2PolarityConfig
                0x08003e62                TIM_OC2NPolarityConfig
                0x08003e74                TIM_OC3PolarityConfig
                0x08003e86                TIM_OC3NPolarityConfig
                0x08003e98                TIM_OC4PolarityConfig
                0x08003eaa                TIM_CCxCmd
                0x08003ec8                TIM_CCxNCmd
                0x08003ee6                TIM_SelectOCxM
                0x08003f2a                TIM_UpdateDisableConfig
                0x08003f42                TIM_UpdateRequestConfig
                0x08003f5a                TIM_SelectHallSensor
                0x08003f72                TIM_SelectOnePulseMode
                0x08003f88                TIM_SelectOutputTrigger
                0x08003f9e                TIM_SelectSlaveMode
                0x08003fb4                TIM_SelectMasterSlaveMode
                0x08003fca                TIM_SetCounter
                0x08003fce                TIM_SetAutoreload
                0x08003fd2                TIM_SetCompare1
                0x08003fd6                TIM_SetCompare2
                0x08003fda                TIM_SetCompare3
                0x08003fde                TIM_SetCompare4
                0x08003fe4                TIM_SetIC1Prescaler
                0x08003ffa                TIM_SetIC2Prescaler
                0x08004012                TIM_PWMIConfig
                0x08004080                TIM_SetIC3Prescaler
                0x08004096                TIM_SetIC4Prescaler
                0x080040ae                TIM_ICInit
                0x080041e8                TIM_SetClockDivision
                0x080041fe                TIM_GetCapture1
                0x08004204                TIM_GetCapture2
                0x0800420a                TIM_GetCapture3
                0x08004210                TIM_GetCapture4
                0x08004218                TIM_GetCounter
                0x0800421e                TIM_GetPrescaler
                0x08004224                TIM_GetFlagStatus
                0x08004230                TIM_ClearFlag
                0x08004236                TIM_GetITStatus
                0x0800424c                TIM_ClearITPendingBit
 .text          0x08004254      0x394 ./release/stm32f10x_usart.o
                0x08004254                USART_DeInit
                0x080042ec                USART_Init
                0x08004394                USART_StructInit
                0x080043aa                USART_ClockInit
                0x080043c8                USART_ClockStructInit
                0x080043d4                USART_Cmd
                0x080043ec                USART_ITConfig
                0x0800441e                USART_DMACmd
                0x08004430                USART_SetAddress
                0x08004446                USART_WakeUpConfig
                0x0800445c                USART_ReceiverWakeUpCmd
                0x08004474                USART_LINBreakDetectLengthConfig
                0x0800448a                USART_LINCmd
                0x080044a2                USART_SendData
                0x080044aa                USART_ReceiveData
                0x080044b2                USART_SendBreak
                0x080044be                USART_SetGuardTime
                0x080044d0                USART_SetPrescaler
                0x080044e2                USART_SmartCardCmd
                0x080044fa                USART_SmartCardNACKCmd
                0x08004512                USART_HalfDuplexCmd
                0x0800452a                USART_OverSampling8Cmd
                0x08004540                USART_OneBitMethodCmd
                0x08004558                USART_IrDAConfig
                0x0800456e                USART_IrDACmd
                0x08004586                USART_GetFlagStatus
                0x08004592                USART_ClearFlag
                0x08004598                USART_GetITStatus
                0x080045d8                USART_ClearITPendingBit
 .text          0x080045e8       0x98 ./release/stm32f10x_wwdg.o
                0x080045e8                WWDG_DeInit
                0x08004602                WWDG_SetPrescaler
                0x08004614                WWDG_SetWindowValue
                0x0800463c                WWDG_EnableIT
                0x08004648                WWDG_SetCounter
                0x08004658                WWDG_Enable
                0x08004668                WWDG_GetFlagStatus
                0x08004674                WWDG_ClearFlag
 .text          0x08004680      0x22c ./release/hw_config.o
                0x080046aa                Set_System
                0x080046d8                Set_USBClock
                0x080046ee                Enter_LowPowerMode
                0x080046fc                Leave_LowPowerMode
                0x08004718                USB_Interrupts_Config
                0x08004740                USB_Cable_Config
                0x0800475c                USB_To_USART_Send_Data
                0x08004790                USB_Receive
                0x080047b8                USB_GetTxSize
                0x080047c4                Handle_USBAsynchXfer
                0x08004844                USB_Send
                0x08004864                Get_SerialNum
                0x080048a0                USB_GetState
 .text          0x080048ac        0x0 ./release/otgd_fs_cal.o
 .text          0x080048ac        0x0 ./release/otgd_fs_dev.o
 .text          0x080048ac        0x0 ./release/otgd_fs_int.o
 .text          0x080048ac        0x0 ./release/otgd_fs_pcd.o
 .text          0x080048ac        0x4 ./release/stm32f10x_it.o
                0x080048ac                USB_LP_CAN1_RX0_IRQHandler
 .text          0x080048b0      0x854 ./release/usb_core.o
                0x080048b0                Standard_GetConfiguration
                0x080048d4                Standard_GetInterface
                0x080048f8                Standard_GetStatus
                0x08004a34                Standard_SetConfiguration
                0x08004a6c                Standard_SetInterface
                0x08004ab4                Standard_ClearFeature
                0x08004b90                Standard_SetEndPointFeature
                0x08004c18                Standard_SetDeviceFeature
                0x08004c3c                Standard_GetDescriptorData
                0x08004c58                Post0_Process
                0x08004c98                Out0_Process
                0x08004d6c                Setup0_Process
                0x08005060                SetDeviceAddress
                0x080050a0                In0_Process
                0x08005100                NOP_Process
 .text          0x08005104        0x0 ./release/usb_desc.o
 .text          0x08005104       0xbc ./release/usb_endp.o
                0x08005104                EP1_IN_Callback
                0x08005168                EP3_OUT_Callback
                0x0800518c                SOF_Callback
 .text          0x080051c0       0x38 ./release/usb_init.o
                0x080051c0                USB_Init
 .text          0x080051f8      0x1f4 ./release/usb_int.o
                0x080051f8                CTR_LP
                0x0800537c                CTR_HP
 .text          0x080053ec       0x78 ./release/usb_istr.o
                0x080053ec                USB_Istr
 .text          0x08005464       0x52 ./release/usb_mem.o
                0x08005464                UserToPMABufferCopy
                0x08005492                PMAToUserBufferCopy
 *fill*         0x080054b6        0x2 
 .text          0x080054b8      0x238 ./release/usb_prop.o
                0x080054b8                Virtual_Com_Port_SetConfiguration
                0x080054d0                Virtual_Com_Port_SetDeviceAddress
                0x080054dc                Virtual_Com_Port_Status_In
                0x080054f0                Virtual_Com_Port_Status_Out
                0x080054f2                Virtual_Com_Port_Data_Setup
                0x08005550                Virtual_Com_Port_NoData_Setup
                0x08005574                Virtual_Com_Port_Get_Interface_Setting
                0x08005582                Virtual_Com_Port_GetLineCoding
                0x0800559c                Virtual_Com_Port_SetLineCoding
                0x080055b4                Virtual_Com_Port_GetStringDescriptor
                0x080055d4                Virtual_Com_Port_GetConfigDescriptor
                0x080055e0                Virtual_Com_Port_GetDeviceDescriptor
                0x080055ec                Virtual_Com_Port_Reset
                0x080056cc                Virtual_Com_Port_init
 .text          0x080056f0      0x118 ./release/usb_pwr.o
                0x080056f0                PowerOn
                0x08005720                PowerOff
                0x08005744                Suspend
                0x08005764                Resume_Init
                0x08005784                Resume
 .text          0x08005808      0x794 ./release/usb_regs.o
                0x08005808                SetCNTR
                0x08005814                GetCNTR
                0x08005820                SetISTR
                0x0800582c                GetISTR
                0x08005838                GetFNR
                0x08005844                SetDADDR
                0x08005850                GetDADDR
                0x0800585c                SetBTABLE
                0x0800586c                GetBTABLE
                0x08005878                SetENDPOINT
                0x08005886                GetENDPOINT
                0x08005896                SetEPType
                0x080058ae                GetEPType
                0x080058c0                SetEPTxStatus
                0x080058fa                SetEPRxStatus
                0x08005934                SetDouBleBuffEPStall
                0x08005958                GetEPTxStatus
                0x0800596a                GetEPRxStatus
                0x0800597c                SetEPTxValid
                0x0800599e                SetEPRxValid
                0x080059c0                SetEP_KIND
                0x080059de                ClearEP_KIND
                0x080059fc                Clear_Status_Out
                0x08005a1a                Set_Status_Out
                0x08005a38                SetEPDoubleBuff
                0x08005a56                ClearEPDoubleBuff
                0x08005a74                GetTxStallStatus
                0x08005a8e                GetRxStallStatus
                0x08005aa8                ClearEP_CTR_RX
                0x08005abe                ClearEP_CTR_TX
                0x08005ad4                ToggleDTOG_RX
                0x08005af2                ToggleDTOG_TX
                0x08005b10                ClearDTOG_RX
                0x08005b34                ClearDTOG_TX
                0x08005b58                SetEPAddress
                0x08005b78                GetEPAddress
                0x08005b8a                SetEPTxAddr
                0x08005bac                SetEPRxAddr
                0x08005bcc                GetEPTxAddr
                0x08005be8                GetEPRxAddr
                0x08005c04                SetEPTxCount
                0x08005c20                SetEPCountRxReg
                0x08005c44                SetEPRxCount
                0x08005c80                GetEPTxCount
                0x08005ca0                GetEPRxCount
                0x08005cc0                SetEPDblBuffAddr
                0x08005cf8                SetEPDblBuf0Addr
                0x08005d18                SetEPDblBuf1Addr
                0x08005d38                GetEPDblBuf0Addr
                0x08005d54                GetEPDblBuf1Addr
                0x08005d70                SetEPDblBuffCount
                0x08005e18                SetEPDblBuf0Count
                0x08005e70                SetEPDblBuf1Count
                0x08005ec8                GetEPDblBuf0Count
                0x08005ee8                GetEPDblBuf1Count
                0x08005f08                GetEPDblBufDir
                0x08005f48                FreeUserBuffer
                0x08005f8a                ToWord
                0x08005f90                ByteSwap
 .text          0x08005f9c       0x6c ./release/usb_sil.o
                0x08005f9c                USB_SIL_Init
                0x08005fbc                USB_SIL_Write
                0x08005fe4                USB_SIL_Read
 .text          0x08006008      0x1f8 ./release/lib_crc.o
                0x08006008                update_crc_ccitt
                0x08006064                update_crc_sick
                0x08006088                update_crc_16
                0x080060e8                update_crc_kermit
                0x08006148                update_crc_dnp
                0x080061a8                update_crc_32
 .text          0x08006200       0xac ./release/sampleacquisition.o
                0x08006200                setLEDAcquisition
                0x08006204                test
                0x08006214                sampleAcquisitionInit
                0x0800627c                launchAcquisitionBurstDMA
 .text          0x080062ac       0xc4 ./release/uartcomm.o
                0x080062ac                uartCommSendChar
                0x080062b8                uartCommToggleLEDStatus
                0x080062c8                uartCommInit
                0x0800630c                uartCommSendData
                0x0800634c                uartCommSendTimes
 .text          0x08006370       0xa8 ./release/usbcomm.o
                0x08006370                setLEDComUSB
                0x08006372                usbCommInit
                0x0800638e                usbCommSendChar
                0x08006392                usbCommSendData
                0x080063ac                usbCommSendTimes
                0x080063de                usbCommSendCoefficients
 .text          0x08006418      0x26c ./release/serialframe.o
                0x08006418                serialFrameToUint
                0x08006488                serialFrameFromUint
                0x08006508                createCRC
                0x08006522                serialFrameToChar
                0x08006584                retrieveReadFrame
                0x080065d0                createUsartFrame
                0x08006650                createSendableFrame
 .text          0x08006684       0x38 ./release/main.o
                0x08006684                Clignote
                0x08006686                ITOnDMA
 .text.startup  0x080066bc       0x74 ./release/main.o
                0x080066bc                main
 .text          0x08006730      0x334 ./release/signalfilter.o
                0x08006730                signalTraitementInit
                0x0800676c                squaredRootHouseMade
                0x080067a0                signalProcessing
 *fill*         0x08006a64        0x4 
 .text          0x08006a68     0x20d0 ../drivers\libDrivers_STM32F103_107_Jan_2013.a(timer_1234.o)
                0x08006a68                Timer_1234_Init
                0x08006c80                Active_IT_Debordement_Timer
                0x08006e58                Active_IT_Compare_Timer
                0x08007380                PWM_Init
                0x08007590                PWM_Complementaire_Timer1
                0x0800763c                Timer_Inc_Init
                0x08007818                Capture_Init
                0x08007c78                TIM1_CC_IRQHandler
                0x08007fb8                TIM1_UP_IRQHandler
                0x08008000                TIM2_IRQHandler
                0x08008324                TIM3_IRQHandler
                0x080086d8                TIM4_IRQHandler
                0x08008a8c                Lire_Duree_Pulse
 .text          0x08008b38      0x25c ../drivers\libDrivers_STM32F103_107_Jan_2013.a(gpio.o)
                0x08008b38                GPIO_Configure
 *fill*         0x08008d94        0x4 
 .text          0x08008d98      0x860 ../drivers\libDrivers_STM32F103_107_Jan_2013.a(adc_dma.o)
                0x08008d98                Init_TimingADC_ActiveADC
                0x08009070                Single_Channel_ADC
                0x080090a0                Init_MultiChan_Regular
                0x08009224                Init_Conversion_On_Trig_Timer
                0x08009310                Init_IT_ADC_EOC
                0x0800938c                ADC_IRQHandler
                0x08009400                Init_IT_End_Of_DMA1
                0x0800945c                DMAChannel1_IRQHandler
                0x08009488                Init_ADC1_DMA1
                0x08009538                Start_DMA1
                0x08009588                Wait_On_EOC_ADC
                0x080095c0                Wait_On_End_Of_DMA1
 .text          0x080095f8      0x370 c:/program files (x86)/codesourcery/sourcery g++ lite/bin/../lib/gcc/arm-none-eabi/4.7.3/thumb2\libgcc.a(_arm_addsubdf3.o)
                0x080095f8                __aeabi_drsub
                0x08009600                __aeabi_dsub
                0x08009600                __subdf3
                0x08009604                __aeabi_dadd
                0x08009604                __adddf3
                0x0800987c                __floatunsidf
                0x0800987c                __aeabi_ui2d
                0x0800989c                __floatsidf
                0x0800989c                __aeabi_i2d
                0x080098c0                __aeabi_f2d
                0x080098c0                __extendsfdf2
                0x080098fc                __floatundidf
                0x080098fc                __aeabi_ul2d
                0x0800990c                __floatdidf
                0x0800990c                __aeabi_l2d
 .text          0x08009968      0x424 c:/program files (x86)/codesourcery/sourcery g++ lite/bin/../lib/gcc/arm-none-eabi/4.7.3/thumb2\libgcc.a(_arm_muldivdf3.o)
                0x08009968                __aeabi_dmul
                0x08009968                __muldf3
                0x08009bbc                __divdf3
                0x08009bbc                __aeabi_ddiv
 .text          0x08009d8c       0x50 c:/program files (x86)/codesourcery/sourcery g++ lite/bin/../lib/gcc/arm-none-eabi/4.7.3/thumb2\libgcc.a(_arm_fixdfsi.o)
                0x08009d8c                __aeabi_d2iz
                0x08009d8c                __fixdfsi
 .text          0x08009ddc       0xa0 c:/program files (x86)/codesourcery/sourcery g++ lite/bin/../lib/gcc/arm-none-eabi/4.7.3/thumb2\libgcc.a(_arm_truncdfsf2.o)
                0x08009ddc                __truncdfsf2
                0x08009ddc                __aeabi_d2f
 .text          0x08009e7c      0x21c c:/program files (x86)/codesourcery/sourcery g++ lite/bin/../lib/gcc/arm-none-eabi/4.7.3/thumb2\libgcc.a(_arm_addsubsf3.o)
                0x08009e7c                __aeabi_frsub
                0x08009e84                __subsf3
                0x08009e84                __aeabi_fsub
                0x08009e88                __aeabi_fadd
                0x08009e88                __addsf3
                0x08009fe8                __aeabi_ui2f
                0x08009fe8                __floatunsisf
                0x08009ff0                __aeabi_i2f
                0x08009ff0                __floatsisf
                0x0800a00c                __aeabi_ul2f
                0x0800a00c                __floatundisf
                0x0800a01c                __aeabi_l2f
                0x0800a01c                __floatdisf
 .text          0x0800a098      0x2a0 c:/program files (x86)/codesourcery/sourcery g++ lite/bin/../lib/gcc/arm-none-eabi/4.7.3/thumb2\libgcc.a(_arm_muldivsf3.o)
                0x0800a098                __mulsf3
                0x0800a098                __aeabi_fmul
                0x0800a200                __aeabi_fdiv
                0x0800a200                __divsf3
 .text          0x0800a338       0xec c:/program files (x86)/codesourcery/sourcery g++ lite/bin/../lib/gcc/arm-none-eabi/4.7.3/thumb2\libgcc.a(_arm_cmpsf2.o)
                0x0800a338                __gesf2
                0x0800a338                __gtsf2
                0x0800a340                __lesf2
                0x0800a340                __ltsf2
                0x0800a348                __nesf2
                0x0800a348                __eqsf2
                0x0800a348                __cmpsf2
                0x0800a3a8                __aeabi_cfrcmple
                0x0800a3b0                __aeabi_cfcmpeq
                0x0800a3b0                __aeabi_cfcmple
                0x0800a3c0                __aeabi_fcmpeq
                0x0800a3d4                __aeabi_fcmplt
                0x0800a3e8                __aeabi_fcmple
                0x0800a3fc                __aeabi_fcmpge
                0x0800a410                __aeabi_fcmpgt
 .text          0x0800a424       0x4c c:/program files (x86)/codesourcery/sourcery g++ lite/bin/../lib/gcc/arm-none-eabi/4.7.3/thumb2\libgcc.a(_arm_fixsfsi.o)
                0x0800a424                __aeabi_f2iz
                0x0800a424                __fixsfsi
 .text          0x0800a470       0x40 c:/program files (x86)/codesourcery/sourcery g++ lite/bin/../lib/gcc/arm-none-eabi/4.7.3/thumb2\libgcc.a(_arm_fixunssfsi.o)
                0x0800a470                __fixunssfsi
                0x0800a470                __aeabi_f2uiz
 *(.init)
 *(.fini)
 *crtbegin.o(.ctors)
 *crtbegin?.o(.ctors)
 *(EXCLUDE_FILE(*crtend.o *crtend?.o) .ctors)
 *(SORT(.ctors.*))
 *(.ctors)
 *crtbegin.o(.dtors)
 *crtbegin?.o(.dtors)
 *(EXCLUDE_FILE(*crtend.o *crtend?.o) .dtors)
 *(SORT(.dtors.*))
 *(.dtors)
 *(.rodata*)
 .rodata.str1.1
                0x0800a4b0       0x1a ./release/xprintf.o
 .rodata        0x0800a4ca       0xb1 ./release/usb_desc.o
                0x0800a4ca                Virtual_Com_Port_StringProduct
                0x0800a4fc                Virtual_Com_Port_StringVendor
                0x0800a522                Virtual_Com_Port_StringLangID
                0x0800a526                Virtual_Com_Port_ConfigDescriptor
                0x0800a569                Virtual_Com_Port_DeviceDescriptor
 *fill*         0x0800a57b        0x1 
 .rodata        0x0800a57c     0x2810 ./release/signalfilter.o
                0x0800a58c                cos_39500
                0x0800a98c                cos_40000
                0x0800ad8c                cos_40500
                0x0800b18c                cos_41000
                0x0800b58c                sin_39500
                0x0800b98c                sin_40000
                0x0800bd8c                sin_40500
                0x0800c18c                sin_41000
                0x0800c58c                sin_39000
                0x0800c98c                cos_39000
 *(.eh_frame*)

.glue_7         0x0800cd8c        0x0
 .glue_7        0x00000000        0x0 linker stubs

.glue_7t        0x0800cd8c        0x0
 .glue_7t       0x00000000        0x0 linker stubs

.vfp11_veneer   0x0800cd8c        0x0
 .vfp11_veneer  0x00000000        0x0 linker stubs

.v4_bx          0x0800cd8c        0x0
 .v4_bx         0x00000000        0x0 linker stubs

.iplt           0x0800cd8c        0x0
 .iplt          0x00000000        0x0 ./release/startup-gcc.o

.rel.dyn        0x0800cd8c        0x0
 .rel.iplt      0x00000000        0x0 ./release/startup-gcc.o

.ARM.extab
 *(.ARM.extab* .gnu.linkonce.armextab.*)
                0x0800cd8c                __exidx_start = .

.ARM.exidx
 *(.ARM.exidx* .gnu.linkonce.armexidx.*)
                0x0800cd8c                __exidx_end = .
                0x0800cd8c                __etext = .

.data           0x20000000       0xfc load address 0x0800cd8c
                0x20000000                __data_start__ = .
 *(vtable)
 *(.data*)
 .data          0x20000000        0x0 ./release/startup-gcc.o
 .data          0x20000000        0x0 ./release/clock.o
 .data          0x20000000        0x0 ./release/usart.o
 .data          0x20000000        0x0 ./release/xprintf.o
 .data          0x20000000        0x0 ./release/misc.o
 .data          0x20000000        0x0 ./release/stm32f10x_adc.o
 .data          0x20000000        0x0 ./release/stm32f10x_bkp.o
 .data          0x20000000        0x0 ./release/stm32f10x_can.o
 .data          0x20000000        0x0 ./release/stm32f10x_cec.o
 .data          0x20000000        0x0 ./release/stm32f10x_crc.o
 .data          0x20000000        0x0 ./release/stm32f10x_dac.o
 .data          0x20000000        0x0 ./release/stm32f10x_dbgmcu.o
 .data          0x20000000        0x0 ./release/stm32f10x_dma.o
 .data          0x20000000        0x0 ./release/stm32f10x_exti.o
 .data          0x20000000        0x0 ./release/stm32f10x_flash.o
 .data          0x20000000        0x0 ./release/stm32f10x_fsmc.o
 .data          0x20000000        0x0 ./release/stm32f10x_gpio.o
 .data          0x20000000        0x0 ./release/stm32f10x_i2c.o
 .data          0x20000000        0x0 ./release/stm32f10x_iwdg.o
 .data          0x20000000        0x0 ./release/stm32f10x_pwr.o
 .data          0x20000000       0x14 ./release/stm32f10x_rcc.o
 .data          0x20000014        0x0 ./release/stm32f10x_rtc.o
 .data          0x20000014        0x0 ./release/stm32f10x_sdio.o
 .data          0x20000014        0x0 ./release/stm32f10x_spi.o
 .data          0x20000014        0x0 ./release/stm32f10x_tim.o
 .data          0x20000014        0x0 ./release/stm32f10x_usart.o
 .data          0x20000014        0x0 ./release/stm32f10x_wwdg.o
 .data          0x20000014        0x0 ./release/hw_config.o
 .data          0x20000014        0x0 ./release/otgd_fs_cal.o
 .data          0x20000014        0x0 ./release/otgd_fs_dev.o
 .data          0x20000014        0x0 ./release/otgd_fs_int.o
 .data          0x20000014        0x0 ./release/otgd_fs_pcd.o
 .data          0x20000014        0x0 ./release/stm32f10x_it.o
 .data          0x20000014        0x0 ./release/usb_core.o
 .data          0x20000014       0x1a ./release/usb_desc.o
                0x20000014                Virtual_Com_Port_StringSerial
 .data          0x2000002e        0x0 ./release/usb_endp.o
 .data          0x2000002e        0x0 ./release/usb_init.o
 .data          0x2000002e        0x0 ./release/usb_int.o
 *fill*         0x2000002e        0x2 
 .data          0x20000030       0x38 ./release/usb_istr.o
                0x20000030                pEpInt_OUT
                0x2000004c                pEpInt_IN
 .data          0x20000068        0x0 ./release/usb_mem.o
 .data          0x20000068       0x90 ./release/usb_prop.o
                0x20000068                linecoding
                0x20000070                String_Descriptor
                0x20000090                Config_Descriptor
                0x20000098                Device_Descriptor
                0x200000a0                Device_Property
                0x200000d0                User_Standard_Requests
                0x200000f4                Device_Table
 .data          0x200000f8        0x1 ./release/usb_pwr.o
                0x200000f8                fSuspendEnabled
 .data          0x200000f9        0x0 ./release/usb_regs.o
 .data          0x200000f9        0x0 ./release/usb_sil.o
 .data          0x200000f9        0x0 ./release/lib_crc.o
 .data          0x200000f9        0x0 ./release/sampleacquisition.o
 .data          0x200000f9        0x0 ./release/uartcomm.o
 .data          0x200000f9        0x0 ./release/usbcomm.o
 .data          0x200000f9        0x0 ./release/serialframe.o
 .data          0x200000f9        0x0 ./release/main.o
 .data          0x200000f9        0x0 ./release/signalfilter.o
 .data          0x200000f9        0x0 ../drivers\libDrivers_STM32F103_107_Jan_2013.a(timer_1234.o)
 .data          0x200000f9        0x0 ../drivers\libDrivers_STM32F103_107_Jan_2013.a(gpio.o)
 .data          0x200000f9        0x0 ../drivers\libDrivers_STM32F103_107_Jan_2013.a(adc_dma.o)
 .data          0x200000f9        0x0 c:/program files (x86)/codesourcery/sourcery g++ lite/bin/../lib/gcc/arm-none-eabi/4.7.3/thumb2\libgcc.a(_arm_addsubdf3.o)
 .data          0x200000f9        0x0 c:/program files (x86)/codesourcery/sourcery g++ lite/bin/../lib/gcc/arm-none-eabi/4.7.3/thumb2\libgcc.a(_arm_muldivdf3.o)
 .data          0x200000f9        0x0 c:/program files (x86)/codesourcery/sourcery g++ lite/bin/../lib/gcc/arm-none-eabi/4.7.3/thumb2\libgcc.a(_arm_fixdfsi.o)
 .data          0x200000f9        0x0 c:/program files (x86)/codesourcery/sourcery g++ lite/bin/../lib/gcc/arm-none-eabi/4.7.3/thumb2\libgcc.a(_arm_truncdfsf2.o)
 .data          0x200000f9        0x0 c:/program files (x86)/codesourcery/sourcery g++ lite/bin/../lib/gcc/arm-none-eabi/4.7.3/thumb2\libgcc.a(_arm_addsubsf3.o)
 .data          0x200000f9        0x0 c:/program files (x86)/codesourcery/sourcery g++ lite/bin/../lib/gcc/arm-none-eabi/4.7.3/thumb2\libgcc.a(_arm_muldivsf3.o)
 .data          0x200000f9        0x0 c:/program files (x86)/codesourcery/sourcery g++ lite/bin/../lib/gcc/arm-none-eabi/4.7.3/thumb2\libgcc.a(_arm_cmpsf2.o)
 .data          0x200000f9        0x0 c:/program files (x86)/codesourcery/sourcery g++ lite/bin/../lib/gcc/arm-none-eabi/4.7.3/thumb2\libgcc.a(_arm_fixsfsi.o)
 .data          0x200000f9        0x0 c:/program files (x86)/codesourcery/sourcery g++ lite/bin/../lib/gcc/arm-none-eabi/4.7.3/thumb2\libgcc.a(_arm_fixunssfsi.o)
                0x200000fc                . = ALIGN (0x4)
 *fill*         0x200000f9        0x3 
                0x200000fc                PROVIDE (__preinit_array_start, .)
 *(.preinit_array)
                0x200000fc                PROVIDE (__preinit_array_end, .)
                0x200000fc                . = ALIGN (0x4)
                0x200000fc                PROVIDE (__init_array_start, .)
 *(SORT(.init_array.*))
 *(.init_array)
                0x200000fc                PROVIDE (__init_array_end, .)
                0x200000fc                . = ALIGN (0x4)
                0x200000fc                PROVIDE (__fini_array_start, .)
 *(SORT(.fini_array.*))
 *(.fini_array)
                0x200000fc                PROVIDE (__fini_array_end, .)
                0x200000fc                . = ALIGN (0x4)
                0x200000fc                __data_end__ = .

.igot.plt       0x200000fc        0x0 load address 0x0800ce88
 .igot.plt      0x00000000        0x0 ./release/startup-gcc.o

.bss            0x200000fc     0x2271 load address 0x0800ce88
                0x200000fc                __bss_start__ = .
 *(.bss*)
 .bss           0x200000fc        0x0 ./release/startup-gcc.o
 .bss           0x200000fc        0x0 ./release/clock.o
 .bss           0x200000fc        0x0 ./release/usart.o
 .bss           0x200000fc        0x4 ./release/xprintf.o
 .bss           0x20000100        0x0 ./release/misc.o
 .bss           0x20000100        0x0 ./release/stm32f10x_adc.o
 .bss           0x20000100        0x0 ./release/stm32f10x_bkp.o
 .bss           0x20000100        0x0 ./release/stm32f10x_can.o
 .bss           0x20000100        0x0 ./release/stm32f10x_cec.o
 .bss           0x20000100        0x0 ./release/stm32f10x_crc.o
 .bss           0x20000100        0x0 ./release/stm32f10x_dac.o
 .bss           0x20000100        0x0 ./release/stm32f10x_dbgmcu.o
 .bss           0x20000100        0x0 ./release/stm32f10x_dma.o
 .bss           0x20000100        0x0 ./release/stm32f10x_exti.o
 .bss           0x20000100        0x0 ./release/stm32f10x_flash.o
 .bss           0x20000100        0x0 ./release/stm32f10x_fsmc.o
 .bss           0x20000100        0x0 ./release/stm32f10x_gpio.o
 .bss           0x20000100        0x0 ./release/stm32f10x_i2c.o
 .bss           0x20000100        0x0 ./release/stm32f10x_iwdg.o
 .bss           0x20000100        0x0 ./release/stm32f10x_pwr.o
 .bss           0x20000100        0x0 ./release/stm32f10x_rcc.o
 .bss           0x20000100        0x0 ./release/stm32f10x_rtc.o
 .bss           0x20000100        0x0 ./release/stm32f10x_sdio.o
 .bss           0x20000100        0x0 ./release/stm32f10x_spi.o
 .bss           0x20000100        0x0 ./release/stm32f10x_tim.o
 .bss           0x20000100        0x0 ./release/stm32f10x_usart.o
 .bss           0x20000100        0x0 ./release/stm32f10x_wwdg.o
 .bss           0x20000100       0x1c ./release/hw_config.o
                0x20000100                USART_Tx_ptr_in
                0x20000104                USART_Tx_length
                0x20000108                USART_Tx_ptr_out
                0x2000010c                USB_Tx_State
                0x20000110                USART_Rx_ptr_out
                0x20000114                USART_Rx_ptr_in
                0x20000118                USART_Rx_length
 .bss           0x2000011c        0x0 ./release/otgd_fs_cal.o
 .bss           0x2000011c        0x0 ./release/otgd_fs_dev.o
 .bss           0x2000011c        0x0 ./release/otgd_fs_int.o
 .bss           0x2000011c        0x0 ./release/otgd_fs_pcd.o
 .bss           0x2000011c        0x0 ./release/stm32f10x_it.o
 .bss           0x2000011c        0x1 ./release/usb_core.o
                0x2000011c                Data_Mul_MaxPacketSize
 .bss           0x2000011d        0x0 ./release/usb_desc.o
 *fill*         0x2000011d        0x3 
 .bss           0x20000120        0x4 ./release/usb_endp.o
 .bss           0x20000124        0x0 ./release/usb_init.o
 .bss           0x20000124        0x0 ./release/usb_int.o
 .bss           0x20000124        0x1 ./release/usb_istr.o
                0x20000124                bIntPackSOF
 .bss           0x20000125        0x0 ./release/usb_mem.o
 .bss           0x20000125        0x1 ./release/usb_prop.o
                0x20000125                Request
 *fill*         0x20000126        0x2 
 .bss           0x20000128        0x4 ./release/usb_pwr.o
                0x20000128                bDeviceState
 .bss           0x2000012c        0x0 ./release/usb_regs.o
 .bss           0x2000012c        0x0 ./release/usb_sil.o
 .bss           0x2000012c      0xc14 ./release/lib_crc.o
 .bss           0x20000d40        0x1 ./release/sampleacquisition.o
                0x20000d40                idSample
 .bss           0x20000d41        0x0 ./release/uartcomm.o
 .bss           0x20000d41        0x0 ./release/usbcomm.o
 *fill*         0x20000d41        0x1 
 .bss           0x20000d42        0x2 ./release/serialframe.o
                0x20000d42                currentUsartSeqNum
 .bss           0x20000d44        0x4 ./release/main.o
                0x20000d44                idInSignal
                0x20000d45                idInBlocks
                0x20000d46                readyToProcess
                0x20000d47                test2
 .bss           0x20000d48       0x78 ./release/signalfilter.o
 .bss           0x20000dc0       0x90 ../drivers\libDrivers_STM32F103_107_Jan_2013.a(timer_1234.o)
 .bss           0x20000e50        0x0 ../drivers\libDrivers_STM32F103_107_Jan_2013.a(gpio.o)
 .bss           0x20000e50        0xc ../drivers\libDrivers_STM32F103_107_Jan_2013.a(adc_dma.o)
 .bss           0x20000e5c        0x0 c:/program files (x86)/codesourcery/sourcery g++ lite/bin/../lib/gcc/arm-none-eabi/4.7.3/thumb2\libgcc.a(_arm_addsubdf3.o)
 .bss           0x20000e5c        0x0 c:/program files (x86)/codesourcery/sourcery g++ lite/bin/../lib/gcc/arm-none-eabi/4.7.3/thumb2\libgcc.a(_arm_muldivdf3.o)
 .bss           0x20000e5c        0x0 c:/program files (x86)/codesourcery/sourcery g++ lite/bin/../lib/gcc/arm-none-eabi/4.7.3/thumb2\libgcc.a(_arm_fixdfsi.o)
 .bss           0x20000e5c        0x0 c:/program files (x86)/codesourcery/sourcery g++ lite/bin/../lib/gcc/arm-none-eabi/4.7.3/thumb2\libgcc.a(_arm_truncdfsf2.o)
 .bss           0x20000e5c        0x0 c:/program files (x86)/codesourcery/sourcery g++ lite/bin/../lib/gcc/arm-none-eabi/4.7.3/thumb2\libgcc.a(_arm_addsubsf3.o)
 .bss           0x20000e5c        0x0 c:/program files (x86)/codesourcery/sourcery g++ lite/bin/../lib/gcc/arm-none-eabi/4.7.3/thumb2\libgcc.a(_arm_muldivsf3.o)
 .bss           0x20000e5c        0x0 c:/program files (x86)/codesourcery/sourcery g++ lite/bin/../lib/gcc/arm-none-eabi/4.7.3/thumb2\libgcc.a(_arm_cmpsf2.o)
 .bss           0x20000e5c        0x0 c:/program files (x86)/codesourcery/sourcery g++ lite/bin/../lib/gcc/arm-none-eabi/4.7.3/thumb2\libgcc.a(_arm_fixsfsi.o)
 .bss           0x20000e5c        0x0 c:/program files (x86)/codesourcery/sourcery g++ lite/bin/../lib/gcc/arm-none-eabi/4.7.3/thumb2\libgcc.a(_arm_fixunssfsi.o)
 *(COMMON)
 COMMON         0x20000e5c        0xc ./release/usart.o
                0x20000e5c                PTR_Function_USART1
                0x20000e60                PTR_Function_USART2
                0x20000e64                PTR_Function_USART3
 COMMON         0x20000e68        0x8 ./release/xprintf.o
                0x20000e68                xfunc_in
                0x20000e6c                xfunc_out
 COMMON         0x20000e70     0x1014 ./release/hw_config.o
                0x20000e70                HSEStartUpStatus
                0x20000e71                USART_Tx_Buffer
                0x20001671                USART_Rx_Buffer
                0x20001e74                USART_InitStructure
 COMMON         0x20001e84        0x2 ./release/usb_core.o
                0x20001e84                StatusInfo
 COMMON         0x20001e86       0x80 ./release/usb_endp.o
                0x20001e86                USB_Tx_Buffer
                0x20001ec6                USB_Rx_Buffer
 *fill*         0x20001f06        0x2 
 COMMON         0x20001f08       0x32 ./release/usb_init.o
                0x20001f08                SaveState
                0x20001f0c                pProperty
                0x20001f10                EPindex
                0x20001f14                Device_Info
                0x20001f30                pUser_Standard_Requests
                0x20001f34                pInformation
                0x20001f38                wInterrupt_Mask
 COMMON         0x20001f3a        0x4 ./release/usb_int.o
                0x20001f3a                SaveRState
                0x20001f3c                SaveTState
 COMMON         0x20001f3e        0x2 ./release/usb_istr.o
                0x20001f3e                wIstr
 COMMON         0x20001f40        0x2 ./release/usb_pwr.o
                0x20001f40                ResumeS
 *fill*         0x20001f42        0x2 
 COMMON         0x20001f44      0x404 ./release/sampleacquisition.o
                0x20001f44                adcBuffer
                0x20002344                sampleTime
 COMMON         0x20002348       0x15 ./release/serialframe.o
                0x20002348                converted
 COMMON         0x2000235d       0x10 ../drivers\libDrivers_STM32F103_107_Jan_2013.a(timer_1234.o)
                0x2000235d                Enable_Fct_IT_Compare_Match_TIM3_Voie1
                0x2000235e                Enable_Fct_IT_Compare_Match_TIM1_Voie3
                0x2000235f                Enable_Fct_IT_Compare_Match_TIM2_Voie1
                0x20002360                Enable_Fct_IT_Compare_Match_TIM4_Voie3
                0x20002361                Enable_Fct_IT_Compare_Match_TIM1_Voie1
                0x20002362                Enable_Fct_IT_Compare_Match_TIM3_Voie4
                0x20002363                Enable_Fct_IT_Compare_Match_TIM4_Voie1
                0x20002364                Enable_Fct_IT_Compare_Match_TIM3_Voie2
                0x20002365                Enable_Fct_IT_Compare_Match_TIM2_Voie3
                0x20002366                Enable_Fct_IT_Compare_Match_TIM1_Voie4
                0x20002367                Enable_Fct_IT_Compare_Match_TIM4_Voie4
                0x20002368                Enable_Fct_IT_Compare_Match_TIM2_Voie4
                0x20002369                Enable_Fct_IT_Compare_Match_TIM3_Voie3
                0x2000236a                Enable_Fct_IT_Compare_Match_TIM2_Voie2
                0x2000236b                Enable_Fct_IT_Compare_Match_TIM1_Voie2
                0x2000236c                Enable_Fct_IT_Compare_Match_TIM4_Voie2
                0x2000236d                __bss_end__ = .

.heap           0x20002370      0x800
                0x20002370                __end__ = .
                0x20002370                end = __end__
                0x20002370                _end = __end__
 *(.heap*)
 .heap          0x20002370      0x800 ./release/startup-gcc.o
                0x20002370                __HeapBase
                0x20002b70                __HeapLimit = .

.stack_dummy    0x20002370      0xc00
 *(.stack)
 .stack         0x20002370      0xc00 ./release/startup-gcc.o
                0x20005000                __StackTop = (ORIGIN (RAM) + 0x5000)
                0x20004400                __StackLimit = (__StackTop - SIZEOF (.stack_dummy))
                0x20005000                PROVIDE (__stack, __StackTop)
                0x00000001                ASSERT ((__StackLimit >= __HeapLimit), region RAM overflowed with stack)
OUTPUT(./release/firmware_receiver_STM32.elf elf32-littlearm)

.ARM.attributes
                0x00000000       0x2f
 .ARM.attributes
                0x00000000       0x21 ./release/startup-gcc.o
 .ARM.attributes
                0x00000021       0x33 ./release/clock.o
 .ARM.attributes
                0x00000054       0x33 ./release/usart.o
 .ARM.attributes
                0x00000087       0x33 ./release/xprintf.o
 .ARM.attributes
                0x000000ba       0x33 ./release/misc.o
 .ARM.attributes
                0x000000ed       0x33 ./release/stm32f10x_adc.o
 .ARM.attributes
                0x00000120       0x33 ./release/stm32f10x_bkp.o
 .ARM.attributes
                0x00000153       0x33 ./release/stm32f10x_can.o
 .ARM.attributes
                0x00000186       0x33 ./release/stm32f10x_cec.o
 .ARM.attributes
                0x000001b9       0x33 ./release/stm32f10x_crc.o
 .ARM.attributes
                0x000001ec       0x33 ./release/stm32f10x_dac.o
 .ARM.attributes
                0x0000021f       0x33 ./release/stm32f10x_dbgmcu.o
 .ARM.attributes
                0x00000252       0x33 ./release/stm32f10x_dma.o
 .ARM.attributes
                0x00000285       0x33 ./release/stm32f10x_exti.o
 .ARM.attributes
                0x000002b8       0x33 ./release/stm32f10x_flash.o
 .ARM.attributes
                0x000002eb       0x33 ./release/stm32f10x_fsmc.o
 .ARM.attributes
                0x0000031e       0x33 ./release/stm32f10x_gpio.o
 .ARM.attributes
                0x00000351       0x33 ./release/stm32f10x_i2c.o
 .ARM.attributes
                0x00000384       0x33 ./release/stm32f10x_iwdg.o
 .ARM.attributes
                0x000003b7       0x33 ./release/stm32f10x_pwr.o
 .ARM.attributes
                0x000003ea       0x33 ./release/stm32f10x_rcc.o
 .ARM.attributes
                0x0000041d       0x33 ./release/stm32f10x_rtc.o
 .ARM.attributes
                0x00000450       0x33 ./release/stm32f10x_sdio.o
 .ARM.attributes
                0x00000483       0x33 ./release/stm32f10x_spi.o
 .ARM.attributes
                0x000004b6       0x33 ./release/stm32f10x_tim.o
 .ARM.attributes
                0x000004e9       0x33 ./release/stm32f10x_usart.o
 .ARM.attributes
                0x0000051c       0x33 ./release/stm32f10x_wwdg.o
 .ARM.attributes
                0x0000054f       0x33 ./release/hw_config.o
 .ARM.attributes
                0x00000582       0x33 ./release/otgd_fs_cal.o
 .ARM.attributes
                0x000005b5       0x33 ./release/otgd_fs_dev.o
 .ARM.attributes
                0x000005e8       0x33 ./release/otgd_fs_int.o
 .ARM.attributes
                0x0000061b       0x33 ./release/otgd_fs_pcd.o
 .ARM.attributes
                0x0000064e       0x33 ./release/stm32f10x_it.o
 .ARM.attributes
                0x00000681       0x33 ./release/usb_core.o
 .ARM.attributes
                0x000006b4       0x33 ./release/usb_desc.o
 .ARM.attributes
                0x000006e7       0x33 ./release/usb_endp.o
 .ARM.attributes
                0x0000071a       0x33 ./release/usb_init.o
 .ARM.attributes
                0x0000074d       0x33 ./release/usb_int.o
 .ARM.attributes
                0x00000780       0x33 ./release/usb_istr.o
 .ARM.attributes
                0x000007b3       0x33 ./release/usb_mem.o
 .ARM.attributes
                0x000007e6       0x33 ./release/usb_prop.o
 .ARM.attributes
                0x00000819       0x33 ./release/usb_pwr.o
 .ARM.attributes
                0x0000084c       0x33 ./release/usb_regs.o
 .ARM.attributes
                0x0000087f       0x33 ./release/usb_sil.o
 .ARM.attributes
                0x000008b2       0x33 ./release/lib_crc.o
 .ARM.attributes
                0x000008e5       0x33 ./release/sampleacquisition.o
 .ARM.attributes
                0x00000918       0x33 ./release/uartcomm.o
 .ARM.attributes
                0x0000094b       0x33 ./release/usbcomm.o
 .ARM.attributes
                0x0000097e       0x33 ./release/serialframe.o
 .ARM.attributes
                0x000009b1       0x33 ./release/main.o
 .ARM.attributes
                0x000009e4       0x33 ./release/signalfilter.o
 .ARM.attributes
                0x00000a17       0x31 ../drivers\libDrivers_STM32F103_107_Jan_2013.a(timer_1234.o)
 .ARM.attributes
                0x00000a48       0x31 ../drivers\libDrivers_STM32F103_107_Jan_2013.a(gpio.o)
 .ARM.attributes
                0x00000a79       0x31 ../drivers\libDrivers_STM32F103_107_Jan_2013.a(adc_dma.o)
 .ARM.attributes
                0x00000aaa       0x19 c:/program files (x86)/codesourcery/sourcery g++ lite/bin/../lib/gcc/arm-none-eabi/4.7.3/thumb2\libgcc.a(_arm_addsubdf3.o)
 .ARM.attributes
                0x00000ac3       0x19 c:/program files (x86)/codesourcery/sourcery g++ lite/bin/../lib/gcc/arm-none-eabi/4.7.3/thumb2\libgcc.a(_arm_muldivdf3.o)
 .ARM.attributes
                0x00000adc       0x19 c:/program files (x86)/codesourcery/sourcery g++ lite/bin/../lib/gcc/arm-none-eabi/4.7.3/thumb2\libgcc.a(_arm_fixdfsi.o)
 .ARM.attributes
                0x00000af5       0x19 c:/program files (x86)/codesourcery/sourcery g++ lite/bin/../lib/gcc/arm-none-eabi/4.7.3/thumb2\libgcc.a(_arm_truncdfsf2.o)
 .ARM.attributes
                0x00000b0e       0x19 c:/program files (x86)/codesourcery/sourcery g++ lite/bin/../lib/gcc/arm-none-eabi/4.7.3/thumb2\libgcc.a(_arm_addsubsf3.o)
 .ARM.attributes
                0x00000b27       0x19 c:/program files (x86)/codesourcery/sourcery g++ lite/bin/../lib/gcc/arm-none-eabi/4.7.3/thumb2\libgcc.a(_arm_muldivsf3.o)
 .ARM.attributes
                0x00000b40       0x19 c:/program files (x86)/codesourcery/sourcery g++ lite/bin/../lib/gcc/arm-none-eabi/4.7.3/thumb2\libgcc.a(_arm_cmpsf2.o)
 .ARM.attributes
                0x00000b59       0x19 c:/program files (x86)/codesourcery/sourcery g++ lite/bin/../lib/gcc/arm-none-eabi/4.7.3/thumb2\libgcc.a(_arm_fixsfsi.o)
 .ARM.attributes
                0x00000b72       0x19 c:/program files (x86)/codesourcery/sourcery g++ lite/bin/../lib/gcc/arm-none-eabi/4.7.3/thumb2\libgcc.a(_arm_fixunssfsi.o)

.comment        0x00000000       0xb1
 .comment       0x00000000       0x30 ./release/clock.o
                                 0x31 (size before relaxing)
 .comment       0x00000000       0x31 ./release/usart.o
 .comment       0x00000000       0x31 ./release/xprintf.o
 .comment       0x00000000       0x31 ./release/misc.o
 .comment       0x00000000       0x31 ./release/stm32f10x_adc.o
 .comment       0x00000000       0x31 ./release/stm32f10x_bkp.o
 .comment       0x00000000       0x31 ./release/stm32f10x_can.o
 .comment       0x00000000       0x31 ./release/stm32f10x_cec.o
 .comment       0x00000000       0x31 ./release/stm32f10x_crc.o
 .comment       0x00000000       0x31 ./release/stm32f10x_dac.o
 .comment       0x00000000       0x31 ./release/stm32f10x_dbgmcu.o
 .comment       0x00000000       0x31 ./release/stm32f10x_dma.o
 .comment       0x00000000       0x31 ./release/stm32f10x_exti.o
 .comment       0x00000000       0x31 ./release/stm32f10x_flash.o
 .comment       0x00000000       0x31 ./release/stm32f10x_fsmc.o
 .comment       0x00000000       0x31 ./release/stm32f10x_gpio.o
 .comment       0x00000000       0x31 ./release/stm32f10x_i2c.o
 .comment       0x00000000       0x31 ./release/stm32f10x_iwdg.o
 .comment       0x00000000       0x31 ./release/stm32f10x_pwr.o
 .comment       0x00000000       0x31 ./release/stm32f10x_rcc.o
 .comment       0x00000000       0x31 ./release/stm32f10x_rtc.o
 .comment       0x00000000       0x31 ./release/stm32f10x_sdio.o
 .comment       0x00000000       0x31 ./release/stm32f10x_spi.o
 .comment       0x00000000       0x31 ./release/stm32f10x_tim.o
 .comment       0x00000000       0x31 ./release/stm32f10x_usart.o
 .comment       0x00000000       0x31 ./release/stm32f10x_wwdg.o
 .comment       0x00000000       0x31 ./release/hw_config.o
 .comment       0x00000000       0x31 ./release/otgd_fs_cal.o
 .comment       0x00000000       0x31 ./release/otgd_fs_dev.o
 .comment       0x00000000       0x31 ./release/otgd_fs_int.o
 .comment       0x00000000       0x31 ./release/otgd_fs_pcd.o
 .comment       0x00000000       0x31 ./release/stm32f10x_it.o
 .comment       0x00000000       0x31 ./release/usb_core.o
 .comment       0x00000000       0x31 ./release/usb_desc.o
 .comment       0x00000000       0x31 ./release/usb_endp.o
 .comment       0x00000000       0x31 ./release/usb_init.o
 .comment       0x00000000       0x31 ./release/usb_int.o
 .comment       0x00000000       0x31 ./release/usb_istr.o
 .comment       0x00000000       0x31 ./release/usb_mem.o
 .comment       0x00000000       0x31 ./release/usb_prop.o
 .comment       0x00000000       0x31 ./release/usb_pwr.o
 .comment       0x00000000       0x31 ./release/usb_regs.o
 .comment       0x00000000       0x31 ./release/usb_sil.o
 .comment       0x00000000       0x31 ./release/lib_crc.o
 .comment       0x00000000       0x31 ./release/sampleacquisition.o
 .comment       0x00000000       0x31 ./release/uartcomm.o
 .comment       0x00000000       0x31 ./release/usbcomm.o
 .comment       0x00000000       0x31 ./release/serialframe.o
 .comment       0x00000000       0x31 ./release/main.o
 .comment       0x00000000       0x31 ./release/signalfilter.o
 .comment       0x00000030       0x2b ../drivers\libDrivers_STM32F103_107_Jan_2013.a(timer_1234.o)
 .comment       0x0000005b       0x2b ../drivers\libDrivers_STM32F103_107_Jan_2013.a(gpio.o)
 .comment       0x00000086       0x2b ../drivers\libDrivers_STM32F103_107_Jan_2013.a(adc_dma.o)

.debug_line     0x00000000     0x7058
 .debug_line    0x00000000       0x91 ./release/startup-gcc.o
 .debug_line    0x00000091      0x13d ./release/clock.o
 .debug_line    0x000001ce      0x1b2 ./release/usart.o
 .debug_line    0x00000380      0x286 ./release/xprintf.o
 .debug_line    0x00000606      0x1c9 ./release/misc.o
 .debug_line    0x000007cf      0x321 ./release/stm32f10x_adc.o
 .debug_line    0x00000af0      0x1e7 ./release/stm32f10x_bkp.o
 .debug_line    0x00000cd7      0x3ee ./release/stm32f10x_can.o
 .debug_line    0x000010c5      0x21e ./release/stm32f10x_cec.o
 .debug_line    0x000012e3      0x1c3 ./release/stm32f10x_crc.o
 .debug_line    0x000014a6      0x21b ./release/stm32f10x_dac.o
 .debug_line    0x000016c1      0x1a7 ./release/stm32f10x_dbgmcu.o
 .debug_line    0x00001868      0x22a ./release/stm32f10x_dma.o
 .debug_line    0x00001a92      0x1fc ./release/stm32f10x_exti.o
 .debug_line    0x00001c8e      0x368 ./release/stm32f10x_flash.o
 .debug_line    0x00001ff6      0x327 ./release/stm32f10x_fsmc.o
 .debug_line    0x0000231d      0x2a1 ./release/stm32f10x_gpio.o
 .debug_line    0x000025be      0x309 ./release/stm32f10x_i2c.o
 .debug_line    0x000028c7      0x1b1 ./release/stm32f10x_iwdg.o
 .debug_line    0x00002a78      0x20c ./release/stm32f10x_pwr.o
 .debug_line    0x00002c84      0x2ae ./release/stm32f10x_rcc.o
 .debug_line    0x00002f32      0x204 ./release/stm32f10x_rtc.o
 .debug_line    0x00003136      0x29e ./release/stm32f10x_sdio.o
 .debug_line    0x000033d4      0x2d9 ./release/stm32f10x_spi.o
 .debug_line    0x000036ad      0x620 ./release/stm32f10x_tim.o
 .debug_line    0x00003ccd      0x310 ./release/stm32f10x_usart.o
 .debug_line    0x00003fdd      0x1d3 ./release/stm32f10x_wwdg.o
 .debug_line    0x000041b0      0x313 ./release/hw_config.o
 .debug_line    0x000044c3        0x0 ./release/otgd_fs_cal.o
 .debug_line    0x000044c3        0x0 ./release/otgd_fs_dev.o
 .debug_line    0x000044c3        0x0 ./release/otgd_fs_int.o
 .debug_line    0x000044c3        0x0 ./release/otgd_fs_pcd.o
 .debug_line    0x000044c3      0x16f ./release/stm32f10x_it.o
 .debug_line    0x00004632      0x3fe ./release/usb_core.o
 .debug_line    0x00004a30      0x113 ./release/usb_desc.o
 .debug_line    0x00004b43      0x1ca ./release/usb_endp.o
 .debug_line    0x00004d0d      0x172 ./release/usb_init.o
 .debug_line    0x00004e7f      0x1f3 ./release/usb_int.o
 .debug_line    0x00005072      0x19d ./release/usb_istr.o
 .debug_line    0x0000520f      0x159 ./release/usb_mem.o
 .debug_line    0x00005368      0x275 ./release/usb_prop.o
 .debug_line    0x000055dd      0x201 ./release/usb_pwr.o
 .debug_line    0x000057de      0x492 ./release/usb_regs.o
 .debug_line    0x00005c70      0x1a1 ./release/usb_sil.o
 .debug_line    0x00005e11       0xf2 ./release/lib_crc.o
 .debug_line    0x00005f03      0x15e ./release/sampleacquisition.o
 .debug_line    0x00006061      0x19f ./release/uartcomm.o
 .debug_line    0x00006200      0x1de ./release/usbcomm.o
 .debug_line    0x000063de      0x1aa ./release/serialframe.o
 .debug_line    0x00006588      0x1b6 ./release/main.o
 .debug_line    0x0000673e      0x357 ./release/signalfilter.o
 .debug_line    0x00006a95      0x2d3 ../drivers\libDrivers_STM32F103_107_Jan_2013.a(timer_1234.o)
 .debug_line    0x00006d68      0x134 ../drivers\libDrivers_STM32F103_107_Jan_2013.a(gpio.o)
 .debug_line    0x00006e9c      0x1bc ../drivers\libDrivers_STM32F103_107_Jan_2013.a(adc_dma.o)

.debug_info     0x00000000    0x15a02
 .debug_info    0x00000000       0x82 ./release/startup-gcc.o
 .debug_info    0x00000082      0x560 ./release/clock.o
 .debug_info    0x000005e2      0x6b3 ./release/usart.o
 .debug_info    0x00000c95      0x6f8 ./release/xprintf.o
 .debug_info    0x0000138d      0x592 ./release/misc.o
 .debug_info    0x0000191f      0xc97 ./release/stm32f10x_adc.o
 .debug_info    0x000025b6      0x8bd ./release/stm32f10x_bkp.o
 .debug_info    0x00002e73      0xce3 ./release/stm32f10x_can.o
 .debug_info    0x00003b56      0x493 ./release/stm32f10x_cec.o
 .debug_info    0x00003fe9      0x206 ./release/stm32f10x_crc.o
 .debug_info    0x000041ef      0x537 ./release/stm32f10x_dac.o
 .debug_info    0x00004726      0x15e ./release/stm32f10x_dbgmcu.o
 .debug_info    0x00004884      0x4a4 ./release/stm32f10x_dma.o
 .debug_info    0x00004d28      0x369 ./release/stm32f10x_exti.o
 .debug_info    0x00005091      0xaa9 ./release/stm32f10x_flash.o
 .debug_info    0x00005b3a      0x9aa ./release/stm32f10x_fsmc.o
 .debug_info    0x000064e4      0x838 ./release/stm32f10x_gpio.o
 .debug_info    0x00006d1c      0xc1e ./release/stm32f10x_i2c.o
 .debug_info    0x0000793a      0x203 ./release/stm32f10x_iwdg.o
 .debug_info    0x00007b3d      0x501 ./release/stm32f10x_pwr.o
 .debug_info    0x0000803e      0x93c ./release/stm32f10x_rcc.o
 .debug_info    0x0000897a      0x4b5 ./release/stm32f10x_rtc.o
 .debug_info    0x00008e2f      0x896 ./release/stm32f10x_sdio.o
 .debug_info    0x000096c5      0xa4d ./release/stm32f10x_spi.o
 .debug_info    0x0000a112     0x2299 ./release/stm32f10x_tim.o
 .debug_info    0x0000c3ab      0xb7d ./release/stm32f10x_usart.o
 .debug_info    0x0000cf28      0x299 ./release/stm32f10x_wwdg.o
 .debug_info    0x0000d1c1      0xb8b ./release/hw_config.o
 .debug_info    0x0000dd4c       0xbf ./release/stm32f10x_it.o
 .debug_info    0x0000de0b      0xf1e ./release/usb_core.o
 .debug_info    0x0000ed29      0x179 ./release/usb_desc.o
 .debug_info    0x0000eea2      0x328 ./release/usb_endp.o
 .debug_info    0x0000f1ca      0x495 ./release/usb_init.o
 .debug_info    0x0000f65f      0x1fb ./release/usb_int.o
 .debug_info    0x0000f85a      0x2ab ./release/usb_istr.o
 .debug_info    0x0000fb05      0x1c0 ./release/usb_mem.o
 .debug_info    0x0000fcc5      0xc6d ./release/usb_prop.o
 .debug_info    0x00010932      0x35b ./release/usb_pwr.o
 .debug_info    0x00010c8d      0xdeb ./release/usb_regs.o
 .debug_info    0x00011a78      0x295 ./release/usb_sil.o
 .debug_info    0x00011d0d      0x573 ./release/lib_crc.o
 .debug_info    0x00012280      0x51c ./release/sampleacquisition.o
 .debug_info    0x0001279c      0x4ff ./release/uartcomm.o
 .debug_info    0x00012c9b      0x4be ./release/usbcomm.o
 .debug_info    0x00013159      0x465 ./release/serialframe.o
 .debug_info    0x000135be      0x635 ./release/main.o
 .debug_info    0x00013bf3      0x58a ./release/signalfilter.o
 .debug_info    0x0001417d      0xbf9 ../drivers\libDrivers_STM32F103_107_Jan_2013.a(timer_1234.o)
 .debug_info    0x00014d76      0x266 ../drivers\libDrivers_STM32F103_107_Jan_2013.a(gpio.o)
 .debug_info    0x00014fdc      0xa26 ../drivers\libDrivers_STM32F103_107_Jan_2013.a(adc_dma.o)

.debug_abbrev   0x00000000     0x54e8
 .debug_abbrev  0x00000000       0x14 ./release/startup-gcc.o
 .debug_abbrev  0x00000014      0x125 ./release/clock.o
 .debug_abbrev  0x00000139      0x228 ./release/usart.o
 .debug_abbrev  0x00000361      0x278 ./release/xprintf.o
 .debug_abbrev  0x000005d9      0x152 ./release/misc.o
 .debug_abbrev  0x0000072b      0x213 ./release/stm32f10x_adc.o
 .debug_abbrev  0x0000093e      0x1b5 ./release/stm32f10x_bkp.o
 .debug_abbrev  0x00000af3      0x28b ./release/stm32f10x_can.o
 .debug_abbrev  0x00000d7e      0x200 ./release/stm32f10x_cec.o
 .debug_abbrev  0x00000f7e      0x141 ./release/stm32f10x_crc.o
 .debug_abbrev  0x000010bf      0x1ee ./release/stm32f10x_dac.o
 .debug_abbrev  0x000012ad       0xef ./release/stm32f10x_dbgmcu.o
 .debug_abbrev  0x0000139c      0x180 ./release/stm32f10x_dma.o
 .debug_abbrev  0x0000151c      0x17c ./release/stm32f10x_exti.o
 .debug_abbrev  0x00001698      0x227 ./release/stm32f10x_flash.o
 .debug_abbrev  0x000018bf      0x1c4 ./release/stm32f10x_fsmc.o
 .debug_abbrev  0x00001a83      0x20f ./release/stm32f10x_gpio.o
 .debug_abbrev  0x00001c92      0x1ec ./release/stm32f10x_i2c.o
 .debug_abbrev  0x00001e7e      0x112 ./release/stm32f10x_iwdg.o
 .debug_abbrev  0x00001f90      0x1d1 ./release/stm32f10x_pwr.o
 .debug_abbrev  0x00002161      0x209 ./release/stm32f10x_rcc.o
 .debug_abbrev  0x0000236a      0x1b7 ./release/stm32f10x_rtc.o
 .debug_abbrev  0x00002521      0x21f ./release/stm32f10x_sdio.o
 .debug_abbrev  0x00002740      0x218 ./release/stm32f10x_spi.o
 .debug_abbrev  0x00002958      0x301 ./release/stm32f10x_tim.o
 .debug_abbrev  0x00002c59      0x230 ./release/stm32f10x_usart.o
 .debug_abbrev  0x00002e89      0x15a ./release/stm32f10x_wwdg.o
 .debug_abbrev  0x00002fe3      0x340 ./release/hw_config.o
 .debug_abbrev  0x00003323       0x88 ./release/stm32f10x_it.o
 .debug_abbrev  0x000033ab      0x3ea ./release/usb_core.o
 .debug_abbrev  0x00003795       0x75 ./release/usb_desc.o
 .debug_abbrev  0x0000380a      0x183 ./release/usb_endp.o
 .debug_abbrev  0x0000398d      0x120 ./release/usb_init.o
 .debug_abbrev  0x00003aad       0xe5 ./release/usb_int.o
 .debug_abbrev  0x00003b92      0x118 ./release/usb_istr.o
 .debug_abbrev  0x00003caa       0xae ./release/usb_mem.o
 .debug_abbrev  0x00003d58      0x2ac ./release/usb_prop.o
 .debug_abbrev  0x00004004      0x1a4 ./release/usb_pwr.o
 .debug_abbrev  0x000041a8      0x20b ./release/usb_regs.o
 .debug_abbrev  0x000043b3      0x134 ./release/usb_sil.o
 .debug_abbrev  0x000044e7      0x16c ./release/lib_crc.o
 .debug_abbrev  0x00004653      0x1ba ./release/sampleacquisition.o
 .debug_abbrev  0x0000480d      0x193 ./release/uartcomm.o
 .debug_abbrev  0x000049a0      0x1e5 ./release/usbcomm.o
 .debug_abbrev  0x00004b85      0x178 ./release/serialframe.o
 .debug_abbrev  0x00004cfd      0x1d3 ./release/main.o
 .debug_abbrev  0x00004ed0      0x224 ./release/signalfilter.o
 .debug_abbrev  0x000050f4      0x18a ../drivers\libDrivers_STM32F103_107_Jan_2013.a(timer_1234.o)
 .debug_abbrev  0x0000527e       0xd0 ../drivers\libDrivers_STM32F103_107_Jan_2013.a(gpio.o)
 .debug_abbrev  0x0000534e      0x19a ../drivers\libDrivers_STM32F103_107_Jan_2013.a(adc_dma.o)

.debug_aranges  0x00000000      0x640
 .debug_aranges
                0x00000000       0x20 ./release/startup-gcc.o
 .debug_aranges
                0x00000020       0x20 ./release/clock.o
 .debug_aranges
                0x00000040       0x20 ./release/usart.o
 .debug_aranges
                0x00000060       0x20 ./release/xprintf.o
 .debug_aranges
                0x00000080       0x20 ./release/misc.o
 .debug_aranges
                0x000000a0       0x20 ./release/stm32f10x_adc.o
 .debug_aranges
                0x000000c0       0x20 ./release/stm32f10x_bkp.o
 .debug_aranges
                0x000000e0       0x20 ./release/stm32f10x_can.o
 .debug_aranges
                0x00000100       0x20 ./release/stm32f10x_cec.o
 .debug_aranges
                0x00000120       0x20 ./release/stm32f10x_crc.o
 .debug_aranges
                0x00000140       0x20 ./release/stm32f10x_dac.o
 .debug_aranges
                0x00000160       0x20 ./release/stm32f10x_dbgmcu.o
 .debug_aranges
                0x00000180       0x20 ./release/stm32f10x_dma.o
 .debug_aranges
                0x000001a0       0x20 ./release/stm32f10x_exti.o
 .debug_aranges
                0x000001c0       0x20 ./release/stm32f10x_flash.o
 .debug_aranges
                0x000001e0       0x20 ./release/stm32f10x_fsmc.o
 .debug_aranges
                0x00000200       0x20 ./release/stm32f10x_gpio.o
 .debug_aranges
                0x00000220       0x20 ./release/stm32f10x_i2c.o
 .debug_aranges
                0x00000240       0x20 ./release/stm32f10x_iwdg.o
 .debug_aranges
                0x00000260       0x20 ./release/stm32f10x_pwr.o
 .debug_aranges
                0x00000280       0x20 ./release/stm32f10x_rcc.o
 .debug_aranges
                0x000002a0       0x20 ./release/stm32f10x_rtc.o
 .debug_aranges
                0x000002c0       0x20 ./release/stm32f10x_sdio.o
 .debug_aranges
                0x000002e0       0x20 ./release/stm32f10x_spi.o
 .debug_aranges
                0x00000300       0x20 ./release/stm32f10x_tim.o
 .debug_aranges
                0x00000320       0x20 ./release/stm32f10x_usart.o
 .debug_aranges
                0x00000340       0x20 ./release/stm32f10x_wwdg.o
 .debug_aranges
                0x00000360       0x20 ./release/hw_config.o
 .debug_aranges