Archive member included because of file (symbol)

../drivers\libDrivers_STM32F103_107_Jan_2013.a(timer_1234.o)
                              ./release/main.o (Timer_1234_Init)
../drivers\libDrivers_STM32F103_107_Jan_2013.a(gpio.o)
                              ./release/sampleacquisition.o (GPIO_Configure)
../drivers\libDrivers_STM32F103_107_Jan_2013.a(adc_dma.o)
                              ./release/sampleacquisition.o (Init_TimingADC_ActiveADC)
c:/program files (x86)/codesourcery/sourcery g++ lite/bin/../lib/gcc/arm-none-eabi/4.7.3/thumb2\libgcc.a(_arm_addsubdf3.o)
                              ../drivers\libDrivers_STM32F103_107_Jan_2013.a(timer_1234.o) (__aeabi_dadd)
c:/program files (x86)/codesourcery/sourcery g++ lite/bin/../lib/gcc/arm-none-eabi/4.7.3/thumb2\libgcc.a(_arm_muldivdf3.o)
                              ../drivers\libDrivers_STM32F103_107_Jan_2013.a(timer_1234.o) (__aeabi_dmul)
c:/program files (x86)/codesourcery/sourcery g++ lite/bin/../lib/gcc/arm-none-eabi/4.7.3/thumb2\libgcc.a(_arm_truncdfsf2.o)
                              ../drivers\libDrivers_STM32F103_107_Jan_2013.a(timer_1234.o) (__aeabi_d2f)
c:/program files (x86)/codesourcery/sourcery g++ lite/bin/../lib/gcc/arm-none-eabi/4.7.3/thumb2\libgcc.a(_arm_addsubsf3.o)
                              ./release/usart.o (__aeabi_fsub)
c:/program files (x86)/codesourcery/sourcery g++ lite/bin/../lib/gcc/arm-none-eabi/4.7.3/thumb2\libgcc.a(_arm_muldivsf3.o)
                              ./release/usart.o (__aeabi_fmul)
c:/program files (x86)/codesourcery/sourcery g++ lite/bin/../lib/gcc/arm-none-eabi/4.7.3/thumb2\libgcc.a(_arm_cmpsf2.o)
                              ../drivers\libDrivers_STM32F103_107_Jan_2013.a(timer_1234.o) (__aeabi_fcmplt)
c:/program files (x86)/codesourcery/sourcery g++ lite/bin/../lib/gcc/arm-none-eabi/4.7.3/thumb2\libgcc.a(_arm_fixsfsi.o)
                              ../drivers\libDrivers_STM32F103_107_Jan_2013.a(timer_1234.o) (__aeabi_f2iz)
c:/program files (x86)/codesourcery/sourcery g++ lite/bin/../lib/gcc/arm-none-eabi/4.7.3/thumb2\libgcc.a(_arm_fixunssfsi.o)
                              ./release/usart.o (__aeabi_f2uiz)

Allocating common symbols
Common symbol       size              file

SaveRState          0x2               ./release/usb_int.o
Enable_Fct_IT_Compare_Match_TIM3_Voie1
                    0x1               ../drivers\libDrivers_STM32F103_107_Jan_2013.a(timer_1234.o)
Enable_Fct_IT_Compare_Match_TIM1_Voie3
                    0x1               ../drivers\libDrivers_STM32F103_107_Jan_2013.a(timer_1234.o)
Enable_Fct_IT_Compare_Match_TIM2_Voie1
                    0x1               ../drivers\libDrivers_STM32F103_107_Jan_2013.a(timer_1234.o)
HSEStartUpStatus    0x1               ./release/hw_config.o
Enable_Fct_IT_Compare_Match_TIM4_Voie3
                    0x1               ../drivers\libDrivers_STM32F103_107_Jan_2013.a(timer_1234.o)
adcBuffer           0x1400            ./release/sampleacquisition.o
SaveState           0x2               ./release/usb_init.o
Enable_Fct_IT_Compare_Match_TIM1_Voie1
                    0x1               ../drivers\libDrivers_STM32F103_107_Jan_2013.a(timer_1234.o)
converted           0x15              ./release/serialframe.o
Enable_Fct_IT_Compare_Match_TIM3_Voie4
                    0x1               ../drivers\libDrivers_STM32F103_107_Jan_2013.a(timer_1234.o)
USART_Tx_Buffer     0x800             ./release/hw_config.o
wIstr               0x2               ./release/usb_istr.o
pProperty           0x4               ./release/usb_init.o
PTR_Function_USART1
                    0x4               ./release/usart.o
Enable_Fct_IT_Compare_Match_TIM4_Voie1
                    0x1               ../drivers\libDrivers_STM32F103_107_Jan_2013.a(timer_1234.o)
EPindex             0x1               ./release/usb_init.o
Enable_Fct_IT_Compare_Match_TIM3_Voie2
                    0x1               ../drivers\libDrivers_STM32F103_107_Jan_2013.a(timer_1234.o)
Enable_Fct_IT_Compare_Match_TIM2_Voie3
                    0x1               ../drivers\libDrivers_STM32F103_107_Jan_2013.a(timer_1234.o)
Enable_Fct_IT_Compare_Match_TIM1_Voie4
                    0x1               ../drivers\libDrivers_STM32F103_107_Jan_2013.a(timer_1234.o)
USB_Tx_Buffer       0x40              ./release/usb_endp.o
SaveTState          0x2               ./release/usb_int.o
Enable_Fct_IT_Compare_Match_TIM4_Voie4
                    0x1               ../drivers\libDrivers_STM32F103_107_Jan_2013.a(timer_1234.o)
Device_Info         0x1c              ./release/usb_init.o
pUser_Standard_Requests
                    0x4               ./release/usb_init.o
USB_Rx_Buffer       0x40              ./release/usb_endp.o
Enable_Fct_IT_Compare_Match_TIM2_Voie4
                    0x1               ../drivers\libDrivers_STM32F103_107_Jan_2013.a(timer_1234.o)
serialText          0x32              ./release/main.o
sampleTime          0x4               ./release/sampleacquisition.o
[...]
Memory Configuration

Name             Origin             Length             Attributes
FLASH            0x08000000         0x00020000         xr
RAM              0x20000000         0x00005000         rw
*default*        0x00000000         0xffffffff

Linker script and memory map

LOAD ./release/startup-gcc.o
LOAD ./release/clock.o
LOAD ./release/usart.o
LOAD ./release/lib_crc.o
LOAD ./release/sampleacquisition.o
LOAD ./release/uartcomm.o
LOAD ./release/usbcomm.o
LOAD ./release/serialframe.o
LOAD ./release/main.o
LOAD ./release/misc.o
LOAD ./release/stm32f10x_adc.o
LOAD ./release/stm32f10x_bkp.o
LOAD ./release/stm32f10x_can.o
LOAD ./release/stm32f10x_cec.o
LOAD ./release/stm32f10x_crc.o
LOAD ./release/stm32f10x_dac.o
LOAD ./release/stm32f10x_dbgmcu.o
LOAD ./release/stm32f10x_dma.o
LOAD ./release/stm32f10x_exti.o
LOAD ./release/stm32f10x_flash.o
LOAD ./release/stm32f10x_fsmc.o
LOAD ./release/stm32f10x_gpio.o
LOAD ./release/stm32f10x_i2c.o
LOAD ./release/stm32f10x_iwdg.o
LOAD ./release/stm32f10x_pwr.o
LOAD ./release/stm32f10x_rcc.o
LOAD ./release/stm32f10x_rtc.o
LOAD ./release/stm32f10x_sdio.o
LOAD ./release/stm32f10x_spi.o
LOAD ./release/stm32f10x_tim.o
LOAD ./release/stm32f10x_usart.o
LOAD ./release/stm32f10x_wwdg.o
LOAD ./release/hw_config.o
LOAD ./release/otgd_fs_cal.o
LOAD ./release/otgd_fs_dev.o
LOAD ./release/otgd_fs_int.o
LOAD ./release/otgd_fs_pcd.o
LOAD ./release/stm32f10x_it.o
LOAD ./release/usb_core.o
LOAD ./release/usb_desc.o
LOAD ./release/usb_endp.o
LOAD ./release/usb_init.o
LOAD ./release/usb_int.o
LOAD ./release/usb_istr.o
LOAD ./release/usb_mem.o
LOAD ./release/usb_prop.o
LOAD ./release/usb_pwr.o
LOAD ./release/usb_regs.o
LOAD ./release/usb_sil.o
LOAD ../drivers\libDrivers_STM32F103_107_Jan_2013.a
LOAD c:/program files (x86)/codesourcery/sourcery g++ lite/bin/../lib/gcc/arm-none-eabi/4.7.3/../../../../arm-none-eabi/lib/thumb2\libm.a
START GROUP
LOAD c:/program files (x86)/codesourcery/sourcery g++ lite/bin/../lib/gcc/arm-none-eabi/4.7.3/thumb2\libgcc.a
LOAD c:/program files (x86)/codesourcery/sourcery g++ lite/bin/../lib/gcc/arm-none-eabi/4.7.3/../../../../arm-none-eabi/lib/thumb2\libc.a
END GROUP
START GROUP
LOAD c:/program files (x86)/codesourcery/sourcery g++ lite/bin/../lib/gcc/arm-none-eabi/4.7.3/thumb2\libgcc.a
LOAD c:/program files (x86)/codesourcery/sourcery g++ lite/bin/../lib/gcc/arm-none-eabi/4.7.3/../../../../arm-none-eabi/lib/thumb2\libc.a
LOAD c:/program files (x86)/codesourcery/sourcery g++ lite/bin/../lib/gcc/arm-none-eabi/4.7.3/../../../../arm-none-eabi/lib/thumb2\libm.a
END GROUP

.text           0x08000000     0x9c99
 *(.isr_vector)
 .isr_vector    0x08000000       0xec ./release/startup-gcc.o
                0x08000000                __isr_vector
 *(.text*)
 .text          0x080000ec       0x8c ./release/startup-gcc.o
                0x080000ec                Reset_Handler
                0x08000160                SystemInit
                0x08000162                NMI_Handler
                0x08000164                HardFault_Handler
                0x08000166                MemManage_Handler
                0x08000168                BusFault_Handler
                0x0800016a                UsageFault_Handler
                0x0800016c                SVC_Handler
                0x0800016e                DebugMon_Handler
                0x08000170                PendSV_Handler
                0x08000172                SysTick_Handler
                0x08000174                SPI1_IRQHandler
                0x08000174                TAMPER_IRQHandler
                0x08000174                DMAChannel4_IRQHandler
                0x08000174                PVD_IRQHandler
                0x08000174                EXTI0_IRQHandler
                0x08000174                I2C2_EV_IRQHandler
                0x08000174                DMAChannel7_IRQHandler
                0x08000174                I2C1_EV_IRQHandler
                0x08000174                RCC_IRQHandler
                0x08000174                TIM1_TRG_COM_IRQHandler
                0x08000174                EXTI15_10_IRQHandler
                0x08000174                DMAChannel5_IRQHandler
                0x08000174                EXTI9_5_IRQHandler
                0x08000174                DMAChannel2_IRQHandler
                0x08000174                SPI2_IRQHandler
                0x08000174                EXTI3_IRQHandler
                0x08000174                CAN1_RX1_IRQHandler
                0x08000174                EXTI4_IRQHandler
                0x08000174                RTC_IRQHandler
                0x08000174                USB_HP_CAN1_TX_IRQHandler
                0x08000174                WWDG_IRQHandler
                0x08000174                TIM1_BRK_IRQHandler
                0x08000174                EXTI1_IRQHandler
                0x08000174                RTCAlarm_IRQHandler
                0x08000174                I2C2_ER_IRQHandler
                0x08000174                CAN1_SCE_IRQHandler
                0x08000174                FLASH_IRQHandler
                0x08000174                DMAChannel6_IRQHandler
                0x08000174                DMAChannel3_IRQHandler
                0x08000174                EXTI2_IRQHandler
                0x08000174                I2C1_ER_IRQHandler
                0x08000174                USBWakeUp_IRQHandler
 .text          0x08000178       0x9c ./release/clock.o
                0x08000178                CLOCK_Configure
                0x080001ec                CLOCK_GetTIMCLK
                0x080001f4                CLOCK_GetHCLK
                0x080001fc                CLOCK_GetPCLK1
                0x08000204                CLOCK_GetPCLK2
                0x0800020c                CLOCK_GetADCCLK
 .text          0x08000214      0x28c ./release/usart.o
                0x08000214                Init_USART
                0x080002fc                Send_Data_USART
                0x08000320                Send_String_USART
                0x08000340                Receive_Data_USART
                0x0800035c                Data_USART
                0x08000362                USART1_IRQHandler
                0x080003a0                USART2_IRQHandler
                0x080003d0                USART3_IRQHandler
                0x0800040c                Active_Interrupt_Received_Data_available
 .text          0x080004a0      0x1f8 ./release/lib_crc.o
                0x080004a0                update_crc_ccitt
                0x080004fc                update_crc_sick
                0x08000520                update_crc_16
                0x08000580                update_crc_kermit
                0x080005e0                update_crc_dnp
                0x08000640                update_crc_32
 .text          0x08000698       0x70 ./release/sampleacquisition.o
                0x08000698                sampleAcquisitionInit
                0x080006d0                acquireSample
                0x080006ec                acquireSignals
 .text          0x08000708       0xb4 ./release/uartcomm.o
                0x08000708                uartCommSendChar
                0x08000714                uartCommToggleLEDStatus
                0x08000724                uartCommInit
                0x08000768                uartCommSendData
                0x08000798                uartCommSendTimes
 .text          0x080007bc       0x74 ./release/usbcomm.o
                0x080007bc                usbCommToggleLEDStatus
                0x080007cc                usbCommInit
                0x080007e8                usbCommSendChar
                0x080007ec                usbCommSendData
                0x0800080c                usbCommSendTimes
 .text          0x08000830      0x26c ./release/serialframe.o
                0x08000830                serialFrameToUint
                0x080008a0                serialFrameFromUint
                0x08000920                createCRC
                0x0800093a                serialFrameToChar
                0x0800099c                retrieveReadFrame
                0x080009e8                createUsartFrame
                0x08000a68                createSendableFrame
 .text          0x08000a9c       0x10 ./release/main.o
                0x08000a9c                Clignote
 .text.startup  0x08000aac       0x60 ./release/main.o
                0x08000aac                main
 .text          0x08000b0c       0xc0 ./release/misc.o
                0x08000b0c                NVIC_PriorityGroupConfig
                0x08000b20                NVIC_Init
                0x08000b88                NVIC_SetVectorTable
                0x08000b9c                NVIC_SystemLPConfig
                0x08000bb4                SysTick_CLKSourceConfig
 .text          0x08000bcc      0x378 ./release/stm32f10x_adc.o
                0x08000bcc                ADC_DeInit
                0x08000c28                ADC_Init
                0x08000c70                ADC_StructInit
                0x08000c82                ADC_Cmd
                0x08000c94                ADC_DMACmd
                0x08000ca6                ADC_ITConfig
                0x08000cb8                ADC_ResetCalibration
                0x08000cc2                ADC_GetResetCalibrationStatus
                0x08000cca                ADC_StartCalibration
                0x08000cd4                ADC_GetCalibrationStatus
                0x08000cdc                ADC_SoftwareStartConvCmd
                0x08000cee                ADC_GetSoftwareStartConvStatus
                0x08000cf6                ADC_DiscModeChannelCountConfig
                0x08000d06                ADC_DiscModeCmd
                0x08000d18                ADC_RegularChannelConfig
                0x08000db4                ADC_ExternalTrigConvCmd
                0x08000dc6                ADC_GetConversionValue
                0x08000dcc                ADC_GetDualModeConversionValue
                0x08000dd8                ADC_AutoInjectedConvCmd
                0x08000dea                ADC_InjectedDiscModeCmd
                0x08000dfc                ADC_ExternalTrigInjectedConvConfig
                0x08000e08                ADC_ExternalTrigInjectedConvCmd
                0x08000e1a                ADC_SoftwareStartInjectedConvCmd
                0x08000e2c                ADC_GetSoftwareStartInjectedConvCmdStatus
                0x08000e34                ADC_InjectedChannelConfig
                0x08000e98                ADC_InjectedSequencerLengthConfig
                0x08000ea8                ADC_SetInjectedOffset
                0x08000ebe                ADC_GetInjectedConversionValue
                0x08000ed8                ADC_AnalogWatchdogCmd
                0x08000ee8                ADC_AnalogWatchdogThresholdsConfig
                0x08000eee                ADC_AnalogWatchdogSingleChannelConfig
                0x08000efa                ADC_TempSensorVrefintCmd
                0x08000f14                ADC_GetFlagStatus
                0x08000f20                ADC_ClearFlag
                0x08000f26                ADC_GetITStatus
                0x08000f3c                ADC_ClearITPendingBit
 .text          0x08000f44       0xe0 ./release/stm32f10x_bkp.o
                0x08000f44                BKP_DeInit
                0x08000f56                BKP_TamperPinLevelConfig
                0x08000f60                BKP_TamperPinCmd
                0x08000f6c                BKP_ITConfig
                0x08000f78                BKP_RTCOutputConfig
                0x08000f90                BKP_SetRTCCalibrationValue
                0x08000fa8                BKP_WriteBackupRegister
                0x08000fc4                BKP_ReadBackupRegister
                0x08000fe4                BKP_GetFlagStatus
                0x08000ff0                BKP_ClearFlag
                0x08001004                BKP_GetITStatus
                0x08001010                BKP_ClearITPendingBit
 .text          0x08001024      0x738 ./release/stm32f10x_can.o
                0x08001024                CAN_DeInit
                0x08001058                CAN_Init
                0x0800112e                CAN_FilterInit
                0x08001214                CAN_StructInit
                0x08001234                CAN_SlaveStartBank
                0x08001270                CAN_DBGFreeze
                0x08001282                CAN_TTComModeCmd
                0x080012da                CAN_Transmit
                0x08001392                CAN_TransmitStatus
                0x080013e0                CAN_CancelTransmit
                0x08001406                CAN_Receive
                0x08001492                CAN_FIFORelease
                0x080014a8                CAN_MessagePending
                0x080014be                CAN_OperatingModeRequest
                0x08001546                CAN_Sleep
                0x08001560                CAN_WakeUp
                0x08001582                CAN_GetLastErrorCode
                0x0800158a                CAN_GetReceiveErrorCounter
                0x08001590                CAN_GetLSBTransmitErrorCounter
                0x08001598                CAN_ITConfig
                0x080015a8                CAN_GetFlagStatus
                0x080015dc                CAN_ClearFlag
                0x08001610                CAN_GetITStatus
                0x080016de                CAN_ClearITPendingBit
 .text          0x0800175c      0x114 ./release/stm32f10x_cec.o
                0x0800175c                CEC_DeInit
                0x08001776                CEC_Init
                0x08001794                CEC_Cmd
                0x080017ac                CEC_ITConfig
                0x080017b8                CEC_OwnAddressConfig
                0x080017c4                CEC_SetPrescaler
                0x080017d0                CEC_SendDataByte
                0x080017dc                CEC_ReceiveDataByte
                0x080017e8                CEC_StartOfMessage
                0x080017f4                CEC_EndOfMessageCmd
                0x08001800                CEC_GetFlagStatus
                0x08001824                CEC_ClearFlag
                0x08001840                CEC_GetITStatus
                0x08001854                CEC_ClearITPendingBit
 .text          0x08001870       0x5c ./release/stm32f10x_crc.o
                0x08001870                CRC_ResetDR
                0x0800187c                CRC_CalcCRC
                0x08001888                CRC_CalcBlockCRC
                0x080018a8                CRC_GetCRC
                0x080018b4                CRC_SetIDRegister
                0x080018c0                CRC_GetIDRegister
 .text          0x080018cc      0x170 ./release/stm32f10x_dac.o
                0x080018cc                DAC_DeInit
                0x080018e6                DAC_Init
                0x08001914                DAC_StructInit
                0x08001920                DAC_Cmd
                0x08001944                DAC_DMACmd
                0x08001968                DAC_SoftwareTriggerCmd
                0x0800198c                DAC_DualSoftwareTriggerCmd
                0x080019a4                DAC_WaveGenerationCmd
                0x080019c0                DAC_SetChannel1Data
                0x080019e0                DAC_SetChannel2Data
                0x08001a00                DAC_SetDualChannelData
                0x08001a18                DAC_GetDataOutputValue
 .text          0x08001a3c       0x34 ./release/stm32f10x_dbgmcu.o
                0x08001a3c                DBGMCU_GetREVID
                0x08001a48                DBGMCU_GetDEVID
                0x08001a58                DBGMCU_Config
 .text          0x08001a70      0x1e0 ./release/stm32f10x_dma.o
                0x08001a70                DMA_DeInit
                0x08001b68                DMA_Init
                0x08001ba6                DMA_StructInit
                0x08001bc0                DMA_Cmd
                0x08001bd6                DMA_ITConfig
                0x08001be6                DMA_SetCurrDataCounter
                0x08001bea                DMA_GetCurrDataCounter
                0x08001bf0                DMA_GetFlagStatus
                0x08001c0c                DMA_ClearFlag
                0x08001c20                DMA_GetITStatus
                0x08001c3c                DMA_ClearITPendingBit
 .text          0x08001c50       0xf8 ./release/stm32f10x_exti.o
                0x08001c50                EXTI_DeInit
                0x08001c6c                EXTI_Init
                0x08001ce4                EXTI_StructInit
                0x08001cf2                EXTI_GenerateSWInterrupt
                0x08001d00                EXTI_GetFlagStatus
                0x08001d14                EXTI_ClearFlag
                0x08001d20                EXTI_GetITStatus
                0x08001d3c                EXTI_ClearITPendingBit
 .text          0x08001d48      0x538 ./release/stm32f10x_flash.o
                0x08001d48                FLASH_SetLatency
                0x08001d5c                FLASH_HalfCycleAccessCmd
                0x08001d74                FLASH_PrefetchBufferCmd
                0x08001d8c                FLASH_Unlock
                0x08001da4                FLASH_UnlockBank1
                0x08001dbc                FLASH_Lock
                0x08001dcc                FLASH_LockBank1
                0x08001ddc                FLASH_GetUserOptionByte
                0x08001de8                FLASH_GetWriteProtectionOptionByte
                0x08001df4                FLASH_GetReadOutProtectionStatus
                0x08001e04                FLASH_GetPrefetchBufferStatus
                0x08001e14                FLASH_ITConfig
                0x08001e2c                FLASH_GetFlagStatus
                0x08001e4c                FLASH_ClearFlag
                0x08001e58                FLASH_GetStatus
                0x08001e80                FLASH_GetBank1Status
                0x08001ea8                FLASH_WaitForLastOperation
                0x08001ecc                FLASH_UserOptionByteConfig
                0x08001f24                FLASH_ReadOutProtection
                0x08001fb4                FLASH_EnableWriteProtection
                0x08002060                FLASH_ProgramOptionByteData
                0x080020a8                FLASH_ProgramHalfWord
                0x080020e0                FLASH_ProgramWord
                0x08002130                FLASH_EraseOptionBytes
                0x080021b0                FLASH_EraseAllPages
                0x080021e8                FLASH_ErasePage
                0x08002224                FLASH_WaitForLastBank1Operation
                0x08002248                FLASH_EraseAllBank1Pages
 .text          0x08002280      0x470 ./release/stm32f10x_fsmc.o
                0x08002280                FSMC_NORSRAMDeInit
                0x080022ae                FSMC_NANDDeInit
                0x080022d0                FSMC_PCCARDDeInit
                0x080022ec                FSMC_NORSRAMInit
                0x080023b8                FSMC_NANDInit
                0x08002420                FSMC_PCCARDInit
                0x08002488                FSMC_NORSRAMStructInit
                0x080024d6                FSMC_NANDStructInit
                0x08002500                FSMC_PCCARDStructInit
                0x0800252a                FSMC_NORSRAMCmd
                0x0800254c                FSMC_NANDCmd
                0x08002580                FSMC_PCCARDCmd
                0x080025a0                FSMC_NANDECCCmd
                0x080025d4                FSMC_GetECC
                0x080025e8                FSMC_ITConfig
                0x08002630                FSMC_GetFlagStatus
                0x0800265c                FSMC_ClearFlag
                0x0800268c                FSMC_GetITStatus
                0x080026c0                FSMC_ClearITPendingBit
 .text          0x080026f0      0x290 ./release/stm32f10x_gpio.o
                0x080026f0                GPIO_DeInit
                0x0800279c                GPIO_AFIODeInit
                0x080027b2                GPIO_Init
                0x0800285a                GPIO_StructInit
                0x0800286a                GPIO_ReadInputDataBit
                0x08002876                GPIO_ReadInputData
                0x0800287c                GPIO_ReadOutputDataBit
                0x08002888                GPIO_ReadOutputData
                0x0800288e                GPIO_SetBits
                0x08002892                GPIO_ResetBits
                0x08002896                GPIO_WriteBit
                0x080028a0                GPIO_Write
                0x080028a4                GPIO_PinLockConfig
                0x080028b4                GPIO_EventOutputConfig
                0x080028d0                GPIO_EventOutputCmd
                0x080028dc                GPIO_PinRemapConfig
                0x08002940                GPIO_EXTILineConfig
                0x08002974                GPIO_ETH_MediaInterfaceConfig
 .text          0x08002980      0x3a0 ./release/stm32f10x_i2c.o
                0x08002980                I2C_DeInit
                0x080029b4                I2C_Init
                0x08002a7c                I2C_StructInit
                0x08002a98                I2C_Cmd
                0x08002ab0                I2C_DMACmd
                0x08002ac8                I2C_DMALastTransferCmd
                0x08002ae0                I2C_GenerateSTART
                0x08002af8                I2C_GenerateSTOP
                0x08002b10                I2C_AcknowledgeConfig
                0x08002b28                I2C_OwnAddress2Config
                0x08002b3a                I2C_DualAddressCmd
                0x08002b52                I2C_GeneralCallCmd
                0x08002b6a                I2C_ITConfig
                0x08002b7c                I2C_SendData
                0x08002b80                I2C_ReceiveData
                0x08002b86                I2C_Send7bitAddress
                0x08002b96                I2C_ReadRegister
                0x08002bae                I2C_SoftwareResetCmd
                0x08002bc4                I2C_NACKPositionConfig
                0x08002be0                I2C_SMBusAlertConfig
                0x08002bfc                I2C_TransmitPEC
                0x08002c14                I2C_PECPositionConfig
                0x08002c30                I2C_CalculatePEC
                0x08002c48                I2C_GetPEC
                0x08002c50                I2C_ARPCmd
                0x08002c68                I2C_StretchClockCmd
                0x08002c80                I2C_FastModeDutyCycleConfig
                0x08002c9c                I2C_CheckEvent
                0x08002cb4                I2C_GetLastEvent
                0x08002cc4                I2C_GetFlagStatus
                0x08002cf8                I2C_ClearFlag
                0x08002cfe                I2C_GetITStatus
                0x08002d1a                I2C_ClearITPendingBit
 .text          0x08002d20       0x58 ./release/stm32f10x_iwdg.o
                0x08002d20                IWDG_WriteAccessCmd
                0x08002d2c                IWDG_SetPrescaler
                0x08002d38                IWDG_SetReload
                0x08002d44                IWDG_ReloadCounter
                0x08002d54                IWDG_Enable
                0x08002d64                IWDG_GetFlagStatus
 .text          0x08002d78       0xd0 ./release/stm32f10x_pwr.o
                0x08002d78                PWR_DeInit
                0x08002d92                PWR_BackupAccessCmd
                0x08002d9c                PWR_PVDCmd
                0x08002da8                PWR_PVDLevelConfig
                0x08002dbc                PWR_WakeUpPinCmd
                0x08002dc8                PWR_EnterSTOPMode
                0x08002dfc                PWR_EnterSTANDBYMode
                0x08002e24                PWR_GetFlagStatus
                0x08002e38                PWR_ClearFlag
 .text          0x08002e48      0x344 ./release/stm32f10x_rcc.o
                0x08002e48                RCC_DeInit
                0x08002e88                RCC_HSEConfig
                0x08002ec0                RCC_AdjustHSICalibrationValue
                0x08002ed4                RCC_HSICmd
                0x08002ee0                RCC_PLLConfig
                0x08002ef4                RCC_PLLCmd
                0x08002f00                RCC_SYSCLKConfig
                0x08002f14                RCC_GetSYSCLKSource
                0x08002f24                RCC_HCLKConfig
                0x08002f38                RCC_PCLK1Config
                0x08002f4c                RCC_PCLK2Config
                0x08002f60                RCC_ITConfig
                0x08002f78                RCC_USBCLKConfig
                0x08002f84                RCC_ADCCLKConfig
                0x08002f98                RCC_LSEConfig
                0x08002fb8                RCC_LSICmd
                0x08002fc4                RCC_RTCCLKConfig
                0x08002fd4                RCC_RTCCLKCmd
                0x08002fe0                RCC_GetClocksFreq
                0x0800306c                RCC_AHBPeriphClockCmd
                0x08003084                RCC_APB2PeriphClockCmd
                0x0800309c                RCC_APB1PeriphClockCmd
                0x080030b4                RCC_APB2PeriphResetCmd
                0x080030cc                RCC_APB1PeriphResetCmd
                0x080030e4                RCC_BackupResetCmd
                0x080030f0                RCC_ClockSecuritySystemCmd
                0x080030fc                RCC_MCOConfig
                0x08003108                RCC_GetFlagStatus
                0x08003130                RCC_WaitForHSEStartUp
                0x0800315c                RCC_ClearFlag
                0x0800316c                RCC_GetITStatus
                0x08003180                RCC_ClearITPendingBit
 .text          0x0800318c      0x158 ./release/stm32f10x_rtc.o
                0x0800318c                RTC_ITConfig
                0x080031a4                RTC_EnterConfigMode
                0x080031b8                RTC_ExitConfigMode
                0x080031cc                RTC_GetCounter
                0x080031e0                RTC_SetCounter
                0x080031fc                RTC_SetPrescaler
                0x0800321c                RTC_SetAlarm
                0x08003238                RTC_GetDivider
                0x08003250                RTC_WaitForLastTask
                0x08003264                RTC_WaitForSynchro
                0x08003284                RTC_GetFlagStatus
                0x08003298                RTC_ClearFlag
                0x080032ac                RTC_GetITStatus
                0x080032d0                RTC_ClearITPendingBit
 .text          0x080032e4      0x234 ./release/stm32f10x_sdio.o
                0x080032e4                SDIO_DeInit
                0x08003308                SDIO_Init
                0x08003338                SDIO_StructInit
                0x08003348                SDIO_ClockCmd
                0x08003354                SDIO_SetPowerState
                0x0800336c                SDIO_GetPowerState
                0x0800337c                SDIO_ITConfig
                0x08003394                SDIO_DMACmd
                0x080033a0                SDIO_SendCommand
                0x080033cc                SDIO_CmdStructInit
                0x080033da                SDIO_GetCommandResponse
                0x080033e8                SDIO_GetResponse
                0x08003400                SDIO_DataConfig
                0x0800342c                SDIO_DataStructInit
                0x08003440                SDIO_GetDataCounter
                0x0800344c                SDIO_ReadData
                0x08003458                SDIO_WriteData
                0x08003464                SDIO_GetFIFOCount
                0x08003470                SDIO_StartSDIOReadWait
                0x0800347c                SDIO_StopSDIOReadWait
                0x08003488                SDIO_SetSDIOReadWaitMode
                0x08003494                SDIO_SetSDIOOperation
                0x080034a0                SDIO_SendSDIOSuspendCmd
                0x080034ac                SDIO_CommandCompletionCmd
                0x080034b8                SDIO_CEATAITCmd
                0x080034cc                SDIO_SendCEATACmd
                0x080034d8                SDIO_GetFlagStatus
                0x080034ec                SDIO_ClearFlag
                0x080034f8                SDIO_GetITStatus
                0x0800350c                SDIO_ClearITPendingBit
 .text          0x08003518      0x2bc ./release/stm32f10x_spi.o
                0x08003518                SPI_I2S_DeInit
                0x0800357c                SPI_Init
                0x080035b8                I2S_Init
                0x08003656                SPI_StructInit
                0x0800366e                I2S_StructInit
                0x08003680                SPI_Cmd
                0x08003698                I2S_Cmd
                0x080036b0                SPI_I2S_ITConfig
                0x080036d0                SPI_I2S_DMACmd
                0x080036e2                SPI_I2S_SendData
                0x080036e6                SPI_I2S_ReceiveData
                0x080036ec                SPI_NSSInternalSoftwareConfig
                0x0800370a                SPI_SSOutputCmd
                0x08003722                SPI_DataSizeConfig
                0x08003738                SPI_TransmitCRC
                0x08003744                SPI_CalculateCRC
                0x0800375c                SPI_GetCRC
                0x08003768                SPI_GetCRCPolynomial
                0x0800376e                SPI_BiDirectionalLineConfig
                0x0800378a                SPI_I2S_GetFlagStatus
                0x08003796                SPI_I2S_ClearFlag
                0x0800379c                SPI_I2S_GetITStatus
                0x080037c4                SPI_I2S_ClearITPendingBit
 .text          0x080037d4      0xc68 ./release/stm32f10x_tim.o
                0x080038b4                TIM_DeInit
                0x08003a60                TIM_TimeBaseInit
                0x08003af4                TIM_OC1Init
                0x08003b7c                TIM_OC2Init
                0x08003c00                TIM_OC3Init
                0x08003c84                TIM_OC4Init
                0x08003ce8                TIM_BDTRConfig
                0x08003d08                TIM_TimeBaseStructInit
                0x08003d1a                TIM_OCStructInit
                0x08003d2e                TIM_ICStructInit
                0x08003d3e                TIM_BDTRStructInit
                0x08003d50                TIM_Cmd
                0x08003d68                TIM_CtrlPWMOutputs
                0x08003d82                TIM_ITConfig
                0x08003d94                TIM_GenerateEvent
                0x08003d98                TIM_DMAConfig
                0x08003da0                TIM_DMACmd
                0x08003db2                TIM_InternalClockConfig
                0x08003dc0                TIM_ITRxExternalClockConfig
                0x08003dda                TIM_TIxExternalClockConfig
                0x08003e0c                TIM_ETRConfig
                0x08003e20                TIM_ETRClockMode2Config
                0x08003e34                TIM_ETRClockMode1Config
                0x08003e4e                TIM_PrescalerConfig
                0x08003e54                TIM_CounterModeConfig
                0x08003e64                TIM_SelectInputTrigger
                0x08003e74                TIM_EncoderInterfaceConfig
                0x08003eb0                TIM_ForcedOC1Config
                0x08003ec0                TIM_ForcedOC2Config
                0x08003ed2                TIM_ForcedOC3Config
                0x08003ee2                TIM_ForcedOC4Config
                0x08003ef4                TIM_ARRPreloadConfig
                0x08003f0c                TIM_SelectCOM
                0x08003f24                TIM_SelectCCDMA
                0x08003f3c                TIM_CCPreloadControl
                0x08003f54                TIM_OC1PreloadConfig
                0x08003f64                TIM_OC2PreloadConfig
                0x08003f76                TIM_OC3PreloadConfig
                0x08003f86                TIM_OC4PreloadConfig
                0x08003f98                TIM_OC1FastConfig
                0x08003fa8                TIM_OC2FastConfig
                0x08003fba                TIM_OC3FastConfig
                0x08003fca                TIM_OC4FastConfig
                0x08003fdc                TIM_ClearOC1Ref
                0x08003fec                TIM_ClearOC2Ref
                0x08003ffa                TIM_ClearOC3Ref
                0x0800400a                TIM_ClearOC4Ref
                0x08004018                TIM_OC1PolarityConfig
                0x08004028                TIM_OC1NPolarityConfig
                0x08004038                TIM_OC2PolarityConfig
                0x0800404a                TIM_OC2NPolarityConfig
                0x0800405c                TIM_OC3PolarityConfig
                0x0800406e                TIM_OC3NPolarityConfig
                0x08004080                TIM_OC4PolarityConfig
                0x08004092                TIM_CCxCmd
                0x080040b0                TIM_CCxNCmd
                0x080040ce                TIM_SelectOCxM
                0x08004112                TIM_UpdateDisableConfig
                0x0800412a                TIM_UpdateRequestConfig
                0x08004142                TIM_SelectHallSensor
                0x0800415a                TIM_SelectOnePulseMode
                0x08004170                TIM_SelectOutputTrigger
                0x08004186                TIM_SelectSlaveMode
                0x0800419c                TIM_SelectMasterSlaveMode
                0x080041b2                TIM_SetCounter
                0x080041b6                TIM_SetAutoreload
                0x080041ba                TIM_SetCompare1
                0x080041be                TIM_SetCompare2
                0x080041c2                TIM_SetCompare3
                0x080041c6                TIM_SetCompare4
                0x080041cc                TIM_SetIC1Prescaler
                0x080041e2                TIM_SetIC2Prescaler
                0x080041fa                TIM_PWMIConfig
                0x08004268                TIM_SetIC3Prescaler
                0x0800427e                TIM_SetIC4Prescaler
                0x08004296                TIM_ICInit
                0x080043d0                TIM_SetClockDivision
                0x080043e6                TIM_GetCapture1
                0x080043ec                TIM_GetCapture2
                0x080043f2                TIM_GetCapture3
                0x080043f8                TIM_GetCapture4
                0x08004400                TIM_GetCounter
                0x08004406                TIM_GetPrescaler
                0x0800440c                TIM_GetFlagStatus
                0x08004418                TIM_ClearFlag
                0x0800441e                TIM_GetITStatus
                0x08004434                TIM_ClearITPendingBit
 .text          0x0800443c      0x394 ./release/stm32f10x_usart.o
                0x0800443c                USART_DeInit
                0x080044d4                USART_Init
                0x0800457c                USART_StructInit
                0x08004592                USART_ClockInit
                0x080045b0                USART_ClockStructInit
                0x080045bc                USART_Cmd
                0x080045d4                USART_ITConfig
                0x08004606                USART_DMACmd
                0x08004618                USART_SetAddress
                0x0800462e                USART_WakeUpConfig
                0x08004644                USART_ReceiverWakeUpCmd
                0x0800465c                USART_LINBreakDetectLengthConfig
                0x08004672                USART_LINCmd
                0x0800468a                USART_SendData
                0x08004692                USART_ReceiveData
                0x0800469a                USART_SendBreak
                0x080046a6                USART_SetGuardTime
                0x080046b8                USART_SetPrescaler
                0x080046ca                USART_SmartCardCmd
                0x080046e2                USART_SmartCardNACKCmd
                0x080046fa                USART_HalfDuplexCmd
                0x08004712                USART_OverSampling8Cmd
                0x08004728                USART_OneBitMethodCmd
                0x08004740                USART_IrDAConfig
                0x08004756                USART_IrDACmd
                0x0800476e                USART_GetFlagStatus
                0x0800477a                USART_ClearFlag
                0x08004780                USART_GetITStatus
                0x080047c0                USART_ClearITPendingBit
 .text          0x080047d0       0x98 ./release/stm32f10x_wwdg.o
                0x080047d0                WWDG_DeInit
                0x080047ea                WWDG_SetPrescaler
                0x080047fc                WWDG_SetWindowValue
                0x08004824                WWDG_EnableIT
                0x08004830                WWDG_SetCounter
                0x08004840                WWDG_Enable
                0x08004850                WWDG_GetFlagStatus
                0x0800485c                WWDG_ClearFlag
 .text          0x08004868      0x22c ./release/hw_config.o
                0x08004892                Set_System
                0x080048c0                Set_USBClock
                0x080048d6                Enter_LowPowerMode
                0x080048e4                Leave_LowPowerMode
                0x08004900                USB_Interrupts_Config
                0x08004928                USB_Cable_Config
                0x08004944                USB_To_USART_Send_Data
                0x08004978                USB_Receive
                0x080049a0                USB_GetTxSize
                0x080049ac                Handle_USBAsynchXfer
                0x08004a2c                USB_Send
                0x08004a4c                Get_SerialNum
                0x08004a88                USB_GetState
 .text          0x08004a94        0x0 ./release/otgd_fs_cal.o
 .text          0x08004a94        0x0 ./release/otgd_fs_dev.o
 .text          0x08004a94        0x0 ./release/otgd_fs_int.o
 .text          0x08004a94        0x0 ./release/otgd_fs_pcd.o
 .text          0x08004a94        0x4 ./release/stm32f10x_it.o
                0x08004a94                USB_LP_CAN1_RX0_IRQHandler
 .text          0x08004a98      0x854 ./release/usb_core.o
                0x08004a98                Standard_GetConfiguration
                0x08004abc                Standard_GetInterface
                0x08004ae0                Standard_GetStatus
                0x08004c1c                Standard_SetConfiguration
                0x08004c54                Standard_SetInterface
                0x08004c9c                Standard_ClearFeature
                0x08004d78                Standard_SetEndPointFeature
                0x08004e00                Standard_SetDeviceFeature
                0x08004e24                Standard_GetDescriptorData
                0x08004e40                Post0_Process
                0x08004e80                Out0_Process
                0x08004f54                Setup0_Process
                0x08005248                SetDeviceAddress
                0x08005288                In0_Process
                0x080052e8                NOP_Process
 .text          0x080052ec        0x0 ./release/usb_desc.o
 .text          0x080052ec       0xbc ./release/usb_endp.o
                0x080052ec                EP1_IN_Callback
                0x08005350                EP3_OUT_Callback
                0x08005374                SOF_Callback
 .text          0x080053a8       0x38 ./release/usb_init.o
                0x080053a8                USB_Init
 .text          0x080053e0      0x1f4 ./release/usb_int.o
                0x080053e0                CTR_LP
                0x08005564                CTR_HP
 .text          0x080055d4       0x78 ./release/usb_istr.o
                0x080055d4                USB_Istr
 .text          0x0800564c       0x52 ./release/usb_mem.o
                0x0800564c                UserToPMABufferCopy
                0x0800567a                PMAToUserBufferCopy
 *fill*         0x0800569e        0x2 
 .text          0x080056a0      0x238 ./release/usb_prop.o
                0x080056a0                Virtual_Com_Port_SetConfiguration
                0x080056b8                Virtual_Com_Port_SetDeviceAddress
                0x080056c4                Virtual_Com_Port_Status_In
                0x080056d8                Virtual_Com_Port_Status_Out
                0x080056da                Virtual_Com_Port_Data_Setup
                0x08005738                Virtual_Com_Port_NoData_Setup
                0x0800575c                Virtual_Com_Port_Get_Interface_Setting
                0x0800576a                Virtual_Com_Port_GetLineCoding
                0x08005784                Virtual_Com_Port_SetLineCoding
                0x0800579c                Virtual_Com_Port_GetStringDescriptor
                0x080057bc                Virtual_Com_Port_GetConfigDescriptor
                0x080057c8                Virtual_Com_Port_GetDeviceDescriptor
                0x080057d4                Virtual_Com_Port_Reset
                0x080058b4                Virtual_Com_Port_init
 .text          0x080058d8      0x118 ./release/usb_pwr.o
                0x080058d8                PowerOn
                0x08005908                PowerOff
                0x0800592c                Suspend
                0x0800594c                Resume_Init
                0x0800596c                Resume
 .text          0x080059f0      0x794 ./release/usb_regs.o
                0x080059f0                SetCNTR
                0x080059fc                GetCNTR
                0x08005a08                SetISTR
                0x08005a14                GetISTR
                0x08005a20                GetFNR
                0x08005a2c                SetDADDR
                0x08005a38                GetDADDR
                0x08005a44                SetBTABLE
                0x08005a54                GetBTABLE
                0x08005a60                SetENDPOINT
                0x08005a6e                GetENDPOINT
                0x08005a7e                SetEPType
                0x08005a96                GetEPType
                0x08005aa8                SetEPTxStatus
                0x08005ae2                SetEPRxStatus
                0x08005b1c                SetDouBleBuffEPStall
                0x08005b40                GetEPTxStatus
                0x08005b52                GetEPRxStatus
                0x08005b64                SetEPTxValid
                0x08005b86                SetEPRxValid
                0x08005ba8                SetEP_KIND
                0x08005bc6                ClearEP_KIND
                0x08005be4                Clear_Status_Out
                0x08005c02                Set_Status_Out
                0x08005c20                SetEPDoubleBuff
                0x08005c3e                ClearEPDoubleBuff
                0x08005c5c                GetTxStallStatus
                0x08005c76                GetRxStallStatus
                0x08005c90                ClearEP_CTR_RX
                0x08005ca6                ClearEP_CTR_TX
                0x08005cbc                ToggleDTOG_RX
                0x08005cda                ToggleDTOG_TX
                0x08005cf8                ClearDTOG_RX
                0x08005d1c                ClearDTOG_TX
                0x08005d40                SetEPAddress
                0x08005d60                GetEPAddress
                0x08005d72                SetEPTxAddr
                0x08005d94                SetEPRxAddr
                0x08005db4                GetEPTxAddr
                0x08005dd0                GetEPRxAddr
                0x08005dec                SetEPTxCount
                0x08005e08                SetEPCountRxReg
                0x08005e2c                SetEPRxCount
                0x08005e68                GetEPTxCount
                0x08005e88                GetEPRxCount
                0x08005ea8                SetEPDblBuffAddr
                0x08005ee0                SetEPDblBuf0Addr
                0x08005f00                SetEPDblBuf1Addr
                0x08005f20                GetEPDblBuf0Addr
                0x08005f3c                GetEPDblBuf1Addr
                0x08005f58                SetEPDblBuffCount
                0x08006000                SetEPDblBuf0Count
                0x08006058                SetEPDblBuf1Count
                0x080060b0                GetEPDblBuf0Count
                0x080060d0                GetEPDblBuf1Count
                0x080060f0                GetEPDblBufDir
                0x08006130                FreeUserBuffer
                0x08006172                ToWord
                0x08006178                ByteSwap
 .text          0x08006184       0x6c ./release/usb_sil.o
                0x08006184                USB_SIL_Init
                0x080061a4                USB_SIL_Write
                0x080061cc                USB_SIL_Read
 .text          0x080061f0     0x20d0 ../drivers\libDrivers_STM32F103_107_Jan_2013.a(timer_1234.o)
                0x080061f0                Timer_1234_Init
                0x08006408                Active_IT_Debordement_Timer
                0x080065e0                Active_IT_Compare_Timer
                0x08006b08                PWM_Init
                0x08006d18                PWM_Complementaire_Timer1
                0x08006dc4                Timer_Inc_Init
                0x08006fa0                Capture_Init
                0x08007400                TIM1_CC_IRQHandler
                0x08007740                TIM1_UP_IRQHandler
                0x08007788                TIM2_IRQHandler
                0x08007aac                TIM3_IRQHandler
                0x08007e60                TIM4_IRQHandler
                0x08008214                Lire_Duree_Pulse
 .text          0x080082c0      0x25c ../drivers\libDrivers_STM32F103_107_Jan_2013.a(gpio.o)
                0x080082c0                GPIO_Configure
 *fill*         0x0800851c        0x4 
 .text          0x08008520      0x860 ../drivers\libDrivers_STM32F103_107_Jan_2013.a(adc_dma.o)
                0x08008520                Init_TimingADC_ActiveADC
                0x080087f8                Single_Channel_ADC
                0x08008828                Init_MultiChan_Regular
                0x080089ac                Init_Conversion_On_Trig_Timer
                0x08008a98                Init_IT_ADC_EOC
                0x08008b14                ADC_IRQHandler
                0x08008b88                Init_IT_End_Of_DMA1
                0x08008be4                DMAChannel1_IRQHandler
                0x08008c10                Init_ADC1_DMA1
                0x08008cc0                Start_DMA1
                0x08008d10                Wait_On_EOC_ADC
                0x08008d48                Wait_On_End_Of_DMA1
 .text          0x08008d80      0x370 c:/program files (x86)/codesourcery/sourcery g++ lite/bin/../lib/gcc/arm-none-eabi/4.7.3/thumb2\libgcc.a(_arm_addsubdf3.o)
                0x08008d80                __aeabi_drsub
                0x08008d88                __aeabi_dsub
                0x08008d88                __subdf3
                0x08008d8c                __aeabi_dadd
                0x08008d8c                __adddf3
                0x08009004                __floatunsidf
                0x08009004                __aeabi_ui2d
                0x08009024                __floatsidf
                0x08009024                __aeabi_i2d
                0x08009048                __aeabi_f2d
                0x08009048                __extendsfdf2
                0x08009084                __floatundidf
                0x08009084                __aeabi_ul2d
                0x08009094                __floatdidf
                0x08009094                __aeabi_l2d
 .text          0x080090f0      0x424 c:/program files (x86)/codesourcery/sourcery g++ lite/bin/../lib/gcc/arm-none-eabi/4.7.3/thumb2\libgcc.a(_arm_muldivdf3.o)
                0x080090f0                __aeabi_dmul
                0x080090f0                __muldf3
                0x08009344                __divdf3
                0x08009344                __aeabi_ddiv
 .text          0x08009514       0xa0 c:/program files (x86)/codesourcery/sourcery g++ lite/bin/../lib/gcc/arm-none-eabi/4.7.3/thumb2\libgcc.a(_arm_truncdfsf2.o)
                0x08009514                __truncdfsf2
                0x08009514                __aeabi_d2f
 .text          0x080095b4      0x21c c:/program files (x86)/codesourcery/sourcery g++ lite/bin/../lib/gcc/arm-none-eabi/4.7.3/thumb2\libgcc.a(_arm_addsubsf3.o)
                0x080095b4                __aeabi_frsub
                0x080095bc                __subsf3
                0x080095bc                __aeabi_fsub
                0x080095c0                __aeabi_fadd
                0x080095c0                __addsf3
                0x08009720                __aeabi_ui2f
                0x08009720                __floatunsisf
                0x08009728                __aeabi_i2f
                0x08009728                __floatsisf
                0x08009744                __aeabi_ul2f
                0x08009744                __floatundisf
                0x08009754                __aeabi_l2f
                0x08009754                __floatdisf
 .text          0x080097d0      0x2a0 c:/program files (x86)/codesourcery/sourcery g++ lite/bin/../lib/gcc/arm-none-eabi/4.7.3/thumb2\libgcc.a(_arm_muldivsf3.o)
                0x080097d0                __mulsf3
                0x080097d0                __aeabi_fmul
                0x08009938                __aeabi_fdiv
                0x08009938                __divsf3
 .text          0x08009a70       0xec c:/program files (x86)/codesourcery/sourcery g++ lite/bin/../lib/gcc/arm-none-eabi/4.7.3/thumb2\libgcc.a(_arm_cmpsf2.o)
                0x08009a70                __gesf2
                0x08009a70                __gtsf2
                0x08009a78                __lesf2
                0x08009a78                __ltsf2
                0x08009a80                __nesf2
                0x08009a80                __eqsf2
                0x08009a80                __cmpsf2
                0x08009ae0                __aeabi_cfrcmple
                0x08009ae8                __aeabi_cfcmpeq
                0x08009ae8                __aeabi_cfcmple
                0x08009af8                __aeabi_fcmpeq
                0x08009b0c                __aeabi_fcmplt
                0x08009b20                __aeabi_fcmple
                0x08009b34                __aeabi_fcmpge
                0x08009b48                __aeabi_fcmpgt
 .text          0x08009b5c       0x4c c:/program files (x86)/codesourcery/sourcery g++ lite/bin/../lib/gcc/arm-none-eabi/4.7.3/thumb2\libgcc.a(_arm_fixsfsi.o)
                0x08009b5c                __aeabi_f2iz
                0x08009b5c                __fixsfsi
 .text          0x08009ba8       0x40 c:/program files (x86)/codesourcery/sourcery g++ lite/bin/../lib/gcc/arm-none-eabi/4.7.3/thumb2\libgcc.a(_arm_fixunssfsi.o)
                0x08009ba8                __fixunssfsi
                0x08009ba8                __aeabi_f2uiz
 *(.init)
 *(.fini)
 *crtbegin.o(.ctors)
 *crtbegin?.o(.ctors)
 *(EXCLUDE_FILE(*crtend.o *crtend?.o) .ctors)
 *(SORT(.ctors.*))
 *(.ctors)
 *crtbegin.o(.dtors)
 *crtbegin?.o(.dtors)
 *(EXCLUDE_FILE(*crtend.o *crtend?.o) .dtors)
 *(SORT(.dtors.*))
 *(.dtors)
 *(.rodata*)
 .rodata        0x08009be8       0xb1 ./release/usb_desc.o
                0x08009be8                Virtual_Com_Port_StringProduct
                0x08009c1a                Virtual_Com_Port_StringVendor
                0x08009c40                Virtual_Com_Port_StringLangID
                0x08009c44                Virtual_Com_Port_ConfigDescriptor
                0x08009c87                Virtual_Com_Port_DeviceDescriptor
 *(.eh_frame*)

.glue_7         0x08009c9c        0x0
 .glue_7        0x00000000        0x0 linker stubs

.glue_7t        0x08009c9c        0x0
 .glue_7t       0x00000000        0x0 linker stubs

.vfp11_veneer   0x08009c9c        0x0
 .vfp11_veneer  0x00000000        0x0 linker stubs

.v4_bx          0x08009c9c        0x0
 .v4_bx         0x00000000        0x0 linker stubs

.iplt           0x08009c9c        0x0
 .iplt          0x00000000        0x0 ./release/startup-gcc.o

.rel.dyn        0x08009c9c        0x0
 .rel.iplt      0x00000000        0x0 ./release/startup-gcc.o

.ARM.extab
 *(.ARM.extab* .gnu.linkonce.armextab.*)
                0x08009c9c                __exidx_start = .

.ARM.exidx
 *(.ARM.exidx* .gnu.linkonce.armexidx.*)
                0x08009c9c                __exidx_end = .
                0x08009c9c                __etext = .

.data           0x20000000       0xfc load address 0x08009c99
                0x20000000                __data_start__ = .
 *(vtable)
 *(.data*)
 .data          0x20000000        0x0 ./release/startup-gcc.o
 .data          0x20000000        0x0 ./release/clock.o
 .data          0x20000000        0x0 ./release/usart.o
 .data          0x20000000        0x0 ./release/lib_crc.o
 .data          0x20000000        0x0 ./release/sampleacquisition.o
 .data          0x20000000        0x0 ./release/uartcomm.o
 .data          0x20000000        0x0 ./release/usbcomm.o
 .data          0x20000000        0x0 ./release/serialframe.o
 .data          0x20000000        0x0 ./release/main.o
 .data          0x20000000        0x0 ./release/misc.o
 .data          0x20000000        0x0 ./release/stm32f10x_adc.o
 .data          0x20000000        0x0 ./release/stm32f10x_bkp.o
 .data          0x20000000        0x0 ./release/stm32f10x_can.o
 .data          0x20000000        0x0 ./release/stm32f10x_cec.o
 .data          0x20000000        0x0 ./release/stm32f10x_crc.o
 .data          0x20000000        0x0 ./release/stm32f10x_dac.o
 .data          0x20000000        0x0 ./release/stm32f10x_dbgmcu.o
 .data          0x20000000        0x0 ./release/stm32f10x_dma.o
 .data          0x20000000        0x0 ./release/stm32f10x_exti.o
 .data          0x20000000        0x0 ./release/stm32f10x_flash.o
 .data          0x20000000        0x0 ./release/stm32f10x_fsmc.o
 .data          0x20000000        0x0 ./release/stm32f10x_gpio.o
 .data          0x20000000        0x0 ./release/stm32f10x_i2c.o
 .data          0x20000000        0x0 ./release/stm32f10x_iwdg.o
 .data          0x20000000        0x0 ./release/stm32f10x_pwr.o
 .data          0x20000000       0x14 ./release/stm32f10x_rcc.o
 .data          0x20000014        0x0 ./release/stm32f10x_rtc.o
 .data          0x20000014        0x0 ./release/stm32f10x_sdio.o
 .data          0x20000014        0x0 ./release/stm32f10x_spi.o
 .data          0x20000014        0x0 ./release/stm32f10x_tim.o
 .data          0x20000014        0x0 ./release/stm32f10x_usart.o
 .data          0x20000014        0x0 ./release/stm32f10x_wwdg.o
 .data          0x20000014        0x0 ./release/hw_config.o
 .data          0x20000014        0x0 ./release/otgd_fs_cal.o
 .data          0x20000014        0x0 ./release/otgd_fs_dev.o
 .data          0x20000014        0x0 ./release/otgd_fs_int.o
 .data          0x20000014        0x0 ./release/otgd_fs_pcd.o
 .data          0x20000014        0x0 ./release/stm32f10x_it.o
 .data          0x20000014        0x0 ./release/usb_core.o
 .data          0x20000014       0x1a ./release/usb_desc.o
                0x20000014                Virtual_Com_Port_StringSerial
 .data          0x2000002e        0x0 ./release/usb_endp.o
 .data          0x2000002e        0x0 ./release/usb_init.o
 .data          0x2000002e        0x0 ./release/usb_int.o
 *fill*         0x2000002e        0x2 
 .data          0x20000030       0x38 ./release/usb_istr.o
                0x20000030                pEpInt_OUT
                0x2000004c                pEpInt_IN
 .data          0x20000068        0x0 ./release/usb_mem.o
 .data          0x20000068       0x90 ./release/usb_prop.o
                0x20000068                linecoding
                0x20000070                String_Descriptor
                0x20000090                Config_Descriptor
                0x20000098                Device_Descriptor
                0x200000a0                Device_Property
                0x200000d0                User_Standard_Requests
                0x200000f4                Device_Table
 .data          0x200000f8        0x1 ./release/usb_pwr.o
                0x200000f8                fSuspendEnabled
 .data          0x200000f9        0x0 ./release/usb_regs.o
 .data          0x200000f9        0x0 ./release/usb_sil.o
 .data          0x200000f9        0x0 ../drivers\libDrivers_STM32F103_107_Jan_2013.a(timer_1234.o)
 .data          0x200000f9        0x0 ../drivers\libDrivers_STM32F103_107_Jan_2013.a(gpio.o)
 .data          0x200000f9        0x0 ../drivers\libDrivers_STM32F103_107_Jan_2013.a(adc_dma.o)
 .data          0x200000f9        0x0 c:/program files (x86)/codesourcery/sourcery g++ lite/bin/../lib/gcc/arm-none-eabi/4.7.3/thumb2\libgcc.a(_arm_addsubdf3.o)
 .data          0x200000f9        0x0 c:/program files (x86)/codesourcery/sourcery g++ lite/bin/../lib/gcc/arm-none-eabi/4.7.3/thumb2\libgcc.a(_arm_muldivdf3.o)
 .data          0x200000f9        0x0 c:/program files (x86)/codesourcery/sourcery g++ lite/bin/../lib/gcc/arm-none-eabi/4.7.3/thumb2\libgcc.a(_arm_truncdfsf2.o)
 .data          0x200000f9        0x0 c:/program files (x86)/codesourcery/sourcery g++ lite/bin/../lib/gcc/arm-none-eabi/4.7.3/thumb2\libgcc.a(_arm_addsubsf3.o)
 .data          0x200000f9        0x0 c:/program files (x86)/codesourcery/sourcery g++ lite/bin/../lib/gcc/arm-none-eabi/4.7.3/thumb2\libgcc.a(_arm_muldivsf3.o)
 .data          0x200000f9        0x0 c:/program files (x86)/codesourcery/sourcery g++ lite/bin/../lib/gcc/arm-none-eabi/4.7.3/thumb2\libgcc.a(_arm_cmpsf2.o)
 .data          0x200000f9        0x0 c:/program files (x86)/codesourcery/sourcery g++ lite/bin/../lib/gcc/arm-none-eabi/4.7.3/thumb2\libgcc.a(_arm_fixsfsi.o)
 .data          0x200000f9        0x0 c:/program files (x86)/codesourcery/sourcery g++ lite/bin/../lib/gcc/arm-none-eabi/4.7.3/thumb2\libgcc.a(_arm_fixunssfsi.o)
                0x200000fc                . = ALIGN (0x4)
 *fill*         0x200000f9        0x3 
                0x200000fc                PROVIDE (__preinit_array_start, .)
 *(.preinit_array)
                0x200000fc                PROVIDE (__preinit_array_end, .)
                0x200000fc                . = ALIGN (0x4)
                0x200000fc                PROVIDE (__init_array_start, .)
 *(SORT(.init_array.*))
 *(.init_array)
                0x200000fc                PROVIDE (__init_array_end, .)
                0x200000fc                . = ALIGN (0x4)
                0x200000fc                PROVIDE (__fini_array_start, .)
 *(SORT(.fini_array.*))
 *(.fini_array)
                0x200000fc                PROVIDE (__fini_array_end, .)
                0x200000fc                . = ALIGN (0x4)
                0x200000fc                __data_end__ = .

.igot.plt       0x200000fc        0x0 load address 0x08009d98
 .igot.plt      0x00000000        0x0 ./release/startup-gcc.o

.bss            0x200000fc     0x3222 load address 0x08009d98
                0x200000fc                __bss_start__ = .
 *(.bss*)
 .bss           0x200000fc        0x0 ./release/startup-gcc.o
 .bss           0x200000fc        0x0 ./release/clock.o
 .bss           0x200000fc        0x0 ./release/usart.o
 .bss           0x200000fc      0xc14 ./release/lib_crc.o
 .bss           0x20000d10        0x0 ./release/sampleacquisition.o
 .bss           0x20000d10        0x0 ./release/uartcomm.o
 .bss           0x20000d10        0x0 ./release/usbcomm.o
 .bss           0x20000d10        0x2 ./release/serialframe.o
                0x20000d10                currentUsartSeqNum
 .bss           0x20000d12        0x0 ./release/main.o
 .bss           0x20000d12        0x0 ./release/misc.o
 .bss           0x20000d12        0x0 ./release/stm32f10x_adc.o
 .bss           0x20000d12        0x0 ./release/stm32f10x_bkp.o
 .bss           0x20000d12        0x0 ./release/stm32f10x_can.o
 .bss           0x20000d12        0x0 ./release/stm32f10x_cec.o
 .bss           0x20000d12        0x0 ./release/stm32f10x_crc.o
 .bss           0x20000d12        0x0 ./release/stm32f10x_dac.o
 .bss           0x20000d12        0x0 ./release/stm32f10x_dbgmcu.o
 .bss           0x20000d12        0x0 ./release/stm32f10x_dma.o
 .bss           0x20000d12        0x0 ./release/stm32f10x_exti.o
 .bss           0x20000d12        0x0 ./release/stm32f10x_flash.o
 .bss           0x20000d12        0x0 ./release/stm32f10x_fsmc.o
 .bss           0x20000d12        0x0 ./release/stm32f10x_gpio.o
 .bss           0x20000d12        0x0 ./release/stm32f10x_i2c.o
 .bss           0x20000d12        0x0 ./release/stm32f10x_iwdg.o
 .bss           0x20000d12        0x0 ./release/stm32f10x_pwr.o
 .bss           0x20000d12        0x0 ./release/stm32f10x_rcc.o
 .bss           0x20000d12        0x0 ./release/stm32f10x_rtc.o
 .bss           0x20000d12        0x0 ./release/stm32f10x_sdio.o
 .bss           0x20000d12        0x0 ./release/stm32f10x_spi.o
 .bss           0x20000d12        0x0 ./release/stm32f10x_tim.o
 .bss           0x20000d12        0x0 ./release/stm32f10x_usart.o
 .bss           0x20000d12        0x0 ./release/stm32f10x_wwdg.o
 *fill*         0x20000d12        0x2 
 .bss           0x20000d14       0x1c ./release/hw_config.o
                0x20000d14                USART_Tx_ptr_in
                0x20000d18                USART_Tx_length
                0x20000d1c                USART_Tx_ptr_out
                0x20000d20                USB_Tx_State
                0x20000d24                USART_Rx_ptr_out
                0x20000d28                USART_Rx_ptr_in
                0x20000d2c                USART_Rx_length
 .bss           0x20000d30        0x0 ./release/otgd_fs_cal.o
 .bss           0x20000d30        0x0 ./release/otgd_fs_dev.o
 .bss           0x20000d30        0x0 ./release/otgd_fs_int.o
 .bss           0x20000d30        0x0 ./release/otgd_fs_pcd.o
 .bss           0x20000d30        0x0 ./release/stm32f10x_it.o
 .bss           0x20000d30        0x1 ./release/usb_core.o
                0x20000d30                Data_Mul_MaxPacketSize
 .bss           0x20000d31        0x0 ./release/usb_desc.o
 *fill*         0x20000d31        0x3 
 .bss           0x20000d34        0x4 ./release/usb_endp.o
 .bss           0x20000d38        0x0 ./release/usb_init.o
 .bss           0x20000d38        0x0 ./release/usb_int.o
 .bss           0x20000d38        0x1 ./release/usb_istr.o
                0x20000d38                bIntPackSOF
 .bss           0x20000d39        0x0 ./release/usb_mem.o
 .bss           0x20000d39        0x1 ./release/usb_prop.o
                0x20000d39                Request
 *fill*         0x20000d3a        0x2 
 .bss           0x20000d3c        0x4 ./release/usb_pwr.o
                0x20000d3c                bDeviceState
 .bss           0x20000d40        0x0 ./release/usb_regs.o
 .bss           0x20000d40        0x0 ./release/usb_sil.o
 .bss           0x20000d40       0x90 ../drivers\libDrivers_STM32F103_107_Jan_2013.a(timer_1234.o)
 .bss           0x20000dd0        0x0 ../drivers\libDrivers_STM32F103_107_Jan_2013.a(gpio.o)
 .bss           0x20000dd0        0xc ../drivers\libDrivers_STM32F103_107_Jan_2013.a(adc_dma.o)
 .bss           0x20000ddc        0x0 c:/program files (x86)/codesourcery/sourcery g++ lite/bin/../lib/gcc/arm-none-eabi/4.7.3/thumb2\libgcc.a(_arm_addsubdf3.o)
 .bss           0x20000ddc        0x0 c:/program files (x86)/codesourcery/sourcery g++ lite/bin/../lib/gcc/arm-none-eabi/4.7.3/thumb2\libgcc.a(_arm_muldivdf3.o)
 .bss           0x20000ddc        0x0 c:/program files (x86)/codesourcery/sourcery g++ lite/bin/../lib/gcc/arm-none-eabi/4.7.3/thumb2\libgcc.a(_arm_truncdfsf2.o)
 .bss           0x20000ddc        0x0 c:/program files (x86)/codesourcery/sourcery g++ lite/bin/../lib/gcc/arm-none-eabi/4.7.3/thumb2\libgcc.a(_arm_addsubsf3.o)
 .bss           0x20000ddc        0x0 c:/program files (x86)/codesourcery/sourcery g++ lite/bin/../lib/gcc/arm-none-eabi/4.7.3/thumb2\libgcc.a(_arm_muldivsf3.o)
 .bss           0x20000ddc        0x0 c:/program files (x86)/codesourcery/sourcery g++ lite/bin/../lib/gcc/arm-none-eabi/4.7.3/thumb2\libgcc.a(_arm_cmpsf2.o)
 .bss           0x20000ddc        0x0 c:/program files (x86)/codesourcery/sourcery g++ lite/bin/../lib/gcc/arm-none-eabi/4.7.3/thumb2\libgcc.a(_arm_fixsfsi.o)
 .bss           0x20000ddc        0x0 c:/program files (x86)/codesourcery/sourcery g++ lite/bin/../lib/gcc/arm-none-eabi/4.7.3/thumb2\libgcc.a(_arm_fixunssfsi.o)
 *(COMMON)
 COMMON         0x20000ddc        0xc ./release/usart.o
                0x20000ddc                PTR_Function_USART1
                0x20000de0                PTR_Function_USART2
                0x20000de4                PTR_Function_USART3
 COMMON         0x20000de8     0x1404 ./release/sampleacquisition.o
                0x20000de8                adcBuffer
                0x200021e8                sampleTime
 COMMON         0x200021ec       0x15 ./release/serialframe.o
                0x200021ec                converted
 *fill*         0x20002201        0x3 
 COMMON         0x20002204       0x38 ./release/main.o
                0x20002204                serialText
                0x20002238                realPeriod
 COMMON         0x2000223c     0x1014 ./release/hw_config.o
                0x2000223c                HSEStartUpStatus
                0x2000223d                USART_Tx_Buffer
                0x20002a3d                USART_Rx_Buffer
                0x20003240                USART_InitStructure
 COMMON         0x20003250        0x2 ./release/usb_core.o
                0x20003250                StatusInfo
 COMMON         0x20003252       0x80 ./release/usb_endp.o
                0x20003252                USB_Tx_Buffer
                0x20003292                USB_Rx_Buffer
 *fill*         0x200032d2        0x2 
 COMMON         0x200032d4       0x32 ./release/usb_init.o
                0x200032d4                SaveState
                0x200032d8                pProperty
                0x200032dc                EPindex
                0x200032e0                Device_Info
                0x200032fc                pUser_Standard_Requests
                0x20003300                pInformation
                0x20003304                wInterrupt_Mask
 COMMON         0x20003306        0x4 ./release/usb_int.o
                0x20003306                SaveRState
                0x20003308                SaveTState
 COMMON         0x2000330a        0x2 ./release/usb_istr.o
                0x2000330a                wIstr
 COMMON         0x2000330c        0x2 ./release/usb_pwr.o
                0x2000330c                ResumeS
 COMMON         0x2000330e       0x10 ../drivers\libDrivers_STM32F103_107_Jan_2013.a(timer_1234.o)
                0x2000330e                Enable_Fct_IT_Compare_Match_TIM3_Voie1
                0x2000330f                Enable_Fct_IT_Compare_Match_TIM1_Voie3
                0x20003310                Enable_Fct_IT_Compare_Match_TIM2_Voie1
                0x20003311                Enable_Fct_IT_Compare_Match_TIM4_Voie3
                0x20003312                Enable_Fct_IT_Compare_Match_TIM1_Voie1
                0x20003313                Enable_Fct_IT_Compare_Match_TIM3_Voie4
                0x20003314                Enable_Fct_IT_Compare_Match_TIM4_Voie1
                0x20003315                Enable_Fct_IT_Compare_Match_TIM3_Voie2
                0x20003316                Enable_Fct_IT_Compare_Match_TIM2_Voie3
                0x20003317                Enable_Fct_IT_Compare_Match_TIM1_Voie4
                0x20003318                Enable_Fct_IT_Compare_Match_TIM4_Voie4
                0x20003319                Enable_Fct_IT_Compare_Match_TIM2_Voie4
                0x2000331a                Enable_Fct_IT_Compare_Match_TIM3_Voie3
                0x2000331b                Enable_Fct_IT_Compare_Match_TIM2_Voie2
                0x2000331c                Enable_Fct_IT_Compare_Match_TIM1_Voie2
                0x2000331d                Enable_Fct_IT_Compare_Match_TIM4_Voie2
                0x2000331e                __bss_end__ = .

.heap           0x20003320      0x800
                0x20003320                __end__ = .
                0x20003320                end = __end__
                0x20003320                _end = __end__
 *(.heap*)
 .heap          0x20003320      0x800 ./release/startup-gcc.o
                0x20003320                __HeapBase
                0x20003b20                __HeapLimit = .

.stack_dummy    0x20003320      0xc00
 *(.stack)
 .stack         0x20003320      0xc00 ./release/startup-gcc.o
                0x20005000                __StackTop = (ORIGIN (RAM) + 0x5000)
                0x20004400                __StackLimit = (__StackTop - SIZEOF (.stack_dummy))
                0x20005000                PROVIDE (__stack, __StackTop)
                0x00000001                ASSERT ((__StackLimit >= __HeapLimit), region RAM overflowed with stack)
OUTPUT(./release/receiver_STM32.elf elf32-littlearm)

.ARM.attributes
                0x00000000       0x2f
 .ARM.attributes
                0x00000000       0x21 ./release/startup-gcc.o
 .ARM.attributes
                0x00000021       0x33 ./release/clock.o
 .ARM.attributes
                0x00000054       0x33 ./release/usart.o
 .ARM.attributes
                0x00000087       0x33 ./release/lib_crc.o
 .ARM.attributes
                0x000000ba       0x33 ./release/sampleacquisition.o
 .ARM.attributes
                0x000000ed       0x33 ./release/uartcomm.o
 .ARM.attributes
                0x00000120       0x33 ./release/usbcomm.o
 .ARM.attributes
                0x00000153       0x33 ./release/serialframe.o
 .ARM.attributes
                0x00000186       0x33 ./release/main.o
 .ARM.attributes
                0x000001b9       0x33 ./release/misc.o
 .ARM.attributes
                0x000001ec       0x33 ./release/stm32f10x_adc.o
 .ARM.attributes
                0x0000021f       0x33 ./release/stm32f10x_bkp.o
 .ARM.attributes
                0x00000252       0x33 ./release/stm32f10x_can.o
 .ARM.attributes
                0x00000285       0x33 ./release/stm32f10x_cec.o
 .ARM.attributes
                0x000002b8       0x33 ./release/stm32f10x_crc.o
 .ARM.attributes
                0x000002eb       0x33 ./release/stm32f10x_dac.o
 .ARM.attributes
                0x0000031e       0x33 ./release/stm32f10x_dbgmcu.o
 .ARM.attributes
                0x00000351       0x33 ./release/stm32f10x_dma.o
 .ARM.attributes
                0x00000384       0x33 ./release/stm32f10x_exti.o
 .ARM.attributes
                0x000003b7       0x33 ./release/stm32f10x_flash.o
 .ARM.attributes
                0x000003ea       0x33 ./release/stm32f10x_fsmc.o
 .ARM.attributes
                0x0000041d       0x33 ./release/stm32f10x_gpio.o
 .ARM.attributes
                0x00000450       0x33 ./release/stm32f10x_i2c.o
 .ARM.attributes
                0x00000483       0x33 ./release/stm32f10x_iwdg.o
 .ARM.attributes
                0x000004b6       0x33 ./release/stm32f10x_pwr.o
 .ARM.attributes
                0x000004e9       0x33 ./release/stm32f10x_rcc.o
 .ARM.attributes
                0x0000051c       0x33 ./release/stm32f10x_rtc.o
 .ARM.attributes
                0x0000054f       0x33 ./release/stm32f10x_sdio.o
 .ARM.attributes
                0x00000582       0x33 ./release/stm32f10x_spi.o
 .ARM.attributes
                0x000005b5       0x33 ./release/stm32f10x_tim.o
 .ARM.attributes
                0x000005e8       0x33 ./release/stm32f10x_usart.o
 .ARM.attributes
                0x0000061b       0x33 ./release/stm32f10x_wwdg.o
 .ARM.attributes
                0x0000064e       0x33 ./release/hw_config.o
 .ARM.attributes
                0x00000681       0x33 ./release/otgd_fs_cal.o
 .ARM.attributes
                0x000006b4       0x33 ./release/otgd_fs_dev.o
 .ARM.attributes
                0x000006e7       0x33 ./release/otgd_fs_int.o
 .ARM.attributes
                0x0000071a       0x33 ./release/otgd_fs_pcd.o
 .ARM.attributes
                0x0000074d       0x33 ./release/stm32f10x_it.o
 .ARM.attributes
                0x00000780       0x33 ./release/usb_core.o
 .ARM.attributes
                0x000007b3       0x33 ./release/usb_desc.o
 .ARM.attributes
                0x000007e6       0x33 ./release/usb_endp.o
 .ARM.attributes
                0x00000819       0x33 ./release/usb_init.o
 .ARM.attributes
                0x0000084c       0x33 ./release/usb_int.o
 .ARM.attributes
                0x0000087f       0x33 ./release/usb_istr.o
 .ARM.attributes
                0x000008b2       0x33 ./release/usb_mem.o
 .ARM.attributes
                0x000008e5       0x33 ./release/usb_prop.o
 .ARM.attributes
                0x00000918       0x33 ./release/usb_pwr.o
 .ARM.attributes
                0x0000094b       0x33 ./release/usb_regs.o
 .ARM.attributes
                0x0000097e       0x33 ./release/usb_sil.o
 .ARM.attributes
                0x000009b1       0x31 ../drivers\libDrivers_STM32F103_107_Jan_2013.a(timer_1234.o)
 .ARM.attributes
                0x000009e2       0x31 ../drivers\libDrivers_STM32F103_107_Jan_2013.a(gpio.o)
 .ARM.attributes
                0x00000a13       0x31 ../drivers\libDrivers_STM32F103_107_Jan_2013.a(adc_dma.o)
 .ARM.attributes
                0x00000a44       0x19 c:/program files (x86)/codesourcery/sourcery g++ lite/bin/../lib/gcc/arm-none-eabi/4.7.3/thumb2\libgcc.a(_arm_addsubdf3.o)
 .ARM.attributes
                0x00000a5d       0x19 c:/program files (x86)/codesourcery/sourcery g++ lite/bin/../lib/gcc/arm-none-eabi/4.7.3/thumb2\libgcc.a(_arm_muldivdf3.o)
 .ARM.attributes
                0x00000a76       0x19 c:/program files (x86)/codesourcery/sourcery g++ lite/bin/../lib/gcc/arm-none-eabi/4.7.3/thumb2\libgcc.a(_arm_truncdfsf2.o)
 .ARM.attributes
                0x00000a8f       0x19 c:/program files (x86)/codesourcery/sourcery g++ lite/bin/../lib/gcc/arm-none-eabi/4.7.3/thumb2\libgcc.a(_arm_addsubsf3.o)
 .ARM.attributes
                0x00000aa8       0x19 c:/program files (x86)/codesourcery/sourcery g++ lite/bin/../lib/gcc/arm-none-eabi/4.7.3/thumb2\libgcc.a(_arm_muldivsf3.o)
 .ARM.attributes
                0x00000ac1       0x19 c:/program files (x86)/codesourcery/sourcery g++ lite/bin/../lib/gcc/arm-none-eabi/4.7.3/thumb2\libgcc.a(_arm_cmpsf2.o)
 .ARM.attributes
                0x00000ada       0x19 c:/program files (x86)/codesourcery/sourcery g++ lite/bin/../lib/gcc/arm-none-eabi/4.7.3/thumb2\libgcc.a(_arm_fixsfsi.o)
 .ARM.attributes
                0x00000af3       0x19 c:/program files (x86)/codesourcery/sourcery g++ lite/bin/../lib/gcc/arm-none-eabi/4.7.3/thumb2\libgcc.a(_arm_fixunssfsi.o)

.comment        0x00000000       0xb1
 .comment       0x00000000       0x30 ./release/clock.o
                                 0x31 (size before relaxing)
 .comment       0x00000000       0x31 ./release/usart.o
 .comment       0x00000000       0x31 ./release/lib_crc.o
 .comment       0x00000000       0x31 ./release/sampleacquisition.o
 .comment       0x00000000       0x31 ./release/uartcomm.o
 .comment       0x00000000       0x31 ./release/usbcomm.o
 .comment       0x00000000       0x31 ./release/serialframe.o
 .comment       0x00000000       0x31 ./release/main.o
 .comment       0x00000000       0x31 ./release/misc.o
 .comment       0x00000000       0x31 ./release/stm32f10x_adc.o
 .comment       0x00000000       0x31 ./release/stm32f10x_bkp.o
 .comment       0x00000000       0x31 ./release/stm32f10x_can.o
 .comment       0x00000000       0x31 ./release/stm32f10x_cec.o
 .comment       0x00000000       0x31 ./release/stm32f10x_crc.o
 .comment       0x00000000       0x31 ./release/stm32f10x_dac.o
 .comment       0x00000000       0x31 ./release/stm32f10x_dbgmcu.o
 .comment       0x00000000       0x31 ./release/stm32f10x_dma.o
 .comment       0x00000000       0x31 ./release/stm32f10x_exti.o
 .comment       0x00000000       0x31 ./release/stm32f10x_flash.o
 .comment       0x00000000       0x31 ./release/stm32f10x_fsmc.o
 .comment       0x00000000       0x31 ./release/stm32f10x_gpio.o
 .comment       0x00000000       0x31 ./release/stm32f10x_i2c.o
 .comment       0x00000000       0x31 ./release/stm32f10x_iwdg.o
 .comment       0x00000000       0x31 ./release/stm32f10x_pwr.o
 .comment       0x00000000       0x31 ./release/stm32f10x_rcc.o
 .comment       0x00000000       0x31 ./release/stm32f10x_rtc.o
 .comment       0x00000000       0x31 ./release/stm32f10x_sdio.o
 .comment       0x00000000       0x31 ./release/stm32f10x_spi.o
 .comment       0x00000000       0x31 ./release/stm32f10x_tim.o
 .comment       0x00000000       0x31 ./release/stm32f10x_usart.o
 .comment       0x00000000       0x31 ./release/stm32f10x_wwdg.o
 .comment       0x00000000       0x31 ./release/hw_config.o
 .comment       0x00000000       0x31 ./release/otgd_fs_cal.o
 .comment       0x00000000       0x31 ./release/otgd_fs_dev.o
 .comment       0x00000000       0x31 ./release/otgd_fs_int.o
 .comment       0x00000000       0x31 ./release/otgd_fs_pcd.o
 .comment       0x00000000       0x31 ./release/stm32f10x_it.o
 .comment       0x00000000       0x31 ./release/usb_core.o
 .comment       0x00000000       0x31 ./release/usb_desc.o
 .comment       0x00000000       0x31 ./release/usb_endp.o
 .comment       0x00000000       0x31 ./release/usb_init.o
 .comment       0x00000000       0x31 ./release/usb_int.o
 .comment       0x00000000       0x31 ./release/usb_istr.o
 .comment       0x00000000       0x31 ./release/usb_mem.o
 .comment       0x00000000       0x31 ./release/usb_prop.o
 .comment       0x00000000       0x31 ./release/usb_pwr.o
 .comment       0x00000000       0x31 ./release/usb_regs.o
 .comment       0x00000000       0x31 ./release/usb_sil.o
 .comment       0x00000030       0x2b ../drivers\libDrivers_STM32F103_107_Jan_2013.a(timer_1234.o)
 .comment       0x0000005b       0x2b ../drivers\libDrivers_STM32F103_107_Jan_2013.a(gpio.o)
 .comment       0x00000086       0x2b ../drivers\libDrivers_STM32F103_107_Jan_2013.a(adc_dma.o)

.debug_line     0x00000000     0x6a6d
 .debug_line    0x00000000       0x91 ./release/startup-gcc.o
 .debug_line    0x00000091      0x13d ./release/clock.o
 .debug_line    0x000001ce      0x1c1 ./release/usart.o
 .debug_line    0x0000038f       0xf2 ./release/lib_crc.o
 .debug_line    0x00000481      0x15b ./release/sampleacquisition.o
 .debug_line    0x000005dc      0x19c ./release/uartcomm.o
 .debug_line    0x00000778      0x1d2 ./release/usbcomm.o
 .debug_line    0x0000094a      0x1aa ./release/serialframe.o
 .debug_line    0x00000af4      0x1ab ./release/main.o
 .debug_line    0x00000c9f      0x1c9 ./release/misc.o
 .debug_line    0x00000e68      0x321 ./release/stm32f10x_adc.o
 .debug_line    0x00001189      0x1e7 ./release/stm32f10x_bkp.o
 .debug_line    0x00001370      0x3ee ./release/stm32f10x_can.o
 .debug_line    0x0000175e      0x21e ./release/stm32f10x_cec.o
 .debug_line    0x0000197c      0x1c3 ./release/stm32f10x_crc.o
 .debug_line    0x00001b3f      0x21b ./release/stm32f10x_dac.o
 .debug_line    0x00001d5a      0x1a7 ./release/stm32f10x_dbgmcu.o
 .debug_line    0x00001f01      0x22a ./release/stm32f10x_dma.o
 .debug_line    0x0000212b      0x1fc ./release/stm32f10x_exti.o
 .debug_line    0x00002327      0x368 ./release/stm32f10x_flash.o
 .debug_line    0x0000268f      0x327 ./release/stm32f10x_fsmc.o
 .debug_line    0x000029b6      0x2a1 ./release/stm32f10x_gpio.o
 .debug_line    0x00002c57      0x309 ./release/stm32f10x_i2c.o
 .debug_line    0x00002f60      0x1b1 ./release/stm32f10x_iwdg.o
 .debug_line    0x00003111      0x20c ./release/stm32f10x_pwr.o
 .debug_line    0x0000331d      0x2ae ./release/stm32f10x_rcc.o
 .debug_line    0x000035cb      0x204 ./release/stm32f10x_rtc.o
 .debug_line    0x000037cf      0x29e ./release/stm32f10x_sdio.o
 .debug_line    0x00003a6d      0x2d9 ./release/stm32f10x_spi.o
 .debug_line    0x00003d46      0x620 ./release/stm32f10x_tim.o
 .debug_line    0x00004366      0x310 ./release/stm32f10x_usart.o
 .debug_line    0x00004676      0x1d3 ./release/stm32f10x_wwdg.o
 .debug_line    0x00004849      0x313 ./release/hw_config.o
 .debug_line    0x00004b5c        0x0 ./release/otgd_fs_cal.o
 .debug_line    0x00004b5c        0x0 ./release/otgd_fs_dev.o
 .debug_line    0x00004b5c        0x0 ./release/otgd_fs_int.o
 .debug_line    0x00004b5c        0x0 ./release/otgd_fs_pcd.o
 .debug_line    0x00004b5c      0x16f ./release/stm32f10x_it.o
 .debug_line    0x00004ccb      0x3fe ./release/usb_core.o
 .debug_line    0x000050c9      0x113 ./release/usb_desc.o
 .debug_line    0x000051dc      0x1ca ./release/usb_endp.o
 .debug_line    0x000053a6      0x172 ./release/usb_init.o
 .debug_line    0x00005518      0x1f3 ./release/usb_int.o
 .debug_line    0x0000570b      0x19d ./release/usb_istr.o
 .debug_line    0x000058a8      0x159 ./release/usb_mem.o
 .debug_line    0x00005a01      0x275 ./release/usb_prop.o
 .debug_line    0x00005c76      0x201 ./release/usb_pwr.o
 .debug_line    0x00005e77      0x492 ./release/usb_regs.o
 .debug_line    0x00006309      0x1a1 ./release/usb_sil.o
 .debug_line    0x000064aa      0x2d3 ../drivers\libDrivers_STM32F103_107_Jan_2013.a(timer_1234.o)
 .debug_line    0x0000677d      0x134 ../drivers\libDrivers_STM32F103_107_Jan_2013.a(gpio.o)
 .debug_line    0x000068b1      0x1bc ../drivers\libDrivers_STM32F103_107_Jan_2013.a(adc_dma.o)

.debug_info     0x00000000    0x14ab3
 .debug_info    0x00000000       0x82 ./release/startup-gcc.o
 .debug_info    0x00000082      0x560 ./release/clock.o
 .debug_info    0x000005e2      0x6b1 ./release/usart.o
 .debug_info    0x00000c93      0x573 ./release/lib_crc.o
 .debug_info    0x00001206      0x40d ./release/sampleacquisition.o
 .debug_info    0x00001613      0x4ff ./release/uartcomm.o
 .debug_info    0x00001b12      0x39b ./release/usbcomm.o
 .debug_info    0x00001ead      0x465 ./release/serialframe.o
 .debug_info    0x00002312      0x59c ./release/main.o
 .debug_info    0x000028ae      0x592 ./release/misc.o
 .debug_info    0x00002e40      0xc97 ./release/stm32f10x_adc.o
 .debug_info    0x00003ad7      0x8bd ./release/stm32f10x_bkp.o
 .debug_info    0x00004394      0xce3 ./release/stm32f10x_can.o
 .debug_info    0x00005077      0x493 ./release/stm32f10x_cec.o
 .debug_info    0x0000550a      0x206 ./release/stm32f10x_crc.o
 .debug_info    0x00005710      0x537 ./release/stm32f10x_dac.o
 .debug_info    0x00005c47      0x15e ./release/stm32f10x_dbgmcu.o
 .debug_info    0x00005da5      0x4a4 ./release/stm32f10x_dma.o
 .debug_info    0x00006249      0x369 ./release/stm32f10x_exti.o
 .debug_info    0x000065b2      0xaa9 ./release/stm32f10x_flash.o
 .debug_info    0x0000705b      0x9aa ./release/stm32f10x_fsmc.o
 .debug_info    0x00007a05      0x838 ./release/stm32f10x_gpio.o
 .debug_info    0x0000823d      0xc1e ./release/stm32f10x_i2c.o
 .debug_info    0x00008e5b      0x203 ./release/stm32f10x_iwdg.o
 .debug_info    0x0000905e      0x501 ./release/stm32f10x_pwr.o
 .debug_info    0x0000955f      0x93c ./release/stm32f10x_rcc.o
 .debug_info    0x00009e9b      0x4b5 ./release/stm32f10x_rtc.o
 .debug_info    0x0000a350      0x896 ./release/stm32f10x_sdio.o
 .debug_info    0x0000abe6      0xa4d ./release/stm32f10x_spi.o
 .debug_info    0x0000b633     0x2299 ./release/stm32f10x_tim.o
 .debug_info    0x0000d8cc      0xb7d ./release/stm32f10x_usart.o
 .debug_info    0x0000e449      0x299 ./release/stm32f10x_wwdg.o
 .debug_info    0x0000e6e2      0xb8b ./release/hw_config.o
 .debug_info    0x0000f26d       0xbf ./release/stm32f10x_it.o
 .debug_info    0x0000f32c      0xf1e ./release/usb_core.o
 .debug_info    0x0001024a      0x179 ./release/usb_desc.o
 .debug_info    0x000103c3      0x328 ./release/usb_endp.o
 .debug_info    0x000106eb      0x495 ./release/usb_init.o
 .debug_info    0x00010b80      0x1fb ./release/usb_int.o
 .debug_info    0x00010d7b      0x2ab ./release/usb_istr.o
 .debug_info    0x00011026      0x1c0 ./release/usb_mem.o
 .debug_info    0x000111e6      0xc6d ./release/usb_prop.o
 .debug_info    0x00011e53      0x35b ./release/usb_pwr.o
 .debug_info    0x000121ae      0xdeb ./release/usb_regs.o
 .debug_info    0x00012f99      0x295 ./release/usb_sil.o
 .debug_info    0x0001322e      0xbf9 ../drivers\libDrivers_STM32F103_107_Jan_2013.a(timer_1234.o)
 .debug_info    0x00013e27      0x266 ../drivers\libDrivers_STM32F103_107_Jan_2013.a(gpio.o)
 .debug_info    0x0001408d      0xa26 ../drivers\libDrivers_STM32F103_107_Jan_2013.a(adc_dma.o)

.debug_abbrev   0x00000000     0x4f97
 .debug_abbrev  0x00000000       0x14 ./release/startup-gcc.o
 .debug_abbrev  0x00000014      0x125 ./release/clock.o
 .debug_abbrev  0x00000139      0x228 ./release/usart.o
 .debug_abbrev  0x00000361      0x16c ./release/lib_crc.o
 .debug_abbrev  0x000004cd      0x14d ./release/sampleacquisition.o
 .debug_abbrev  0x0000061a      0x193 ./release/uartcomm.o
 .debug_abbrev  0x000007ad      0x1e0 ./release/usbcomm.o
 .debug_abbrev  0x0000098d      0x178 ./release/serialframe.o
 .debug_abbrev  0x00000b05      0x190 ./release/main.o
 .debug_abbrev  0x00000c95      0x152 ./release/misc.o
 .debug_abbrev  0x00000de7      0x213 ./release/stm32f10x_adc.o
 .debug_abbrev  0x00000ffa      0x1b5 ./release/stm32f10x_bkp.o
 .debug_abbrev  0x000011af      0x28b ./release/stm32f10x_can.o
 .debug_abbrev  0x0000143a      0x200 ./release/stm32f10x_cec.o
 .debug_abbrev  0x0000163a      0x141 ./release/stm32f10x_crc.o
 .debug_abbrev  0x0000177b      0x1ee ./release/stm32f10x_dac.o
 .debug_abbrev  0x00001969       0xef ./release/stm32f10x_dbgmcu.o
 .debug_abbrev  0x00001a58      0x180 ./release/stm32f10x_dma.o
 .debug_abbrev  0x00001bd8      0x17c ./release/stm32f10x_exti.o
 .debug_abbrev  0x00001d54      0x227 ./release/stm32f10x_flash.o
 .debug_abbrev  0x00001f7b      0x1c4 ./release/stm32f10x_fsmc.o
 .debug_abbrev  0x0000213f      0x20f ./release/stm32f10x_gpio.o
 .debug_abbrev  0x0000234e      0x1ec ./release/stm32f10x_i2c.o
 .debug_abbrev  0x0000253a      0x112 ./release/stm32f10x_iwdg.o
 .debug_abbrev  0x0000264c      0x1d1 ./release/stm32f10x_pwr.o
 .debug_abbrev  0x0000281d      0x209 ./release/stm32f10x_rcc.o
 .debug_abbrev  0x00002a26      0x1b7 ./release/stm32f10x_rtc.o
 .debug_abbrev  0x00002bdd      0x21f ./release/stm32f10x_sdio.o
 .debug_abbrev  0x00002dfc      0x218 ./release/stm32f10x_spi.o
 .debug_abbrev  0x00003014      0x301 ./release/stm32f10x_tim.o
 .debug_abbrev  0x00003315      0x230 ./release/stm32f10x_usart.o
 .debug_abbrev  0x00003545      0x15a ./release/stm32f10x_wwdg.o
 .debug_abbrev  0x0000369f      0x340 ./release/hw_config.o
 .debug_abbrev  0x000039df       0x88 ./release/stm32f10x_it.o
 .debug_abbrev  0x00003a67      0x3ea ./release/usb_core.o
 .debug_abbrev  0x00003e51       0x75 ./release/usb_desc.o
 .debug_abbrev  0x00003ec6      0x183 ./release/usb_endp.o
 .debug_abbrev  0x00004049      0x120 ./release/usb_init.o
 .debug_abbrev  0x00004169       0xe5 ./release/usb_int.o
 .debug_abbrev  0x0000424e      0x118 ./release/usb_istr.o
 .debug_abbrev  0x00004366       0xae ./release/usb_mem.o
 .debug_abbrev  0x00004414      0x2ac ./release/usb_prop.o
 .debug_abbrev  0x000046c0      0x1a4 ./release/usb_pwr.o
 .debug_abbrev  0x00004864      0x20b ./release/usb_regs.o
 .debug_abbrev  0x00004a6f      0x134 ./release/usb_sil.o
 .debug_abbrev  0x00004ba3      0x18a ../drivers\libDrivers_STM32F103_107_Jan_2013.a(timer_1234.o)
 .debug_abbrev  0x00004d2d       0xd0 ../drivers\libDrivers_STM32F103_107_Jan_2013.a(gpio.o)
 .debug_abbrev  0x00004dfd      0x19a ../drivers\libDrivers_STM32F103_107_Jan_2013.a(adc_dma.o)

.debug_aranges  0x00000000      0x600
 .debug_aranges
                0x00000000       0x20 ./release/startup-gcc.o
 .debug_aranges
                0x00000020       0x20 ./release/clock.o
 .debug_aranges
                0x00000040       0x20 ./release/usart.o
 .debug_aranges
                0x00000060       0x20 ./release/lib_crc.o
 .debug_aranges
                0x00000080       0x20 ./release/sampleacquisition.o
 .debug_aranges
                0x000000a0       0x20 ./release/uartcomm.o
 .debug_aranges
                0x000000c0       0x20 ./release/usbcomm.o
 .debug_aranges
                0x000000e0       0x20 ./release/serialframe.o
 .debug_aranges
                0x00000100       0x28 ./release/main.o
 .debug_aranges
                0x00000128       0x20 ./release/misc.o
 .debug_aranges
                0x00000148       0x20 ./release/stm32f10x_adc.o
 .debug_aranges
                0x00000168       0x20 ./release/stm32f10x_bkp.o
 .debug_aranges
                0x00000188       0x20 ./release/stm32f10x_can.o
 .debug_aranges
                0x000001a8       0x20 ./release/stm32f10x_cec.o
 .debug_aranges
                0x000001c8       0x20 ./release/stm32f10x_crc.o
 .debug_aranges
                0x000001e8       0x20 ./release/stm32f10x_dac.o
 .debug_aranges
                0x00000208       0x20 ./release/stm32f10x_dbgmcu.o
 .debug_aranges
                0x00000228       0x20 ./release/stm32f10x_dma.o
 .debug_aranges
                0x00000248       0x20 ./release/stm32f10x_exti.o
 .debug_aranges
                0x00000268       0x20 ./release/stm32f10x_flash.o
 .debug_aranges
                0x00000288       0x20 ./release/stm32f10x_fsmc.o
 .debug_aranges
                0x000002a8       0x20 ./release/stm32f10x_gpio.o
 .debug_aranges
                0x000002c8       0x20 ./release/stm32f10x_i2c.o
 .debug_aranges
                0x000002e8       0x20 ./release/stm32f10x_iwdg.o
 .debug_aranges
                0x00000308       0x20 ./release/stm32f10x_pwr.o
 .debug_aranges
                0x00000328       0x20 ./release/stm32f10x_rcc.o
 .debug_aranges
                0x00000348       0x20 ./release/stm32f10x_rtc.o
 .debug_aranges
                0x00000368       0x20 ./release/stm32f10x_sdio.o
 .debug_aranges
                0x00000388       0x20 ./release/stm32f10x_spi.o
 .debug_aranges
                0x000003a8       0x20 ./release/stm32f10x_tim.o
 .debug_aranges
                0x000003c8       0x20 ./release/stm32f10x_usart.o
 .debug_aranges
                0x000003e8       0x20 ./release/stm32f10x_wwdg.o
 .debug_aranges
                0x00000408       0x20 ./release/hw_config.o
 .debug_aranges
                0x00000428       0x20 ./release/stm32f10x_it.o
 .debug_aranges
                0x00000448       0x20 ./release/usb_core.o
 .debug_aranges
                0x00000468       0x18 ./release/usb_desc.o
 .debug_aranges
                0x00000480       0x20 ./release/usb_endp.o
 .debug_aranges
                0x000004a0       0x20 ./release/usb_init.o
 .debug_aranges
                0x000004c0       0x20 ./release/usb_int.o
 .debug_aranges
                0x000004e0       0x20 ./release/usb_istr.o
 .debug_aranges
                0x00000500       0x20 ./release/usb_mem.o
 .debug_aranges
                0x00000520       0x20 ./release/usb_prop.o
 .debug_aranges
                0x00000540       0x20 ./release/usb_pwr.o
 .debug_aranges
                0x00000560       0x20 ./release/usb_regs.o
 .debug_aranges
                0x00000580       0x20 ./release/usb_sil.o
 .debug_aranges
                0x000005a0       0x20 ../drivers\libDrivers_STM32F103_107_Jan_2013.a(timer_1234.o)
 .debug_aranges
                0x000005c0       0x20 ../drivers\libDrivers_STM32F103_107_Jan_2013.a(gpio.o)
 .debug_aranges
                0x000005e0       0x20 ../drivers\libDrivers_STM32F103_107_Jan_2013.a(adc_dma.o)

.debug_loc      0x00000000     0xaeb1
 .debug_loc     0x00000000       0x21 ./release/clock.o
 .debug_loc     0x00000021      0x493 ./release/usart.o
 .debug_loc     0x000004b4      0x52c ./release/lib_crc.o
 .debug_loc     0x000009e0       0x74 ./release/sampleacquisition.o
 .debug_loc     0x00000a54      0x1ba ./release/uartcomm.o
 .debug_loc     0x00000c0e      0x17d ./release/usbcomm.o
 .debug_loc     0x00000d8b      0x609 ./release/serialframe.o
 .debug_loc     0x00001394       0x20 ./release/main.o
 .debug_loc     0x000013b4      0x190 ./release/misc.o
 .debug_loc     0x00001544      0xa2d ./release/stm32f10x_adc.o
 .debug_loc     0x00001f71      0x198 ./release/stm32f10x_bkp.o
 .debug_loc     0x00002109      0x804 ./release/stm32f10x_can.o
 .debug_loc     0x0000290d      0x233 ./release/stm32f10x_cec.o
 .debug_loc     0x00002b40       0x7f ./release/stm32f10x_crc.o
 .debug_loc     0x00002bbf      0x3dc ./release/stm32f10x_dac.o
 .debug_loc     0x00002f9b       0x3a ./release/stm32f10x_dbgmcu.o
 .debug_loc     0x00002fd5      0x1ae ./release/stm32f10x_dma.o
 .debug_loc     0x00003183      0x1c0 ./release/stm32f10x_exti.o
 .debug_loc     0x00003343      0x9e4 ./release/stm32f10x_flash.o
 .debug_loc     0x00003d27      0x470 ./release/stm32f10x_fsmc.o
 .debug_loc     0x00004197      0x5d0 ./release/stm32f10x_gpio.o
 .debug_loc     0x00004767      0x80d ./release/stm32f10x_i2c.o
 .debug_loc     0x00004f74       0x62 ./release/stm32f10x_iwdg.o
 .debug_loc     0x00004fd6      0x131 ./release/stm32f10x_pwr.o
 .debug_loc     0x00005107      0x6e3 ./release/stm32f10x_rcc.o
 .debug_loc     0x000057ea      0x265 ./release/stm32f10x_rtc.o
 .debug_loc     0x00005a4f      0x2e9 ./release/stm32f10x_sdio.o
 .debug_loc     0x00005d38      0x5e5 ./release/stm32f10x_spi.o
 .debug_loc     0x0000631d     0x1ccd ./release/stm32f10x_tim.o
 .debug_loc     0x00007fea      0x71f ./release/stm32f10x_usart.o
 .debug_loc     0x00008709      0x130 ./release/stm32f10x_wwdg.o
 .debug_loc     0x00008839      0x29b ./release/hw_config.o