Archive member included because of file (symbol)

../drivers\libDrivers_STM32F103_107_Jan_2013.a(timer_1234.o)
                              ./release/main.o (Timer_1234_Init)
../drivers\libDrivers_STM32F103_107_Jan_2013.a(gpio.o)
                              ./release/uartcomm.o (GPIO_Configure)
c:/program files (x86)/codesourcery/sourcery g++ lite/bin/../lib/gcc/arm-none-eabi/4.7.3/thumb2\libgcc.a(_arm_addsubdf3.o)
                              ../drivers\libDrivers_STM32F103_107_Jan_2013.a(timer_1234.o) (__aeabi_dadd)
c:/program files (x86)/codesourcery/sourcery g++ lite/bin/../lib/gcc/arm-none-eabi/4.7.3/thumb2\libgcc.a(_arm_muldivdf3.o)
                              ./release/signalfilter.o (__aeabi_dmul)
c:/program files (x86)/codesourcery/sourcery g++ lite/bin/../lib/gcc/arm-none-eabi/4.7.3/thumb2\libgcc.a(_arm_fixdfsi.o)
                              ./release/signalfilter.o (__aeabi_d2iz)
c:/program files (x86)/codesourcery/sourcery g++ lite/bin/../lib/gcc/arm-none-eabi/4.7.3/thumb2\libgcc.a(_arm_truncdfsf2.o)
                              ../drivers\libDrivers_STM32F103_107_Jan_2013.a(timer_1234.o) (__aeabi_d2f)
c:/program files (x86)/codesourcery/sourcery g++ lite/bin/../lib/gcc/arm-none-eabi/4.7.3/thumb2\libgcc.a(_arm_addsubsf3.o)
                              ./release/usart.o (__aeabi_fsub)
c:/program files (x86)/codesourcery/sourcery g++ lite/bin/../lib/gcc/arm-none-eabi/4.7.3/thumb2\libgcc.a(_arm_muldivsf3.o)
                              ./release/usart.o (__aeabi_fmul)
c:/program files (x86)/codesourcery/sourcery g++ lite/bin/../lib/gcc/arm-none-eabi/4.7.3/thumb2\libgcc.a(_arm_cmpsf2.o)
                              ../drivers\libDrivers_STM32F103_107_Jan_2013.a(timer_1234.o) (__aeabi_fcmplt)
c:/program files (x86)/codesourcery/sourcery g++ lite/bin/../lib/gcc/arm-none-eabi/4.7.3/thumb2\libgcc.a(_arm_fixsfsi.o)
                              ../drivers\libDrivers_STM32F103_107_Jan_2013.a(timer_1234.o) (__aeabi_f2iz)
c:/program files (x86)/codesourcery/sourcery g++ lite/bin/../lib/gcc/arm-none-eabi/4.7.3/thumb2\libgcc.a(_arm_fixunssfsi.o)
                              ./release/usart.o (__aeabi_f2uiz)

Allocating common symbols
Common symbol       size              file

SaveRState          0x2               ./release/usb_int.o
Enable_Fct_IT_Compare_Match_TIM3_Voie1
                    0x1               ../drivers\libDrivers_STM32F103_107_Jan_2013.a(timer_1234.o)
Enable_Fct_IT_Compare_Match_TIM1_Voie3
                    0x1               ../drivers\libDrivers_STM32F103_107_Jan_2013.a(timer_1234.o)
Enable_Fct_IT_Compare_Match_TIM2_Voie1
                    0x1               ../drivers\libDrivers_STM32F103_107_Jan_2013.a(timer_1234.o)
HSEStartUpStatus    0x1               ./release/hw_config.o
Enable_Fct_IT_Compare_Match_TIM4_Voie3
                    0x1               ../drivers\libDrivers_STM32F103_107_Jan_2013.a(timer_1234.o)
adcBuffer           0x100             ./release/sampleacquisition.o
SaveState           0x2               ./release/usb_init.o
Enable_Fct_IT_Compare_Match_TIM1_Voie1
                    0x1               ../drivers\libDrivers_STM32F103_107_Jan_2013.a(timer_1234.o)
converted           0x15              ./release/serialframe.o
Enable_Fct_IT_Compare_Match_TIM3_Voie4
                    0x1               ../drivers\libDrivers_STM32F103_107_Jan_2013.a(timer_1234.o)
USART_Tx_Buffer     0x800             ./release/hw_config.o
wIstr               0x2               ./release/usb_istr.o
pProperty           0x4               ./release/usb_init.o
PTR_Function_USART1
                    0x4               ./release/usart.o
Enable_Fct_IT_Compare_Match_TIM4_Voie1
                    0x1               ../drivers\libDrivers_STM32F103_107_Jan_2013.a(timer_1234.o)
EPindex             0x1               ./release/usb_init.o
Enable_Fct_IT_Compare_Match_TIM3_Voie2
                    0x1               ../drivers\libDrivers_STM32F103_107_Jan_2013.a(timer_1234.o)
Enable_Fct_IT_Compare_Match_TIM2_Voie3
                    0x1               ../drivers\libDrivers_STM32F103_107_Jan_2013.a(timer_1234.o)
Enable_Fct_IT_Compare_Match_TIM1_Voie4
                    0x1               ../drivers\libDrivers_STM32F103_107_Jan_2013.a(timer_1234.o)
USB_Tx_Buffer       0x40              ./release/usb_endp.o
SaveTState          0x2               ./release/usb_int.o
Enable_Fct_IT_Compare_Match_TIM4_Voie4
                    0x1               ../drivers\libDrivers_STM32F103_107_Jan_2013.a(timer_1234.o)
Device_Info         0x1c              ./release/usb_init.o
pUser_Standard_Requests
                    0x4               ./release/usb_init.o
outputFilters       0x10              ./release/signalfilter.o
USB_Rx_Buffer       0x40              ./release/usb_endp.o
Enable_Fct_IT_Compare_Match_TIM2_Voie4
                    0x1               ../drivers\libDrivers_STM32F103_107_Jan_2013.a(timer_1234.o)
USART_Rx_Buffer     0x800             ./release/hw_config.o
StatusInfo          0x2               ./release/usb_core.o
Enable_Fct_IT_Compare_Match_TIM3_Voie3
                    0x1               ../drivers\libDrivers_STM32F103_107_Jan_2013.a(timer_1234.o)
pInformation        0x4               ./release/usb_init.o
ResumeS             0x2               ./release/usb_pwr.o
PTR_Function_USART2
                    0x4               ./release/usart.o
USART_InitStructure
                    0x10              ./release/hw_config.o
Enable_Fct_IT_Compare_Match_TIM2_Voie2
                    0x1               ../drivers\libDrivers_STM32F103_107_Jan_2013.a(timer_1234.o)
Enable_Fct_IT_Compare_Match_TIM1_Voie2
                    0x1               ../drivers\libDrivers_STM32F103_107_Jan_2013.a(timer_1234.o)
PTR_Function_USART3
                    0x4               ./release/usart.o
Enable_Fct_IT_Compare_Match_TIM4_Voie2
                    0x1               ../drivers\libDrivers_STM32F103_107_Jan_2013.a(timer_1234.o)
wInterrupt_Mask     0x2               ./release/usb_init.o

Memory Configuration

Name             Origin             Length             Attributes
FLASH            0x08000000         0x00020000         xr
RAM              0x20000000         0x00005000         rw
*default*        0x00000000         0xffffffff

Linker script and memory map

LOAD ./release/startup-gcc.o
LOAD ./release/clock.o
LOAD ./release/usart.o
LOAD ./release/misc.o
LOAD ./release/stm32f10x_adc.o
LOAD ./release/stm32f10x_bkp.o
LOAD ./release/stm32f10x_dma.o
LOAD ./release/stm32f10x_exti.o
LOAD ./release/stm32f10x_flash.o
LOAD ./release/stm32f10x_gpio.o
LOAD ./release/stm32f10x_iwdg.o
LOAD ./release/stm32f10x_rcc.o
LOAD ./release/stm32f10x_rtc.o
LOAD ./release/stm32f10x_sdio.o
LOAD ./release/stm32f10x_tim.o
LOAD ./release/stm32f10x_usart.o
LOAD ./release/stm32f10x_wwdg.o
LOAD ./release/hw_config.o
LOAD ./release/otgd_fs_cal.o
LOAD ./release/otgd_fs_dev.o
LOAD ./release/otgd_fs_int.o
LOAD ./release/otgd_fs_pcd.o
LOAD ./release/stm32f10x_it.o
LOAD ./release/usb_core.o
LOAD ./release/usb_desc.o
LOAD ./release/usb_endp.o
LOAD ./release/usb_init.o
LOAD ./release/usb_int.o
LOAD ./release/usb_istr.o
LOAD ./release/usb_mem.o
LOAD ./release/usb_prop.o
LOAD ./release/usb_pwr.o
LOAD ./release/usb_regs.o
LOAD ./release/usb_sil.o
LOAD ./release/lib_crc.o
LOAD ./release/sampleacquisition.o
LOAD ./release/uartcomm.o
LOAD ./release/usbcomm.o
LOAD ./release/serialframe.o
LOAD ./release/main.o
LOAD ./release/signalfilter.o
LOAD ../drivers\libDrivers_STM32F103_107_Jan_2013.a
LOAD c:/program files (x86)/codesourcery/sourcery g++ lite/bin/../lib/gcc/arm-none-eabi/4.7.3/../../../../arm-none-eabi/lib/thumb2\libm.a
START GROUP
LOAD c:/program files (x86)/codesourcery/sourcery g++ lite/bin/../lib/gcc/arm-none-eabi/4.7.3/thumb2\libgcc.a
LOAD c:/program files (x86)/codesourcery/sourcery g++ lite/bin/../lib/gcc/arm-none-eabi/4.7.3/../../../../arm-none-eabi/lib/thumb2\libc.a
END GROUP
START GROUP
LOAD c:/program files (x86)/codesourcery/sourcery g++ lite/bin/../lib/gcc/arm-none-eabi/4.7.3/thumb2\libgcc.a
LOAD c:/program files (x86)/codesourcery/sourcery g++ lite/bin/../lib/gcc/arm-none-eabi/4.7.3/../../../../arm-none-eabi/lib/thumb2\libc.a
LOAD c:/program files (x86)/codesourcery/sourcery g++ lite/bin/../lib/gcc/arm-none-eabi/4.7.3/../../../../arm-none-eabi/lib/thumb2\libm.a
END GROUP

.text           0x08000000     0xa558
 *(.isr_vector)
 .isr_vector    0x08000000       0xec ./release/startup-gcc.o
                0x08000000                __isr_vector
 *(.text*)
 .text          0x080000ec       0x8c ./release/startup-gcc.o
                0x080000ec                Reset_Handler
                0x08000160                SystemInit
                0x08000162                NMI_Handler
                0x08000164                HardFault_Handler
                0x08000166                MemManage_Handler
                0x08000168                BusFault_Handler
                0x0800016a                UsageFault_Handler
                0x0800016c                SVC_Handler
                0x0800016e                DebugMon_Handler
                0x08000170                PendSV_Handler
                0x08000172                SysTick_Handler
                0x08000174                SPI1_IRQHandler
                0x08000174                TAMPER_IRQHandler
                0x08000174                DMAChannel4_IRQHandler
                0x08000174                PVD_IRQHandler
                0x08000174                EXTI0_IRQHandler
                0x08000174                I2C2_EV_IRQHandler
                0x08000174                DMAChannel7_IRQHandler
                0x08000174                I2C1_EV_IRQHandler
                0x08000174                RCC_IRQHandler
                0x08000174                TIM1_TRG_COM_IRQHandler
                0x08000174                EXTI15_10_IRQHandler
                0x08000174                ADC_IRQHandler
                0x08000174                DMAChannel5_IRQHandler
                0x08000174                EXTI9_5_IRQHandler
                0x08000174                DMAChannel2_IRQHandler
                0x08000174                SPI2_IRQHandler
                0x08000174                EXTI3_IRQHandler
                0x08000174                CAN1_RX1_IRQHandler
                0x08000174                EXTI4_IRQHandler
                0x08000174                RTC_IRQHandler
                0x08000174                USB_HP_CAN1_TX_IRQHandler
                0x08000174                WWDG_IRQHandler
                0x08000174                TIM1_BRK_IRQHandler
                0x08000174                EXTI1_IRQHandler
                0x08000174                RTCAlarm_IRQHandler
                0x08000174                I2C2_ER_IRQHandler
                0x08000174                CAN1_SCE_IRQHandler
                0x08000174                FLASH_IRQHandler
                0x08000174                DMAChannel6_IRQHandler
                0x08000174                DMAChannel3_IRQHandler
                0x08000174                EXTI2_IRQHandler
                0x08000174                I2C1_ER_IRQHandler
                0x08000174                USBWakeUp_IRQHandler
 .text          0x08000178       0x9c ./release/clock.o
                0x08000178                CLOCK_Configure
                0x080001ec                CLOCK_GetTIMCLK
                0x080001f4                CLOCK_GetHCLK
                0x080001fc                CLOCK_GetPCLK1
                0x08000204                CLOCK_GetPCLK2
                0x0800020c                CLOCK_GetADCCLK
 .text          0x08000214      0x28c ./release/usart.o
                0x08000214                Init_USART
                0x080002fc                Send_Data_USART
                0x08000320                Send_String_USART
                0x08000340                Receive_Data_USART
                0x0800035c                Data_USART
                0x08000362                USART1_IRQHandler
                0x080003a0                USART2_IRQHandler
                0x080003d0                USART3_IRQHandler
                0x0800040c                Active_Interrupt_Received_Data_available
 .text          0x080004a0       0xc0 ./release/misc.o
                0x080004a0                NVIC_PriorityGroupConfig
                0x080004b4                NVIC_Init
                0x0800051c                NVIC_SetVectorTable
                0x08000530                NVIC_SystemLPConfig
                0x08000548                SysTick_CLKSourceConfig
 .text          0x08000560      0x378 ./release/stm32f10x_adc.o
                0x08000560                ADC_DeInit
                0x080005bc                ADC_Init
                0x08000604                ADC_StructInit
                0x08000616                ADC_Cmd
                0x08000628                ADC_DMACmd
                0x0800063a                ADC_ITConfig
                0x0800064c                ADC_ResetCalibration
                0x08000656                ADC_GetResetCalibrationStatus
                0x0800065e                ADC_StartCalibration
                0x08000668                ADC_GetCalibrationStatus
                0x08000670                ADC_SoftwareStartConvCmd
                0x08000682                ADC_GetSoftwareStartConvStatus
                0x0800068a                ADC_DiscModeChannelCountConfig
                0x0800069a                ADC_DiscModeCmd
                0x080006ac                ADC_RegularChannelConfig
                0x08000748                ADC_ExternalTrigConvCmd
                0x0800075a                ADC_GetConversionValue
                0x08000760                ADC_GetDualModeConversionValue
                0x0800076c                ADC_AutoInjectedConvCmd
                0x0800077e                ADC_InjectedDiscModeCmd
                0x08000790                ADC_ExternalTrigInjectedConvConfig
                0x0800079c                ADC_ExternalTrigInjectedConvCmd
                0x080007ae                ADC_SoftwareStartInjectedConvCmd
                0x080007c0                ADC_GetSoftwareStartInjectedConvCmdStatus
                0x080007c8                ADC_InjectedChannelConfig
                0x0800082c                ADC_InjectedSequencerLengthConfig
                0x0800083c                ADC_SetInjectedOffset
                0x08000852                ADC_GetInjectedConversionValue
                0x0800086c                ADC_AnalogWatchdogCmd
                0x0800087c                ADC_AnalogWatchdogThresholdsConfig
                0x08000882                ADC_AnalogWatchdogSingleChannelConfig
                0x0800088e                ADC_TempSensorVrefintCmd
                0x080008a8                ADC_GetFlagStatus
                0x080008b4                ADC_ClearFlag
                0x080008ba                ADC_GetITStatus
                0x080008d0                ADC_ClearITPendingBit
 .text          0x080008d8       0xe0 ./release/stm32f10x_bkp.o
                0x080008d8                BKP_DeInit
                0x080008ea                BKP_TamperPinLevelConfig
                0x080008f4                BKP_TamperPinCmd
                0x08000900                BKP_ITConfig
                0x0800090c                BKP_RTCOutputConfig
                0x08000924                BKP_SetRTCCalibrationValue
                0x0800093c                BKP_WriteBackupRegister
                0x08000958                BKP_ReadBackupRegister
                0x08000978                BKP_GetFlagStatus
                0x08000984                BKP_ClearFlag
                0x08000998                BKP_GetITStatus
                0x080009a4                BKP_ClearITPendingBit
 .text          0x080009b8      0x1e0 ./release/stm32f10x_dma.o
                0x080009b8                DMA_DeInit
                0x08000ab0                DMA_Init
                0x08000aee                DMA_StructInit
                0x08000b08                DMA_Cmd
                0x08000b1e                DMA_ITConfig
                0x08000b2e                DMA_SetCurrDataCounter
                0x08000b32                DMA_GetCurrDataCounter
                0x08000b38                DMA_GetFlagStatus
                0x08000b54                DMA_ClearFlag
                0x08000b68                DMA_GetITStatus
                0x08000b84                DMA_ClearITPendingBit
 .text          0x08000b98       0xf8 ./release/stm32f10x_exti.o
                0x08000b98                EXTI_DeInit
                0x08000bb4                EXTI_Init
                0x08000c2c                EXTI_StructInit
                0x08000c3a                EXTI_GenerateSWInterrupt
                0x08000c48                EXTI_GetFlagStatus
                0x08000c5c                EXTI_ClearFlag
                0x08000c68                EXTI_GetITStatus
                0x08000c84                EXTI_ClearITPendingBit
 .text          0x08000c90      0x538 ./release/stm32f10x_flash.o
                0x08000c90                FLASH_SetLatency
                0x08000ca4                FLASH_HalfCycleAccessCmd
                0x08000cbc                FLASH_PrefetchBufferCmd
                0x08000cd4                FLASH_Unlock
                0x08000cec                FLASH_UnlockBank1
                0x08000d04                FLASH_Lock
                0x08000d14                FLASH_LockBank1
                0x08000d24                FLASH_GetUserOptionByte
                0x08000d30                FLASH_GetWriteProtectionOptionByte
                0x08000d3c                FLASH_GetReadOutProtectionStatus
                0x08000d4c                FLASH_GetPrefetchBufferStatus
                0x08000d5c                FLASH_ITConfig
                0x08000d74                FLASH_GetFlagStatus
                0x08000d94                FLASH_ClearFlag
                0x08000da0                FLASH_GetStatus
                0x08000dc8                FLASH_GetBank1Status
                0x08000df0                FLASH_WaitForLastOperation
                0x08000e14                FLASH_UserOptionByteConfig
                0x08000e6c                FLASH_ReadOutProtection
                0x08000efc                FLASH_EnableWriteProtection
                0x08000fa8                FLASH_ProgramOptionByteData
                0x08000ff0                FLASH_ProgramHalfWord
                0x08001028                FLASH_ProgramWord
                0x08001078                FLASH_EraseOptionBytes
                0x080010f8                FLASH_EraseAllPages
                0x08001130                FLASH_ErasePage
                0x0800116c                FLASH_WaitForLastBank1Operation
                0x08001190                FLASH_EraseAllBank1Pages
 .text          0x080011c8      0x290 ./release/stm32f10x_gpio.o
                0x080011c8                GPIO_DeInit
                0x08001274                GPIO_AFIODeInit
                0x0800128a                GPIO_Init
                0x08001332                GPIO_StructInit
                0x08001342                GPIO_ReadInputDataBit
                0x0800134e                GPIO_ReadInputData
                0x08001354                GPIO_ReadOutputDataBit
                0x08001360                GPIO_ReadOutputData
                0x08001366                GPIO_SetBits
                0x0800136a                GPIO_ResetBits
                0x0800136e                GPIO_WriteBit
                0x08001378                GPIO_Write
                0x0800137c                GPIO_PinLockConfig
                0x0800138c                GPIO_EventOutputConfig
                0x080013a8                GPIO_EventOutputCmd
                0x080013b4                GPIO_PinRemapConfig
                0x08001418                GPIO_EXTILineConfig
                0x0800144c                GPIO_ETH_MediaInterfaceConfig
 .text          0x08001458       0x58 ./release/stm32f10x_iwdg.o
                0x08001458                IWDG_WriteAccessCmd
                0x08001464                IWDG_SetPrescaler
                0x08001470                IWDG_SetReload
                0x0800147c                IWDG_ReloadCounter
                0x0800148c                IWDG_Enable
                0x0800149c                IWDG_GetFlagStatus
 .text          0x080014b0      0x344 ./release/stm32f10x_rcc.o
                0x080014b0                RCC_DeInit
                0x080014f0                RCC_HSEConfig
                0x08001528                RCC_AdjustHSICalibrationValue
                0x0800153c                RCC_HSICmd
                0x08001548                RCC_PLLConfig
                0x0800155c                RCC_PLLCmd
                0x08001568                RCC_SYSCLKConfig
                0x0800157c                RCC_GetSYSCLKSource
                0x0800158c                RCC_HCLKConfig
                0x080015a0                RCC_PCLK1Config
                0x080015b4                RCC_PCLK2Config
                0x080015c8                RCC_ITConfig
                0x080015e0                RCC_USBCLKConfig
                0x080015ec                RCC_ADCCLKConfig
                0x08001600                RCC_LSEConfig
                0x08001620                RCC_LSICmd
                0x0800162c                RCC_RTCCLKConfig
                0x0800163c                RCC_RTCCLKCmd
                0x08001648                RCC_GetClocksFreq
                0x080016d4                RCC_AHBPeriphClockCmd
                0x080016ec                RCC_APB2PeriphClockCmd
                0x08001704                RCC_APB1PeriphClockCmd
                0x0800171c                RCC_APB2PeriphResetCmd
                0x08001734                RCC_APB1PeriphResetCmd
                0x0800174c                RCC_BackupResetCmd
                0x08001758                RCC_ClockSecuritySystemCmd
                0x08001764                RCC_MCOConfig
                0x08001770                RCC_GetFlagStatus
                0x08001798                RCC_WaitForHSEStartUp
                0x080017c4                RCC_ClearFlag
                0x080017d4                RCC_GetITStatus
                0x080017e8                RCC_ClearITPendingBit
 .text          0x080017f4      0x158 ./release/stm32f10x_rtc.o
                0x080017f4                RTC_ITConfig
                0x0800180c                RTC_EnterConfigMode
                0x08001820                RTC_ExitConfigMode
                0x08001834                RTC_GetCounter
                0x08001848                RTC_SetCounter
                0x08001864                RTC_SetPrescaler
                0x08001884                RTC_SetAlarm
                0x080018a0                RTC_GetDivider
                0x080018b8                RTC_WaitForLastTask
                0x080018cc                RTC_WaitForSynchro
                0x080018ec                RTC_GetFlagStatus
                0x08001900                RTC_ClearFlag
                0x08001914                RTC_GetITStatus
                0x08001938                RTC_ClearITPendingBit
 .text          0x0800194c      0x234 ./release/stm32f10x_sdio.o
                0x0800194c                SDIO_DeInit
                0x08001970                SDIO_Init
                0x080019a0                SDIO_StructInit
                0x080019b0                SDIO_ClockCmd
                0x080019bc                SDIO_SetPowerState
                0x080019d4                SDIO_GetPowerState
                0x080019e4                SDIO_ITConfig
                0x080019fc                SDIO_DMACmd
                0x08001a08                SDIO_SendCommand
                0x08001a34                SDIO_CmdStructInit
                0x08001a42                SDIO_GetCommandResponse
                0x08001a50                SDIO_GetResponse
                0x08001a68                SDIO_DataConfig
                0x08001a94                SDIO_DataStructInit
                0x08001aa8                SDIO_GetDataCounter
                0x08001ab4                SDIO_ReadData
                0x08001ac0                SDIO_WriteData
                0x08001acc                SDIO_GetFIFOCount
                0x08001ad8                SDIO_StartSDIOReadWait
                0x08001ae4                SDIO_StopSDIOReadWait
                0x08001af0                SDIO_SetSDIOReadWaitMode
                0x08001afc                SDIO_SetSDIOOperation
                0x08001b08                SDIO_SendSDIOSuspendCmd
                0x08001b14                SDIO_CommandCompletionCmd
                0x08001b20                SDIO_CEATAITCmd
                0x08001b34                SDIO_SendCEATACmd
                0x08001b40                SDIO_GetFlagStatus
                0x08001b54                SDIO_ClearFlag
                0x08001b60                SDIO_GetITStatus
                0x08001b74                SDIO_ClearITPendingBit
 .text          0x08001b80      0xc68 ./release/stm32f10x_tim.o
                0x08001c60                TIM_DeInit
                0x08001e0c                TIM_TimeBaseInit
                0x08001ea0                TIM_OC1Init
                0x08001f28                TIM_OC2Init
                0x08001fac                TIM_OC3Init
                0x08002030                TIM_OC4Init
                0x08002094                TIM_BDTRConfig
                0x080020b4                TIM_TimeBaseStructInit
                0x080020c6                TIM_OCStructInit
                0x080020da                TIM_ICStructInit
                0x080020ea                TIM_BDTRStructInit
                0x080020fc                TIM_Cmd
                0x08002114                TIM_CtrlPWMOutputs
                0x0800212e                TIM_ITConfig
                0x08002140                TIM_GenerateEvent
                0x08002144                TIM_DMAConfig
                0x0800214c                TIM_DMACmd
                0x0800215e                TIM_InternalClockConfig
                0x0800216c                TIM_ITRxExternalClockConfig
                0x08002186                TIM_TIxExternalClockConfig
                0x080021b8                TIM_ETRConfig
                0x080021cc                TIM_ETRClockMode2Config
                0x080021e0                TIM_ETRClockMode1Config
                0x080021fa                TIM_PrescalerConfig
                0x08002200                TIM_CounterModeConfig
                0x08002210                TIM_SelectInputTrigger
                0x08002220                TIM_EncoderInterfaceConfig
                0x0800225c                TIM_ForcedOC1Config
                0x0800226c                TIM_ForcedOC2Config
                0x0800227e                TIM_ForcedOC3Config
                0x0800228e                TIM_ForcedOC4Config
                0x080022a0                TIM_ARRPreloadConfig
                0x080022b8                TIM_SelectCOM
                0x080022d0                TIM_SelectCCDMA
                0x080022e8                TIM_CCPreloadControl
                0x08002300                TIM_OC1PreloadConfig
                0x08002310                TIM_OC2PreloadConfig
                0x08002322                TIM_OC3PreloadConfig
                0x08002332                TIM_OC4PreloadConfig
                0x08002344                TIM_OC1FastConfig
                0x08002354                TIM_OC2FastConfig
                0x08002366                TIM_OC3FastConfig
                0x08002376                TIM_OC4FastConfig
                0x08002388                TIM_ClearOC1Ref
                0x08002398                TIM_ClearOC2Ref
                0x080023a6                TIM_ClearOC3Ref
                0x080023b6                TIM_ClearOC4Ref
                0x080023c4                TIM_OC1PolarityConfig
                0x080023d4                TIM_OC1NPolarityConfig
                0x080023e4                TIM_OC2PolarityConfig
                0x080023f6                TIM_OC2NPolarityConfig
                0x08002408                TIM_OC3PolarityConfig
                0x0800241a                TIM_OC3NPolarityConfig
                0x0800242c                TIM_OC4PolarityConfig
                0x0800243e                TIM_CCxCmd
                0x0800245c                TIM_CCxNCmd
                0x0800247a                TIM_SelectOCxM
                0x080024be                TIM_UpdateDisableConfig
                0x080024d6                TIM_UpdateRequestConfig
                0x080024ee                TIM_SelectHallSensor
                0x08002506                TIM_SelectOnePulseMode
                0x0800251c                TIM_SelectOutputTrigger
                0x08002532                TIM_SelectSlaveMode
                0x08002548                TIM_SelectMasterSlaveMode
                0x0800255e                TIM_SetCounter
                0x08002562                TIM_SetAutoreload
                0x08002566                TIM_SetCompare1
                0x0800256a                TIM_SetCompare2
                0x0800256e                TIM_SetCompare3
                0x08002572                TIM_SetCompare4
                0x08002578                TIM_SetIC1Prescaler
                0x0800258e                TIM_SetIC2Prescaler
                0x080025a6                TIM_PWMIConfig
                0x08002614                TIM_SetIC3Prescaler
                0x0800262a                TIM_SetIC4Prescaler
                0x08002642                TIM_ICInit
                0x0800277c                TIM_SetClockDivision
                0x08002792                TIM_GetCapture1
                0x08002798                TIM_GetCapture2
                0x0800279e                TIM_GetCapture3
                0x080027a4                TIM_GetCapture4
                0x080027ac                TIM_GetCounter
                0x080027b2                TIM_GetPrescaler
                0x080027b8                TIM_GetFlagStatus
                0x080027c4                TIM_ClearFlag
                0x080027ca                TIM_GetITStatus
                0x080027e0                TIM_ClearITPendingBit
 .text          0x080027e8      0x394 ./release/stm32f10x_usart.o
                0x080027e8                USART_DeInit
                0x08002880                USART_Init
                0x08002928                USART_StructInit
                0x0800293e                USART_ClockInit
                0x0800295c                USART_ClockStructInit
                0x08002968                USART_Cmd
                0x08002980                USART_ITConfig
                0x080029b2                USART_DMACmd
                0x080029c4                USART_SetAddress
                0x080029da                USART_WakeUpConfig
                0x080029f0                USART_ReceiverWakeUpCmd
                0x08002a08                USART_LINBreakDetectLengthConfig
                0x08002a1e                USART_LINCmd
                0x08002a36                USART_SendData
                0x08002a3e                USART_ReceiveData
                0x08002a46                USART_SendBreak
                0x08002a52                USART_SetGuardTime
                0x08002a64                USART_SetPrescaler
                0x08002a76                USART_SmartCardCmd
                0x08002a8e                USART_SmartCardNACKCmd
                0x08002aa6                USART_HalfDuplexCmd
                0x08002abe                USART_OverSampling8Cmd
                0x08002ad4                USART_OneBitMethodCmd
                0x08002aec                USART_IrDAConfig
                0x08002b02                USART_IrDACmd
                0x08002b1a                USART_GetFlagStatus
                0x08002b26                USART_ClearFlag
                0x08002b2c                USART_GetITStatus
                0x08002b6c                USART_ClearITPendingBit
 .text          0x08002b7c       0x98 ./release/stm32f10x_wwdg.o
                0x08002b7c                WWDG_DeInit
                0x08002b96                WWDG_SetPrescaler
                0x08002ba8                WWDG_SetWindowValue
                0x08002bd0                WWDG_EnableIT
                0x08002bdc                WWDG_SetCounter
                0x08002bec                WWDG_Enable
                0x08002bfc                WWDG_GetFlagStatus
                0x08002c08                WWDG_ClearFlag
 .text          0x08002c14      0x22c ./release/hw_config.o
                0x08002c3e                Set_System
                0x08002c6c                Set_USBClock
                0x08002c82                Enter_LowPowerMode
                0x08002c90                Leave_LowPowerMode
                0x08002cac                USB_Interrupts_Config
                0x08002cd4                USB_Cable_Config
                0x08002cf0                USB_To_USART_Send_Data
                0x08002d24                USB_Receive
                0x08002d4c                USB_GetTxSize
                0x08002d58                Handle_USBAsynchXfer
                0x08002dd8                USB_Send
                0x08002df8                Get_SerialNum
                0x08002e34                USB_GetState
 .text          0x08002e40        0x0 ./release/otgd_fs_cal.o
 .text          0x08002e40        0x0 ./release/otgd_fs_dev.o
 .text          0x08002e40        0x0 ./release/otgd_fs_int.o
 .text          0x08002e40        0x0 ./release/otgd_fs_pcd.o
 .text          0x08002e40        0x4 ./release/stm32f10x_it.o
                0x08002e40                USB_LP_CAN1_RX0_IRQHandler
 .text          0x08002e44      0x854 ./release/usb_core.o
                0x08002e44                Standard_GetConfiguration
                0x08002e68                Standard_GetInterface
                0x08002e8c                Standard_GetStatus
                0x08002fc8                Standard_SetConfiguration
                0x08003000                Standard_SetInterface
                0x08003048                Standard_ClearFeature
                0x08003124                Standard_SetEndPointFeature
                0x080031ac                Standard_SetDeviceFeature
                0x080031d0                Standard_GetDescriptorData
                0x080031ec                Post0_Process
                0x0800322c                Out0_Process
                0x08003300                Setup0_Process
                0x080035f4                SetDeviceAddress
                0x08003634                In0_Process
                0x08003694                NOP_Process
 .text          0x08003698        0x0 ./release/usb_desc.o
 .text          0x08003698       0xbc ./release/usb_endp.o
                0x08003698                EP1_IN_Callback
                0x080036fc                EP3_OUT_Callback
                0x08003720                SOF_Callback
 .text          0x08003754       0x38 ./release/usb_init.o
                0x08003754                USB_Init
 .text          0x0800378c      0x1f4 ./release/usb_int.o
                0x0800378c                CTR_LP
                0x08003910                CTR_HP
 .text          0x08003980       0x78 ./release/usb_istr.o
                0x08003980                USB_Istr
 .text          0x080039f8       0x52 ./release/usb_mem.o
                0x080039f8                UserToPMABufferCopy
                0x08003a26                PMAToUserBufferCopy
 *fill*         0x08003a4a        0x2 
 .text          0x08003a4c      0x238 ./release/usb_prop.o
                0x08003a4c                Virtual_Com_Port_SetConfiguration
                0x08003a64                Virtual_Com_Port_SetDeviceAddress
                0x08003a70                Virtual_Com_Port_Status_In
                0x08003a84                Virtual_Com_Port_Status_Out
                0x08003a86                Virtual_Com_Port_Data_Setup
                0x08003ae4                Virtual_Com_Port_NoData_Setup
                0x08003b08                Virtual_Com_Port_Get_Interface_Setting
                0x08003b16                Virtual_Com_Port_GetLineCoding
                0x08003b30                Virtual_Com_Port_SetLineCoding
                0x08003b48                Virtual_Com_Port_GetStringDescriptor
                0x08003b68                Virtual_Com_Port_GetConfigDescriptor
                0x08003b74                Virtual_Com_Port_GetDeviceDescriptor
                0x08003b80                Virtual_Com_Port_Reset
                0x08003c60                Virtual_Com_Port_init
 .text          0x08003c84      0x118 ./release/usb_pwr.o
                0x08003c84                PowerOn
                0x08003cb4                PowerOff
                0x08003cd8                Suspend
                0x08003cf8                Resume_Init
                0x08003d18                Resume
 .text          0x08003d9c      0x794 ./release/usb_regs.o
                0x08003d9c                SetCNTR
                0x08003da8                GetCNTR
                0x08003db4                SetISTR
                0x08003dc0                GetISTR
                0x08003dcc                GetFNR
                0x08003dd8                SetDADDR
                0x08003de4                GetDADDR
                0x08003df0                SetBTABLE
                0x08003e00                GetBTABLE
                0x08003e0c                SetENDPOINT
                0x08003e1a                GetENDPOINT
                0x08003e2a                SetEPType
                0x08003e42                GetEPType
                0x08003e54                SetEPTxStatus
                0x08003e8e                SetEPRxStatus
                0x08003ec8                SetDouBleBuffEPStall
                0x08003eec                GetEPTxStatus
                0x08003efe                GetEPRxStatus
                0x08003f10                SetEPTxValid
                0x08003f32                SetEPRxValid
                0x08003f54                SetEP_KIND
                0x08003f72                ClearEP_KIND
                0x08003f90                Clear_Status_Out
                0x08003fae                Set_Status_Out
                0x08003fcc                SetEPDoubleBuff
                0x08003fea                ClearEPDoubleBuff
                0x08004008                GetTxStallStatus
                0x08004022                GetRxStallStatus
                0x0800403c                ClearEP_CTR_RX
                0x08004052                ClearEP_CTR_TX
                0x08004068                ToggleDTOG_RX
                0x08004086                ToggleDTOG_TX
                0x080040a4                ClearDTOG_RX
                0x080040c8                ClearDTOG_TX
                0x080040ec                SetEPAddress
                0x0800410c                GetEPAddress
                0x0800411e                SetEPTxAddr
                0x08004140                SetEPRxAddr
                0x08004160                GetEPTxAddr
                0x0800417c                GetEPRxAddr
                0x08004198                SetEPTxCount
                0x080041b4                SetEPCountRxReg
                0x080041d8                SetEPRxCount
                0x08004214                GetEPTxCount
                0x08004234                GetEPRxCount
                0x08004254                SetEPDblBuffAddr
                0x0800428c                SetEPDblBuf0Addr
                0x080042ac                SetEPDblBuf1Addr
                0x080042cc                GetEPDblBuf0Addr
                0x080042e8                GetEPDblBuf1Addr
                0x08004304                SetEPDblBuffCount
                0x080043ac                SetEPDblBuf0Count
                0x08004404                SetEPDblBuf1Count
                0x0800445c                GetEPDblBuf0Count
                0x0800447c                GetEPDblBuf1Count
                0x0800449c                GetEPDblBufDir
                0x080044dc                FreeUserBuffer
                0x0800451e                ToWord
                0x08004524                ByteSwap
 .text          0x08004530       0x6c ./release/usb_sil.o
                0x08004530                USB_SIL_Init
                0x08004550                USB_SIL_Write
                0x08004578                USB_SIL_Read
 .text          0x0800459c      0x1f8 ./release/lib_crc.o
                0x0800459c                update_crc_ccitt
                0x080045f8                update_crc_sick
                0x0800461c                update_crc_16
                0x0800467c                update_crc_kermit
                0x080046dc                update_crc_dnp
                0x0800473c                update_crc_32
 .text          0x08004794      0x270 ./release/sampleacquisition.o
                0x08004794                setLEDAcquisition
                0x080047a8                RCC_Configuration
                0x080047c8                GPIO_Configuration
                0x08004824                DMA_Configuration
                0x0800487c                ADC_Configuration
                0x080048f0                TIMER_Configuration
                0x0800494c                IT_Configuration
                0x080049a0                DMAChannel1_IRQHandler
                0x080049e4                sampleAcquisitionInit
 .text          0x08004a04       0xc4 ./release/uartcomm.o
                0x08004a04                uartCommSendChar
                0x08004a10                uartCommToggleLEDStatus
                0x08004a20                uartCommInit
                0x08004a64                uartCommSendData
                0x08004aa4                uartCommSendTimes
 .text          0x08004ac8       0xe2 ./release/usbcomm.o
                0x08004ac8                setLEDComUSB
                0x08004aca                usbCommInit
                0x08004ae6                usbCommSendChar
                0x08004aea                usbCommSendData
                0x08004b04                usbCommSendTimes
                0x08004b36                usbCommSendCoefficients
                0x08004b70                usbCommSendCoefficients64
 *fill*         0x08004baa        0x2 
 .text          0x08004bac      0x26c ./release/serialframe.o
                0x08004bac                serialFrameToUint
                0x08004c1c                serialFrameFromUint
                0x08004c9c                createCRC
                0x08004cb6                serialFrameToChar
                0x08004d18                retrieveReadFrame
                0x08004d64                createUsartFrame
                0x08004de4                createSendableFrame
 .text          0x08004e18        0x2 ./release/main.o
                0x08004e18                Clignote
 *fill*         0x08004e1a        0x2 
 .text.startup  0x08004e1c       0x48 ./release/main.o
                0x08004e1c                main
 .text          0x08004e64      0x458 ./release/signalfilter.o
                0x08004e64                signalTraitementInit
                0x08004ea0                signalProcessing
                0x08005288                squaredRootHomeMade
 *fill*         0x080052bc        0x4 
 .text          0x080052c0     0x20d0 ../drivers\libDrivers_STM32F103_107_Jan_2013.a(timer_1234.o)
                0x080052c0                Timer_1234_Init
                0x080054d8                Active_IT_Debordement_Timer
                0x080056b0                Active_IT_Compare_Timer
                0x08005bd8                PWM_Init
                0x08005de8                PWM_Complementaire_Timer1
                0x08005e94                Timer_Inc_Init
                0x08006070                Capture_Init
                0x080064d0                TIM1_CC_IRQHandler
                0x08006810                TIM1_UP_IRQHandler
                0x08006858                TIM2_IRQHandler
                0x08006b7c                TIM3_IRQHandler
                0x08006f30                TIM4_IRQHandler
                0x080072e4                Lire_Duree_Pulse
 .text          0x08007390      0x25c ../drivers\libDrivers_STM32F103_107_Jan_2013.a(gpio.o)
                0x08007390                GPIO_Configure
 .text          0x080075ec      0x370 c:/program files (x86)/codesourcery/sourcery g++ lite/bin/../lib/gcc/arm-none-eabi/4.7.3/thumb2\libgcc.a(_arm_addsubdf3.o)
                0x080075ec                __aeabi_drsub
                0x080075f4                __aeabi_dsub
                0x080075f4                __subdf3
                0x080075f8                __aeabi_dadd
                0x080075f8                __adddf3
                0x08007870                __floatunsidf
                0x08007870                __aeabi_ui2d
                0x08007890                __floatsidf
                0x08007890                __aeabi_i2d
                0x080078b4                __aeabi_f2d
                0x080078b4                __extendsfdf2
                0x080078f0                __floatundidf
                0x080078f0                __aeabi_ul2d
                0x08007900                __floatdidf
                0x08007900                __aeabi_l2d
 .text          0x0800795c      0x424 c:/program files (x86)/codesourcery/sourcery g++ lite/bin/../lib/gcc/arm-none-eabi/4.7.3/thumb2\libgcc.a(_arm_muldivdf3.o)
                0x0800795c                __aeabi_dmul
                0x0800795c                __muldf3
                0x08007bb0                __divdf3
                0x08007bb0                __aeabi_ddiv
 .text          0x08007d80       0x50 c:/program files (x86)/codesourcery/sourcery g++ lite/bin/../lib/gcc/arm-none-eabi/4.7.3/thumb2\libgcc.a(_arm_fixdfsi.o)
                0x08007d80                __aeabi_d2iz
                0x08007d80                __fixdfsi
 .text          0x08007dd0       0xa0 c:/program files (x86)/codesourcery/sourcery g++ lite/bin/../lib/gcc/arm-none-eabi/4.7.3/thumb2\libgcc.a(_arm_truncdfsf2.o)
                0x08007dd0                __truncdfsf2
                0x08007dd0                __aeabi_d2f
 .text          0x08007e70      0x21c c:/program files (x86)/codesourcery/sourcery g++ lite/bin/../lib/gcc/arm-none-eabi/4.7.3/thumb2\libgcc.a(_arm_addsubsf3.o)
                0x08007e70                __aeabi_frsub
                0x08007e78                __subsf3
                0x08007e78                __aeabi_fsub
                0x08007e7c                __aeabi_fadd
                0x08007e7c                __addsf3
                0x08007fdc                __aeabi_ui2f
                0x08007fdc                __floatunsisf
                0x08007fe4                __aeabi_i2f
                0x08007fe4                __floatsisf
                0x08008000                __aeabi_ul2f
                0x08008000                __floatundisf
                0x08008010                __aeabi_l2f
                0x08008010                __floatdisf
 .text          0x0800808c      0x2a0 c:/program files (x86)/codesourcery/sourcery g++ lite/bin/../lib/gcc/arm-none-eabi/4.7.3/thumb2\libgcc.a(_arm_muldivsf3.o)
                0x0800808c                __mulsf3
                0x0800808c                __aeabi_fmul
                0x080081f4                __aeabi_fdiv
                0x080081f4                __divsf3
 .text          0x0800832c       0xec c:/program files (x86)/codesourcery/sourcery g++ lite/bin/../lib/gcc/arm-none-eabi/4.7.3/thumb2\libgcc.a(_arm_cmpsf2.o)
                0x0800832c                __gesf2
                0x0800832c                __gtsf2
                0x08008334                __lesf2
                0x08008334                __ltsf2
                0x0800833c                __nesf2
                0x0800833c                __eqsf2
                0x0800833c                __cmpsf2
                0x0800839c                __aeabi_cfrcmple
                0x080083a4                __aeabi_cfcmpeq
                0x080083a4                __aeabi_cfcmple
                0x080083b4                __aeabi_fcmpeq
                0x080083c8                __aeabi_fcmplt
                0x080083dc                __aeabi_fcmple
                0x080083f0                __aeabi_fcmpge
                0x08008404                __aeabi_fcmpgt
 .text          0x08008418       0x4c c:/program files (x86)/codesourcery/sourcery g++ lite/bin/../lib/gcc/arm-none-eabi/4.7.3/thumb2\libgcc.a(_arm_fixsfsi.o)
                0x08008418                __aeabi_f2iz
                0x08008418                __fixsfsi
 .text          0x08008464       0x40 c:/program files (x86)/codesourcery/sourcery g++ lite/bin/../lib/gcc/arm-none-eabi/4.7.3/thumb2\libgcc.a(_arm_fixunssfsi.o)
                0x08008464                __fixunssfsi
                0x08008464                __aeabi_f2uiz
 *(.init)
 *(.fini)
 *crtbegin.o(.ctors)
 *crtbegin?.o(.ctors)
 *(EXCLUDE_FILE(*crtend.o *crtend?.o) .ctors)
 *(SORT(.ctors.*))
 *(.ctors)
 *crtbegin.o(.dtors)
 *crtbegin?.o(.dtors)
 *(EXCLUDE_FILE(*crtend.o *crtend?.o) .dtors)
 *(SORT(.dtors.*))
 *(.dtors)
 *(.rodata*)
 .rodata        0x080084a4       0xb1 ./release/usb_desc.o
                0x080084a4                Virtual_Com_Port_StringProduct
                0x080084d6                Virtual_Com_Port_StringVendor
                0x080084fc                Virtual_Com_Port_StringLangID
                0x08008500                Virtual_Com_Port_ConfigDescriptor
                0x08008543                Virtual_Com_Port_DeviceDescriptor
 *fill*         0x08008555        0x3 
 .rodata        0x08008558     0x2000 ./release/signalfilter.o
                0x08008558                cos_39500
                0x08008958                cos_40000
                0x08008d58                cos_40500
                0x08009158                cos_41000
                0x08009558                sin_39500
                0x08009958                sin_40000
                0x08009d58                sin_40500
                0x0800a158                sin_41000
 *(.eh_frame*)

.glue_7         0x0800a558        0x0
 .glue_7        0x00000000        0x0 linker stubs

.glue_7t        0x0800a558        0x0
 .glue_7t       0x00000000        0x0 linker stubs

.vfp11_veneer   0x0800a558        0x0
 .vfp11_veneer  0x00000000        0x0 linker stubs

.v4_bx          0x0800a558        0x0
 .v4_bx         0x00000000        0x0 linker stubs

.iplt           0x0800a558        0x0
 .iplt          0x00000000        0x0 ./release/startup-gcc.o

.rel.dyn        0x0800a558        0x0
 .rel.iplt      0x00000000        0x0 ./release/startup-gcc.o

.ARM.extab
 *(.ARM.extab* .gnu.linkonce.armextab.*)
                0x0800a558                __exidx_start = .

.ARM.exidx
 *(.ARM.exidx* .gnu.linkonce.armexidx.*)
                0x0800a558                __exidx_end = .
                0x0800a558                __etext = .

.data           0x20000000       0xfc load address 0x0800a558
                0x20000000                __data_start__ = .
 *(vtable)
 *(.data*)
 .data          0x20000000        0x0 ./release/startup-gcc.o
 .data          0x20000000        0x0 ./release/clock.o
 .data          0x20000000        0x0 ./release/usart.o
 .data          0x20000000        0x0 ./release/misc.o
 .data          0x20000000        0x0 ./release/stm32f10x_adc.o
 .data          0x20000000        0x0 ./release/stm32f10x_bkp.o
 .data          0x20000000        0x0 ./release/stm32f10x_dma.o
 .data          0x20000000        0x0 ./release/stm32f10x_exti.o
 .data          0x20000000        0x0 ./release/stm32f10x_flash.o
 .data          0x20000000        0x0 ./release/stm32f10x_gpio.o
 .data          0x20000000        0x0 ./release/stm32f10x_iwdg.o
 .data          0x20000000       0x14 ./release/stm32f10x_rcc.o
 .data          0x20000014        0x0 ./release/stm32f10x_rtc.o
 .data          0x20000014        0x0 ./release/stm32f10x_sdio.o
 .data          0x20000014        0x0 ./release/stm32f10x_tim.o
 .data          0x20000014        0x0 ./release/stm32f10x_usart.o
 .data          0x20000014        0x0 ./release/stm32f10x_wwdg.o
 .data          0x20000014        0x0 ./release/hw_config.o
 .data          0x20000014        0x0 ./release/otgd_fs_cal.o
 .data          0x20000014        0x0 ./release/otgd_fs_dev.o
 .data          0x20000014        0x0 ./release/otgd_fs_int.o
 .data          0x20000014        0x0 ./release/otgd_fs_pcd.o
 .data          0x20000014        0x0 ./release/stm32f10x_it.o
 .data          0x20000014        0x0 ./release/usb_core.o
 .data          0x20000014       0x1a ./release/usb_desc.o
                0x20000014                Virtual_Com_Port_StringSerial
 .data          0x2000002e        0x0 ./release/usb_endp.o
 .data          0x2000002e        0x0 ./release/usb_init.o
 .data          0x2000002e        0x0 ./release/usb_int.o
 *fill*         0x2000002e        0x2 
 .data          0x20000030       0x38 ./release/usb_istr.o
                0x20000030                pEpInt_OUT
                0x2000004c                pEpInt_IN
 .data          0x20000068        0x0 ./release/usb_mem.o
 .data          0x20000068       0x90 ./release/usb_prop.o
                0x20000068                linecoding
                0x20000070                String_Descriptor
                0x20000090                Config_Descriptor
                0x20000098                Device_Descriptor
                0x200000a0                Device_Property
                0x200000d0                User_Standard_Requests
                0x200000f4                Device_Table
 .data          0x200000f8        0x1 ./release/usb_pwr.o
                0x200000f8                fSuspendEnabled
 .data          0x200000f9        0x0 ./release/usb_regs.o
 .data          0x200000f9        0x0 ./release/usb_sil.o
 .data          0x200000f9        0x0 ./release/lib_crc.o
 .data          0x200000f9        0x0 ./release/sampleacquisition.o
 .data          0x200000f9        0x0 ./release/uartcomm.o
 .data          0x200000f9        0x0 ./release/usbcomm.o
 .data          0x200000f9        0x0 ./release/serialframe.o
 .data          0x200000f9        0x0 ./release/main.o
 .data          0x200000f9        0x0 ./release/signalfilter.o
 .data          0x200000f9        0x0 ../drivers\libDrivers_STM32F103_107_Jan_2013.a(timer_1234.o)
 .data          0x200000f9        0x0 ../drivers\libDrivers_STM32F103_107_Jan_2013.a(gpio.o)
 .data          0x200000f9        0x0 c:/program files (x86)/codesourcery/sourcery g++ lite/bin/../lib/gcc/arm-none-eabi/4.7.3/thumb2\libgcc.a(_arm_addsubdf3.o)
 .data          0x200000f9        0x0 c:/program files (x86)/codesourcery/sourcery g++ lite/bin/../lib/gcc/arm-none-eabi/4.7.3/thumb2\libgcc.a(_arm_muldivdf3.o)
 .data          0x200000f9        0x0 c:/program files (x86)/codesourcery/sourcery g++ lite/bin/../lib/gcc/arm-none-eabi/4.7.3/thumb2\libgcc.a(_arm_fixdfsi.o)
 .data          0x200000f9        0x0 c:/program files (x86)/codesourcery/sourcery g++ lite/bin/../lib/gcc/arm-none-eabi/4.7.3/thumb2\libgcc.a(_arm_truncdfsf2.o)
 .data          0x200000f9        0x0 c:/program files (x86)/codesourcery/sourcery g++ lite/bin/../lib/gcc/arm-none-eabi/4.7.3/thumb2\libgcc.a(_arm_addsubsf3.o)
 .data          0x200000f9        0x0 c:/program files (x86)/codesourcery/sourcery g++ lite/bin/../lib/gcc/arm-none-eabi/4.7.3/thumb2\libgcc.a(_arm_muldivsf3.o)
 .data          0x200000f9        0x0 c:/program files (x86)/codesourcery/sourcery g++ lite/bin/../lib/gcc/arm-none-eabi/4.7.3/thumb2\libgcc.a(_arm_cmpsf2.o)
 .data          0x200000f9        0x0 c:/program files (x86)/codesourcery/sourcery g++ lite/bin/../lib/gcc/arm-none-eabi/4.7.3/thumb2\libgcc.a(_arm_fixsfsi.o)
 .data          0x200000f9        0x0 c:/program files (x86)/codesourcery/sourcery g++ lite/bin/../lib/gcc/arm-none-eabi/4.7.3/thumb2\libgcc.a(_arm_fixunssfsi.o)
                0x200000fc                . = ALIGN (0x4)
 *fill*         0x200000f9        0x3 
                0x200000fc                PROVIDE (__preinit_array_start, .)
 *(.preinit_array)
                0x200000fc                PROVIDE (__preinit_array_end, .)
                0x200000fc                . = ALIGN (0x4)
                0x200000fc                PROVIDE (__init_array_start, .)
 *(SORT(.init_array.*))
 *(.init_array)
                0x200000fc                PROVIDE (__init_array_end, .)
                0x200000fc                . = ALIGN (0x4)
                0x200000fc                PROVIDE (__fini_array_start, .)
 *(SORT(.fini_array.*))
 *(.fini_array)
                0x200000fc                PROVIDE (__fini_array_end, .)
                0x200000fc                . = ALIGN (0x4)
                0x200000fc                __data_end__ = .

.igot.plt       0x200000fc        0x0 load address 0x0800a654
 .igot.plt      0x00000000        0x0 ./release/startup-gcc.o

.bss            0x200000fc     0x26f4 load address 0x0800a654
                0x200000fc                __bss_start__ = .
 *(.bss*)
 .bss           0x200000fc        0x0 ./release/startup-gcc.o
 .bss           0x200000fc        0x0 ./release/clock.o
 .bss           0x200000fc        0x0 ./release/usart.o
 .bss           0x200000fc        0x0 ./release/misc.o
 .bss           0x200000fc        0x0 ./release/stm32f10x_adc.o
 .bss           0x200000fc        0x0 ./release/stm32f10x_bkp.o
 .bss           0x200000fc        0x0 ./release/stm32f10x_dma.o
 .bss           0x200000fc        0x0 ./release/stm32f10x_exti.o
 .bss           0x200000fc        0x0 ./release/stm32f10x_flash.o
 .bss           0x200000fc        0x0 ./release/stm32f10x_gpio.o
 .bss           0x200000fc        0x0 ./release/stm32f10x_iwdg.o
 .bss           0x200000fc        0x0 ./release/stm32f10x_rcc.o
 .bss           0x200000fc        0x0 ./release/stm32f10x_rtc.o
 .bss           0x200000fc        0x0 ./release/stm32f10x_sdio.o
 .bss           0x200000fc        0x0 ./release/stm32f10x_tim.o
 .bss           0x200000fc        0x0 ./release/stm32f10x_usart.o
 .bss           0x200000fc        0x0 ./release/stm32f10x_wwdg.o
 .bss           0x200000fc       0x1c ./release/hw_config.o
                0x200000fc                USART_Tx_ptr_in
                0x20000100                USART_Tx_length
                0x20000104                USART_Tx_ptr_out
                0x20000108                USB_Tx_State
                0x2000010c                USART_Rx_ptr_out
                0x20000110                USART_Rx_ptr_in
                0x20000114                USART_Rx_length
 .bss           0x20000118        0x0 ./release/otgd_fs_cal.o
 .bss           0x20000118        0x0 ./release/otgd_fs_dev.o
 .bss           0x20000118        0x0 ./release/otgd_fs_int.o
 .bss           0x20000118        0x0 ./release/otgd_fs_pcd.o
 .bss           0x20000118        0x0 ./release/stm32f10x_it.o
 .bss           0x20000118        0x1 ./release/usb_core.o
                0x20000118                Data_Mul_MaxPacketSize
 .bss           0x20000119        0x0 ./release/usb_desc.o
 *fill*         0x20000119        0x3 
 .bss           0x2000011c        0x4 ./release/usb_endp.o
 .bss           0x20000120        0x0 ./release/usb_init.o
 .bss           0x20000120        0x0 ./release/usb_int.o
 .bss           0x20000120        0x1 ./release/usb_istr.o
                0x20000120                bIntPackSOF
 .bss           0x20000121        0x0 ./release/usb_mem.o
 .bss           0x20000121        0x1 ./release/usb_prop.o
                0x20000121                Request
 *fill*         0x20000122        0x2 
 .bss           0x20000124        0x4 ./release/usb_pwr.o
                0x20000124                bDeviceState
 .bss           0x20000128        0x0 ./release/usb_regs.o
 .bss           0x20000128        0x0 ./release/usb_sil.o
 .bss           0x20000128      0xc14 ./release/lib_crc.o
 .bss           0x20000d3c        0x2 ./release/sampleacquisition.o
                0x20000d3c                idDataToProcess
 .bss           0x20000d3e        0x0 ./release/uartcomm.o
 .bss           0x20000d3e        0x0 ./release/usbcomm.o
 .bss           0x20000d3e        0x2 ./release/serialframe.o
                0x20000d3e                currentUsartSeqNum
 .bss           0x20000d40        0x0 ./release/main.o
 .bss           0x20000d40      0x80c ./release/signalfilter.o
 .bss           0x2000154c       0x90 ../drivers\libDrivers_STM32F103_107_Jan_2013.a(timer_1234.o)
 .bss           0x200015dc        0x0 ../drivers\libDrivers_STM32F103_107_Jan_2013.a(gpio.o)
 .bss           0x200015dc        0x0 c:/program files (x86)/codesourcery/sourcery g++ lite/bin/../lib/gcc/arm-none-eabi/4.7.3/thumb2\libgcc.a(_arm_addsubdf3.o)
 .bss           0x200015dc        0x0 c:/program files (x86)/codesourcery/sourcery g++ lite/bin/../lib/gcc/arm-none-eabi/4.7.3/thumb2\libgcc.a(_arm_muldivdf3.o)
 .bss           0x200015dc        0x0 c:/program files (x86)/codesourcery/sourcery g++ lite/bin/../lib/gcc/arm-none-eabi/4.7.3/thumb2\libgcc.a(_arm_fixdfsi.o)
 .bss           0x200015dc        0x0 c:/program files (x86)/codesourcery/sourcery g++ lite/bin/../lib/gcc/arm-none-eabi/4.7.3/thumb2\libgcc.a(_arm_truncdfsf2.o)
 .bss           0x200015dc        0x0 c:/program files (x86)/codesourcery/sourcery g++ lite/bin/../lib/gcc/arm-none-eabi/4.7.3/thumb2\libgcc.a(_arm_addsubsf3.o)
 .bss           0x200015dc        0x0 c:/program files (x86)/codesourcery/sourcery g++ lite/bin/../lib/gcc/arm-none-eabi/4.7.3/thumb2\libgcc.a(_arm_muldivsf3.o)
 .bss           0x200015dc        0x0 c:/program files (x86)/codesourcery/sourcery g++ lite/bin/../lib/gcc/arm-none-eabi/4.7.3/thumb2\libgcc.a(_arm_cmpsf2.o)
 .bss           0x200015dc        0x0 c:/program files (x86)/codesourcery/sourcery g++ lite/bin/../lib/gcc/arm-none-eabi/4.7.3/thumb2\libgcc.a(_arm_fixsfsi.o)
 .bss           0x200015dc        0x0 c:/program files (x86)/codesourcery/sourcery g++ lite/bin/../lib/gcc/arm-none-eabi/4.7.3/thumb2\libgcc.a(_arm_fixunssfsi.o)
 *(COMMON)
 COMMON         0x200015dc        0xc ./release/usart.o
                0x200015dc                PTR_Function_USART1
                0x200015e0                PTR_Function_USART2
                0x200015e4                PTR_Function_USART3
 COMMON         0x200015e8     0x1014 ./release/hw_config.o
                0x200015e8                HSEStartUpStatus
                0x200015e9                USART_Tx_Buffer
                0x20001de9                USART_Rx_Buffer
                0x200025ec                USART_InitStructure
 COMMON         0x200025fc        0x2 ./release/usb_core.o
                0x200025fc                StatusInfo
 COMMON         0x200025fe       0x80 ./release/usb_endp.o
                0x200025fe                USB_Tx_Buffer
                0x2000263e                USB_Rx_Buffer
 *fill*         0x2000267e        0x2 
 COMMON         0x20002680       0x32 ./release/usb_init.o
                0x20002680                SaveState
                0x20002684                pProperty
                0x20002688                EPindex
                0x2000268c                Device_Info
                0x200026a8                pUser_Standard_Requests
                0x200026ac                pInformation
                0x200026b0                wInterrupt_Mask
 COMMON         0x200026b2        0x4 ./release/usb_int.o
                0x200026b2                SaveRState
                0x200026b4                SaveTState
 COMMON         0x200026b6        0x2 ./release/usb_istr.o
                0x200026b6                wIstr
 COMMON         0x200026b8        0x2 ./release/usb_pwr.o
                0x200026b8                ResumeS
 COMMON         0x200026ba      0x100 ./release/sampleacquisition.o
                0x200026ba                adcBuffer
 COMMON         0x200027ba       0x15 ./release/serialframe.o
                0x200027ba                converted
 *fill*         0x200027cf        0x1 
 COMMON         0x200027d0       0x10 ./release/signalfilter.o
                0x200027d0                outputFilters
 COMMON         0x200027e0       0x10 ../drivers\libDrivers_STM32F103_107_Jan_2013.a(timer_1234.o)
                0x200027e0                Enable_Fct_IT_Compare_Match_TIM3_Voie1
                0x200027e1                Enable_Fct_IT_Compare_Match_TIM1_Voie3
                0x200027e2                Enable_Fct_IT_Compare_Match_TIM2_Voie1
                0x200027e3                Enable_Fct_IT_Compare_Match_TIM4_Voie3
                0x200027e4                Enable_Fct_IT_Compare_Match_TIM1_Voie1
                0x200027e5                Enable_Fct_IT_Compare_Match_TIM3_Voie4
                0x200027e6                Enable_Fct_IT_Compare_Match_TIM4_Voie1
                0x200027e7                Enable_Fct_IT_Compare_Match_TIM3_Voie2
                0x200027e8                Enable_Fct_IT_Compare_Match_TIM2_Voie3
                0x200027e9                Enable_Fct_IT_Compare_Match_TIM1_Voie4
                0x200027ea                Enable_Fct_IT_Compare_Match_TIM4_Voie4
                0x200027eb                Enable_Fct_IT_Compare_Match_TIM2_Voie4
                0x200027ec                Enable_Fct_IT_Compare_Match_TIM3_Voie3
                0x200027ed                Enable_Fct_IT_Compare_Match_TIM2_Voie2
                0x200027ee                Enable_Fct_IT_Compare_Match_TIM1_Voie2
                0x200027ef                Enable_Fct_IT_Compare_Match_TIM4_Voie2
                0x200027f0                __bss_end__ = .

.heap           0x200027f0      0x800
                0x200027f0                __end__ = .
                0x200027f0                end = __end__
                0x200027f0                _end = __end__
 *(.heap*)
 .heap          0x200027f0      0x800 ./release/startup-gcc.o
                0x200027f0                __HeapBase
                0x20002ff0                __HeapLimit = .

.stack_dummy    0x200027f0      0xc00
 *(.stack)
 .stack         0x200027f0      0xc00 ./release/startup-gcc.o
                0x20005000                __StackTop = (ORIGIN (RAM) + 0x5000)
                0x20004400                __StackLimit = (__StackTop - SIZEOF (.stack_dummy))
                0x20005000                PROVIDE (__stack, __StackTop)
                0x00000001                ASSERT ((__StackLimit >= __HeapLimit), region RAM overflowed with stack)
OUTPUT(./release/receiver_STM32.elf elf32-littlearm)

.ARM.attributes
                0x00000000       0x2f
 .ARM.attributes
                0x00000000       0x21 ./release/startup-gcc.o
 .ARM.attributes
                0x00000021       0x33 ./release/clock.o
 .ARM.attributes
                0x00000054       0x33 ./release/usart.o
 .ARM.attributes
                0x00000087       0x33 ./release/misc.o
 .ARM.attributes
                0x000000ba       0x33 ./release/stm32f10x_adc.o
 .ARM.attributes
                0x000000ed       0x33 ./release/stm32f10x_bkp.o
 .ARM.attributes
                0x00000120       0x33 ./release/stm32f10x_dma.o
 .ARM.attributes
                0x00000153       0x33 ./release/stm32f10x_exti.o
 .ARM.attributes
                0x00000186       0x33 ./release/stm32f10x_flash.o
 .ARM.attributes
                0x000001b9       0x33 ./release/stm32f10x_gpio.o
 .ARM.attributes
                0x000001ec       0x33 ./release/stm32f10x_iwdg.o
 .ARM.attributes
                0x0000021f       0x33 ./release/stm32f10x_rcc.o
 .ARM.attributes
                0x00000252       0x33 ./release/stm32f10x_rtc.o
 .ARM.attributes
                0x00000285       0x33 ./release/stm32f10x_sdio.o
 .ARM.attributes
                0x000002b8       0x33 ./release/stm32f10x_tim.o
 .ARM.attributes
                0x000002eb       0x33 ./release/stm32f10x_usart.o
 .ARM.attributes
                0x0000031e       0x33 ./release/stm32f10x_wwdg.o
 .ARM.attributes
                0x00000351       0x33 ./release/hw_config.o
 .ARM.attributes
                0x00000384       0x33 ./release/otgd_fs_cal.o
 .ARM.attributes
                0x000003b7       0x33 ./release/otgd_fs_dev.o
 .ARM.attributes
                0x000003ea       0x33 ./release/otgd_fs_int.o
 .ARM.attributes
                0x0000041d       0x33 ./release/otgd_fs_pcd.o
 .ARM.attributes
                0x00000450       0x33 ./release/stm32f10x_it.o
 .ARM.attributes
                0x00000483       0x33 ./release/usb_core.o
 .ARM.attributes
                0x000004b6       0x33 ./release/usb_desc.o
 .ARM.attributes
                0x000004e9       0x33 ./release/usb_endp.o
 .ARM.attributes
                0x0000051c       0x33 ./release/usb_init.o
 .ARM.attributes
                0x0000054f       0x33 ./release/usb_int.o
 .ARM.attributes
                0x00000582       0x33 ./release/usb_istr.o
 .ARM.attributes
                0x000005b5       0x33 ./release/usb_mem.o
 .ARM.attributes
                0x000005e8       0x33 ./release/usb_prop.o
 .ARM.attributes
                0x0000061b       0x33 ./release/usb_pwr.o
 .ARM.attributes
                0x0000064e       0x33 ./release/usb_regs.o
 .ARM.attributes
                0x00000681       0x33 ./release/usb_sil.o
 .ARM.attributes
                0x000006b4       0x33 ./release/lib_crc.o
 .ARM.attributes
                0x000006e7       0x33 ./release/sampleacquisition.o
 .ARM.attributes
                0x0000071a       0x33 ./release/uartcomm.o
 .ARM.attributes
                0x0000074d       0x33 ./release/usbcomm.o
 .ARM.attributes
                0x00000780       0x33 ./release/serialframe.o
 .ARM.attributes
                0x000007b3       0x33 ./release/main.o
 .ARM.attributes
                0x000007e6       0x33 ./release/signalfilter.o
 .ARM.attributes
                0x00000819       0x31 ../drivers\libDrivers_STM32F103_107_Jan_2013.a(timer_1234.o)
 .ARM.attributes
                0x0000084a       0x31 ../drivers\libDrivers_STM32F103_107_Jan_2013.a(gpio.o)
 .ARM.attributes
                0x0000087b       0x19 c:/program files (x86)/codesourcery/sourcery g++ lite/bin/../lib/gcc/arm-none-eabi/4.7.3/thumb2\libgcc.a(_arm_addsubdf3.o)
 .ARM.attributes
                0x00000894       0x19 c:/program files (x86)/codesourcery/sourcery g++ lite/bin/../lib/gcc/arm-none-eabi/4.7.3/thumb2\libgcc.a(_arm_muldivdf3.o)
 .ARM.attributes
                0x000008ad       0x19 c:/program files (x86)/codesourcery/sourcery g++ lite/bin/../lib/gcc/arm-none-eabi/4.7.3/thumb2\libgcc.a(_arm_fixdfsi.o)
 .ARM.attributes
                0x000008c6       0x19 c:/program files (x86)/codesourcery/sourcery g++ lite/bin/../lib/gcc/arm-none-eabi/4.7.3/thumb2\libgcc.a(_arm_truncdfsf2.o)
 .ARM.attributes
                0x000008df       0x19 c:/program files (x86)/codesourcery/sourcery g++ lite/bin/../lib/gcc/arm-none-eabi/4.7.3/thumb2\libgcc.a(_arm_addsubsf3.o)
 .ARM.attributes
                0x000008f8       0x19 c:/program files (x86)/codesourcery/sourcery g++ lite/bin/../lib/gcc/arm-none-eabi/4.7.3/thumb2\libgcc.a(_arm_muldivsf3.o)
 .ARM.attributes
                0x00000911       0x19 c:/program files (x86)/codesourcery/sourcery g++ lite/bin/../lib/gcc/arm-none-eabi/4.7.3/thumb2\libgcc.a(_arm_cmpsf2.o)
 .ARM.attributes
                0x0000092a       0x19 c:/program files (x86)/codesourcery/sourcery g++ lite/bin/../lib/gcc/arm-none-eabi/4.7.3/thumb2\libgcc.a(_arm_fixsfsi.o)
 .ARM.attributes
                0x00000943       0x19 c:/program files (x86)/codesourcery/sourcery g++ lite/bin/../lib/gcc/arm-none-eabi/4.7.3/thumb2\libgcc.a(_arm_fixunssfsi.o)

.comment        0x00000000       0x86
 .comment       0x00000000       0x30 ./release/clock.o
                                 0x31 (size before relaxing)
 .comment       0x00000000       0x31 ./release/usart.o
 .comment       0x00000000       0x31 ./release/misc.o
 .comment       0x00000000       0x31 ./release/stm32f10x_adc.o
 .comment       0x00000000       0x31 ./release/stm32f10x_bkp.o
 .comment       0x00000000       0x31 ./release/stm32f10x_dma.o
 .comment       0x00000000       0x31 ./release/stm32f10x_exti.o
 .comment       0x00000000       0x31 ./release/stm32f10x_flash.o
 .comment       0x00000000       0x31 ./release/stm32f10x_gpio.o
 .comment       0x00000000       0x31 ./release/stm32f10x_iwdg.o
 .comment       0x00000000       0x31 ./release/stm32f10x_rcc.o
 .comment       0x00000000       0x31 ./release/stm32f10x_rtc.o
 .comment       0x00000000       0x31 ./release/stm32f10x_sdio.o
 .comment       0x00000000       0x31 ./release/stm32f10x_tim.o
 .comment       0x00000000       0x31 ./release/stm32f10x_usart.o
 .comment       0x00000000       0x31 ./release/stm32f10x_wwdg.o
 .comment       0x00000000       0x31 ./release/hw_config.o
 .comment       0x00000000       0x31 ./release/otgd_fs_cal.o
 .comment       0x00000000       0x31 ./release/otgd_fs_dev.o
 .comment       0x00000000       0x31 ./release/otgd_fs_int.o
 .comment       0x00000000       0x31 ./release/otgd_fs_pcd.o
 .comment       0x00000000       0x31 ./release/stm32f10x_it.o
 .comment       0x00000000       0x31 ./release/usb_core.o
 .comment       0x00000000       0x31 ./release/usb_desc.o
 .comment       0x00000000       0x31 ./release/usb_endp.o
 .comment       0x00000000       0x31 ./release/usb_init.o
 .comment       0x00000000       0x31 ./release/usb_int.o
 .comment       0x00000000       0x31 ./release/usb_istr.o
 .comment       0x00000000       0x31 ./release/usb_mem.o
 .comment       0x00000000       0x31 ./release/usb_prop.o
 .comment       0x00000000       0x31 ./release/usb_pwr.o
 .comment       0x00000000       0x31 ./release/usb_regs.o
 .comment       0x00000000       0x31 ./release/usb_sil.o
 .comment       0x00000000       0x31 ./release/lib_crc.o
 .comment       0x00000000       0x31 ./release/sampleacquisition.o
 .comment       0x00000000       0x31 ./release/uartcomm.o
 .comment       0x00000000       0x31 ./release/usbcomm.o
 .comment       0x00000000       0x31 ./release/serialframe.o
 .comment       0x00000000       0x31 ./release/main.o
 .comment       0x00000000       0x31 ./release/signalfilter.o
 .comment       0x00000030       0x2b ../drivers\libDrivers_STM32F103_107_Jan_2013.a(timer_1234.o)
 .comment       0x0000005b       0x2b ../drivers\libDrivers_STM32F103_107_Jan_2013.a(gpio.o)

.debug_line     0x00000000     0x56cf
 .debug_line    0x00000000       0x91 ./release/startup-gcc.o
 .debug_line    0x00000091      0x13d ./release/clock.o
 .debug_line    0x000001ce      0x1c1 ./release/usart.o
 .debug_line    0x0000038f      0x1c9 ./release/misc.o
 .debug_line    0x00000558      0x321 ./release/stm32f10x_adc.o
 .debug_line    0x00000879      0x1e7 ./release/stm32f10x_bkp.o
 .debug_line    0x00000a60      0x22a ./release/stm32f10x_dma.o
 .debug_line    0x00000c8a      0x1fc ./release/stm32f10x_exti.o
 .debug_line    0x00000e86      0x368 ./release/stm32f10x_flash.o
 .debug_line    0x000011ee      0x2a1 ./release/stm32f10x_gpio.o
 .debug_line    0x0000148f      0x1b1 ./release/stm32f10x_iwdg.o
 .debug_line    0x00001640      0x2ae ./release/stm32f10x_rcc.o
 .debug_line    0x000018ee      0x204 ./release/stm32f10x_rtc.o
 .debug_line    0x00001af2      0x29e ./release/stm32f10x_sdio.o
 .debug_line    0x00001d90      0x620 ./release/stm32f10x_tim.o
 .debug_line    0x000023b0      0x310 ./release/stm32f10x_usart.o
 .debug_line    0x000026c0      0x1d3 ./release/stm32f10x_wwdg.o
 .debug_line    0x00002893      0x313 ./release/hw_config.o
 .debug_line    0x00002ba6        0x0 ./release/otgd_fs_cal.o
 .debug_line    0x00002ba6        0x0 ./release/otgd_fs_dev.o
 .debug_line    0x00002ba6        0x0 ./release/otgd_fs_int.o
 .debug_line    0x00002ba6        0x0 ./release/otgd_fs_pcd.o
 .debug_line    0x00002ba6      0x16f ./release/stm32f10x_it.o
 .debug_line    0x00002d15      0x3fe ./release/usb_core.o
 .debug_line    0x00003113      0x113 ./release/usb_desc.o
 .debug_line    0x00003226      0x1ca ./release/usb_endp.o
 .debug_line    0x000033f0      0x172 ./release/usb_init.o
 .debug_line    0x00003562      0x1f3 ./release/usb_int.o
 .debug_line    0x00003755      0x19d ./release/usb_istr.o
 .debug_line    0x000038f2      0x159 ./release/usb_mem.o
 .debug_line    0x00003a4b      0x275 ./release/usb_prop.o
 .debug_line    0x00003cc0      0x201 ./release/usb_pwr.o
 .debug_line    0x00003ec1      0x492 ./release/usb_regs.o
 .debug_line    0x00004353      0x1a1 ./release/usb_sil.o
 .debug_line    0x000044f4       0xf2 ./release/lib_crc.o
 .debug_line    0x000045e6      0x2a3 ./release/sampleacquisition.o
 .debug_line    0x00004889      0x19f ./release/uartcomm.o
 .debug_line    0x00004a28      0x1f4 ./release/usbcomm.o
 .debug_line    0x00004c1c      0x1aa ./release/serialframe.o
 .debug_line    0x00004dc6      0x18c ./release/main.o
 .debug_line    0x00004f52      0x376 ./release/signalfilter.o
 .debug_line    0x000052c8      0x2d3 ../drivers\libDrivers_STM32F103_107_Jan_2013.a(timer_1234.o)
 .debug_line    0x0000559b      0x134 ../drivers\libDrivers_STM32F103_107_Jan_2013.a(gpio.o)

.debug_info     0x00000000    0x116c5
 .debug_info    0x00000000       0x85 ./release/startup-gcc.o
 .debug_info    0x00000085      0x560 ./release/clock.o
 .debug_info    0x000005e5      0x6b1 ./release/usart.o
 .debug_info    0x00000c96      0x592 ./release/misc.o
 .debug_info    0x00001228      0xc97 ./release/stm32f10x_adc.o
 .debug_info    0x00001ebf      0x8bd ./release/stm32f10x_bkp.o
 .debug_info    0x0000277c      0x4a4 ./release/stm32f10x_dma.o
 .debug_info    0x00002c20      0x369 ./release/stm32f10x_exti.o
 .debug_info    0x00002f89      0xaa9 ./release/stm32f10x_flash.o
 .debug_info    0x00003a32      0x838 ./release/stm32f10x_gpio.o
 .debug_info    0x0000426a      0x203 ./release/stm32f10x_iwdg.o
 .debug_info    0x0000446d      0x93c ./release/stm32f10x_rcc.o
 .debug_info    0x00004da9      0x4b5 ./release/stm32f10x_rtc.o
 .debug_info    0x0000525e      0x896 ./release/stm32f10x_sdio.o
 .debug_info    0x00005af4     0x2299 ./release/stm32f10x_tim.o
 .debug_info    0x00007d8d      0xb7d ./release/stm32f10x_usart.o
 .debug_info    0x0000890a      0x299 ./release/stm32f10x_wwdg.o
 .debug_info    0x00008ba3      0xb8b ./release/hw_config.o
 .debug_info    0x0000972e       0xbf ./release/stm32f10x_it.o
 .debug_info    0x000097ed      0xf1e ./release/usb_core.o
 .debug_info    0x0000a70b      0x179 ./release/usb_desc.o
 .debug_info    0x0000a884      0x328 ./release/usb_endp.o
 .debug_info    0x0000abac      0x495 ./release/usb_init.o
 .debug_info    0x0000b041      0x1fb ./release/usb_int.o
 .debug_info    0x0000b23c      0x2ab ./release/usb_istr.o
 .debug_info    0x0000b4e7      0x1c0 ./release/usb_mem.o
 .debug_info    0x0000b6a7      0xc6d ./release/usb_prop.o
 .debug_info    0x0000c314      0x35b ./release/usb_pwr.o
 .debug_info    0x0000c66f      0xdeb ./release/usb_regs.o
 .debug_info    0x0000d45a      0x295 ./release/usb_sil.o
 .debug_info    0x0000d6ef      0x573 ./release/lib_crc.o
 .debug_info    0x0000dc62     0x11da ./release/sampleacquisition.o
 .debug_info    0x0000ee3c      0x4ff ./release/uartcomm.o
 .debug_info    0x0000f33b      0x5d2 ./release/usbcomm.o
 .debug_info    0x0000f90d      0x465 ./release/serialframe.o
 .debug_info    0x0000fd72      0x4fc ./release/main.o
 .debug_info    0x0001026e      0x5f8 ./release/signalfilter.o
 .debug_info    0x00010866      0xbf9 ../drivers\libDrivers_STM32F103_107_Jan_2013.a(timer_1234.o)
 .debug_info    0x0001145f      0x266 ../drivers\libDrivers_STM32F103_107_Jan_2013.a(gpio.o)

.debug_abbrev   0x00000000     0x403b
 .debug_abbrev  0x00000000       0x14 ./release/startup-gcc.o
 .debug_abbrev  0x00000014      0x125 ./release/clock.o
 .debug_abbrev  0x00000139      0x228 ./release/usart.o
 .debug_abbrev  0x00000361      0x152 ./release/misc.o
 .debug_abbrev  0x000004b3      0x213 ./release/stm32f10x_adc.o
 .debug_abbrev  0x000006c6      0x1b5 ./release/stm32f10x_bkp.o
 .debug_abbrev  0x0000087b      0x180 ./release/stm32f10x_dma.o
 .debug_abbrev  0x000009fb      0x17c ./release/stm32f10x_exti.o
 .debug_abbrev  0x00000b77      0x227 ./release/stm32f10x_flash.o
 .debug_abbrev  0x00000d9e      0x20f ./release/stm32f10x_gpio.o
 .debug_abbrev  0x00000fad      0x112 ./release/stm32f10x_iwdg.o
 .debug_abbrev  0x000010bf      0x209 ./release/stm32f10x_rcc.o
 .debug_abbrev  0x000012c8      0x1b7 ./release/stm32f10x_rtc.o
 .debug_abbrev  0x0000147f      0x21f ./release/stm32f10x_sdio.o
 .debug_abbrev  0x0000169e      0x301 ./release/stm32f10x_tim.o
 .debug_abbrev  0x0000199f      0x230 ./release/stm32f10x_usart.o
 .debug_abbrev  0x00001bcf      0x15a ./release/stm32f10x_wwdg.o
 .debug_abbrev  0x00001d29      0x340 ./release/hw_config.o
 .debug_abbrev  0x00002069       0x88 ./release/stm32f10x_it.o
 .debug_abbrev  0x000020f1      0x3ea ./release/usb_core.o
 .debug_abbrev  0x000024db       0x75 ./release/usb_desc.o
 .debug_abbrev  0x00002550      0x183 ./release/usb_endp.o
 .debug_abbrev  0x000026d3      0x120 ./release/usb_init.o
 .debug_abbrev  0x000027f3       0xe5 ./release/usb_int.o
 .debug_abbrev  0x000028d8      0x118 ./release/usb_istr.o
 .debug_abbrev  0x000029f0       0xae ./release/usb_mem.o
 .debug_abbrev  0x00002a9e      0x2ac ./release/usb_prop.o
 .debug_abbrev  0x00002d4a      0x1a4 ./release/usb_pwr.o
 .debug_abbrev  0x00002eee      0x20b ./release/usb_regs.o
 .debug_abbrev  0x000030f9      0x134 ./release/usb_sil.o
 .debug_abbrev  0x0000322d      0x16c ./release/lib_crc.o
 .debug_abbrev  0x00003399      0x219 ./release/sampleacquisition.o
 .debug_abbrev  0x000035b2      0x193 ./release/uartcomm.o
 .debug_abbrev  0x00003745      0x1f4 ./release/usbcomm.o
 .debug_abbrev  0x00003939      0x178 ./release/serialframe.o
 .debug_abbrev  0x00003ab1      0x131 ./release/main.o
 .debug_abbrev  0x00003be2      0x1ff ./release/signalfilter.o
 .debug_abbrev  0x00003de1      0x18a ../drivers\libDrivers_STM32F103_107_Jan_2013.a(timer_1234.o)
 .debug_abbrev  0x00003f6b       0xd0 ../drivers\libDrivers_STM32F103_107_Jan_2013.a(gpio.o)

.debug_aranges  0x00000000      0x4e0
 .debug_aranges
                0x00000000       0x20 ./release/startup-gcc.o
 .debug_aranges
                0x00000020       0x20 ./release/clock.o
 .debug_aranges
                0x00000040       0x20 ./release/usart.o
 .debug_aranges
                0x00000060       0x20 ./release/misc.o
 .debug_aranges
                0x00000080       0x20 ./release/stm32f10x_adc.o
 .debug_aranges
                0x000000a0       0x20 ./release/stm32f10x_bkp.o
 .debug_aranges
                0x000000c0       0x20 ./release/stm32f10x_dma.o
 .debug_aranges
                0x000000e0       0x20 ./release/stm32f10x_exti.o
 .debug_aranges
                0x00000100       0x20 ./release/stm32f10x_flash.o
 .debug_aranges
                0x00000120       0x20 ./release/stm32f10x_gpio.o
 .debug_aranges
                0x00000140       0x20 ./release/stm32f10x_iwdg.o
 .debug_aranges
                0x00000160       0x20 ./release/stm32f10x_rcc.o
 .debug_aranges
                0x00000180       0x20 ./release/stm32f10x_rtc.o
 .debug_aranges
                0x000001a0       0x20 ./release/stm32f10x_sdio.o
 .debug_aranges
                0x000001c0       0x20 ./release/stm32f10x_tim.o
 .debug_aranges
                0x000001e0       0x20 ./release/stm32f10x_usart.o
 .debug_aranges
                0x00000200       0x20 ./release/stm32f10x_wwdg.o
 .debug_aranges
                0x00000220       0x20 ./release/hw_config.o
 .debug_aranges
                0x00000240       0x20 ./release/stm32f10x_it.o
 .debug_aranges
                0x00000260       0x20 ./release/usb_core.o
 .debug_aranges
                0x00000280       0x18 ./release/usb_desc.o
 .debug_aranges
                0x00000298       0x20 ./release/usb_endp.o
 .debug_aranges
                0x000002b8       0x20 ./release/usb_init.o
 .debug_aranges
                0x000002d8       0x20 ./release/usb_int.o
 .debug_aranges
                0x000002f8       0x20 ./release/usb_istr.o
 .debug_aranges
                0x00000318       0x20 ./release/usb_mem.o
 .debug_aranges
                0x00000338       0x20 ./release/usb_prop.o
 .debug_aranges
                0x00000358       0x20 ./release/usb_pwr.o
 .debug_aranges
                0x00000378       0x20 ./release/usb_regs.o
 .debug_aranges
                0x00000398       0x20 ./release/usb_sil.o
 .debug_aranges
                0x000003b8       0x20 ./release/lib_crc.o
 .debug_aranges
                0x000003d8       0x20 ./release/sampleacquisition.o
 .debug_aranges
                0x000003f8       0x20 ./release/uartcomm.o
 .debug_aranges
                0x00000418       0x20 ./release/usbcomm.o
 .debug_aranges
                0x00000438       0x20 ./release/serialframe.o
 .debug_aranges
                0x00000458       0x28 ./release/main.o
 .debug_aranges
                0x00000480       0x20 ./release/signalfilter.o
 .debug_aranges
                0x000004a0       0x20 ../drivers\libDrivers_STM32F103_107_Jan_2013.a(timer_1234.o)
 .debug_aranges
                0x000004c0       0x20 ../drivers\libDrivers_STM32F103_107_Jan_2013.a(gpio.o)

.debug_loc      0x00000000     0x8e8f
 .debug_loc     0x00000000       0x21 ./release/clock.o
 .debug_loc     0x00000021      0x493 ./release/usart.o
 .debug_loc     0x000004b4      0x190 ./release/misc.o
 .debug_loc     0x00000644      0xa2d ./release/stm32f10x_adc.o
 .debug_loc     0x00001071      0x198 ./release/stm32f10x_bkp.o
 .debug_loc     0x00001209      0x1ae ./release/stm32f10x_dma.o
 .debug_loc     0x000013b7      0x1c0 ./release/stm32f10x_exti.o
 .debug_loc     0x00001577      0x9e4 ./release/stm32f10x_flash.o
 .debug_loc     0x00001f5b      0x5d0 ./release/stm32f10x_gpio.o
 .debug_loc     0x0000252b       0x62 ./release/stm32f10x_iwdg.o
 .debug_loc     0x0000258d      0x6e3 ./release/stm32f10x_rcc.o
 .debug_loc     0x00002c70      0x265 ./release/stm32f10x_rtc.o
 .debug_loc     0x00002ed5      0x2e9 ./release/stm32f10x_sdio.o
 .debug_loc     0x000031be     0x1ccd ./release/stm32f10x_tim.o
 .debug_loc     0x00004e8b      0x71f ./release/stm32f10x_usart.o
 .debug_loc     0x000055aa      0x130 ./release/stm32f10x_wwdg.o
 .debug_loc     0x000056da      0x29b ./release/hw_config.o
 .debug_loc     0x00005975      0x9c6 ./release/usb_core.o
 .debug_loc     0x0000633b       0xa8 ./release/usb_endp.o
 .debug_loc     0x000063e3       0x20 ./release/usb_init.o
 .debug_loc     0x00006403      0x178 ./release/usb_int.o
 .debug_loc     0x0000657b       0x20 ./release/usb_istr.o
 .debug_loc     0x0000659b      0x191 ./release/usb_mem.o
 .debug_loc     0x0000672c      0x203 ./release/usb_prop.o
 .debug_loc     0x0000692f      0x136 ./release/usb_pwr.o
 .debug_loc     0x00006a65      0xc5b ./release/usb_regs.o
 .debug_loc     0x000076c0      0x120 ./release/usb_sil.o
 .debug_loc     0x000077e0      0x52c ./release/lib_crc.o
 .debug_loc     0x00007d0c      0x145 ./release/sampleacquisition.o
 .debug_loc     0x00007e51      0x1ba ./release/uartcomm.o
 .debug_loc     0x0000800b      0x2de ./release/usbcomm.o
 .debug_loc     0x000082e9      0x609 ./release/serialframe.o
 .debug_loc     0x000088f2       0x20 ./release/main.o
 .debug_loc     0x00008912      0x27b ./release/signalfilter.o
 .debug_loc     0x00008b8d      0x2cb ../drivers\libDrivers_STM32F103_107_Jan_2013.a(timer_1234.o)
 .debug_loc     0x00008e58       0x37 ../drivers\libDrivers_STM32F103_107_Jan_2013.a(gpio.o)

.debug_str      0x00000000     0x5d11
 .debug_str     0x00000000      0x2cb ./release/clock.o
                                0x314 (size before relaxing)
 .debug_str     0x000002cb      0x23a ./release/usart.o
                                0x40b (size before relaxing)
 .debug_str     0x00000505      0x205 ./release/misc.o
                                0x37a (size before relaxing)
 .debug_str     0x0000070a      0x56a ./release/stm32f10x_adc.o
                                0x6c3 (size before relaxing)
 .debug_str     0x00000c74      0x346 ./release/stm32f10x_bkp.o
                                0x579 (size before relaxing)
 .debug_str     0x00000fba      0x225 ./release/stm32f10x_dma.o
                                0x372 (size before relaxing)
 .debug_str     0x000011df      0x1ce ./release/stm32f10x_exti.o
                                0x30f (size before relaxing)
 .debug_str     0x000013ad      0x410 ./release/stm32f10x_flash.o
                                0x599 (size before relaxing)
 .debug_str     0x000017bd      0x385 ./release/stm32f10x_gpio.o
                                0x4e1 (size before relaxing)
 .debug_str     0x00001b42       0xe9 ./release/stm32f10x_iwdg.o
                                0x20d (size before relaxing)
 .debug_str     0x00001c2b      0x3e4 ./release/stm32f10x_rcc.o
                                0x5cb (size before relaxing)
 .debug_str     0x0000200f      0x1a1 ./release/stm32f10x_rtc.o
                                0x353 (size before relaxing)
 .debug_str     0x000021b0      0x487 ./release/stm32f10x_sdio.o
                                0x5ec (size before relaxing)
 .debug_str     0x00002637      0xad1 ./release/stm32f10x_tim.o
                                0xdbc (size before relaxing)
 .debug_str     0x00003108      0x41e ./release/stm32f10x_usart.o
                                0x681 (size before relaxing)
 .debug_str     0x00003526       0xe5 ./release/stm32f10x_wwdg.o
                                0x240 (size before relaxing)
 .debug_str     0x0000360b      0x6d0 ./release/hw_config.o
                                0xacc (size before relaxing)
 .debug_str     0x00003cdb       0x6c ./release/stm32f10x_it.o
                                0x154 (size before relaxing)
 .debug_str     0x00003d47      0x727 ./release/usb_core.o
                                0xa94 (size before relaxing)
 .debug_str     0x0000446e       0xe3 ./release/usb_desc.o
                                0x1f1 (size before relaxing)
 .debug_str     0x00004551       0xbe ./release/usb_endp.o
                                0x2c8 (size before relaxing)
 .debug_str     0x0000460f       0x6f ./release/usb_init.o
                                0x4e8 (size before relaxing)
 .debug_str     0x0000467e       0x73 ./release/usb_int.o
                                0x1c4 (size before relaxing)
 .debug_str     0x000046f1       0x50 ./release/usb_istr.o
                                0x2c1 (size before relaxing)
 .debug_str     0x00004741       0x73 ./release/usb_mem.o
                                0x19d (size before relaxing)
 .debug_str     0x000047b4      0x2e2 ./release/usb_prop.o
                                0x9cd (size before relaxing)
 .debug_str     0x00004a96      0x111 ./release/usb_pwr.o
                                0x345 (size before relaxing)
 .debug_str     0x00004ba7      0x33f ./release/usb_regs.o
                                0x525 (size before relaxing)
 .debug_str     0x00004ee6       0x74 ./release/usb_sil.o
                                0x205 (size before relaxing)
 .debug_str     0x00004f5a      0x182 ./release/lib_crc.o
                                0x1fb (size before relaxing)
 .debug_str     0x000050dc      0x14d ./release/sampleacquisition.o
                                0xc8a (size before relaxing)
 .debug_str     0x00005229       0xc8 ./release/uartcomm.o
                                0x25a (size before relaxing)
 .debug_str     0x000052f1       0xae ./release/usbcomm.o
                                0x2b0 (size before relaxing)
 .debug_str     0x0000539f       0xf2 ./release/serialframe.o
                                0x210 (size before relaxing)
 .debug_str     0x00005491       0x48 ./release/main.o
                                0x2cf (size before relaxing)
 .debug_str     0x000054d9      0x210 ./release/signalfilter.o
                                0x3c7 (size before relaxing)
 .debug_str     0x000056e9      0x5ee ../drivers\libDrivers_STM32F103_107_Jan_2013.a(timer_1234.o)
                                0x84f (size before relaxing)
 .debug_str     0x00005cd7       0x3a ../drivers\libDrivers_STM32F103_107_Jan_2013.a(gpio.o)
                                0x19c (size before relaxing)

.debug_frame    0x00000000     0x2938
 .debug_frame   0x00000000       0x70 ./release/clock.o
 .debug_frame   0x00000070       0xd0 ./release/usart.o
 .debug_frame   0x00000140       0x68 ./release/misc.o
 .debug_frame   0x000001a8      0x280 ./release/stm32f10x_adc.o
 .debug_frame   0x00000428       0xe0 ./release/stm32f10x_bkp.o
 .debug_frame   0x00000508       0xcc ./release/stm32f10x_dma.o
 .debug_frame   0x000005d4       0x98 ./release/stm32f10x_exti.o
 .debug_frame   0x0000066c      0x254 ./release/stm32f10x_flash.o
 .debug_frame   0x000008c0      0x174 ./release/stm32f10x_gpio.o
 .debug_frame   0x00000a34       0x70 ./release/stm32f10x_iwdg.o
 .debug_frame   0x00000aa4      0x224 ./release/stm32f10x_rcc.o
 .debug_frame   0x00000cc8      0x108 ./release/stm32f10x_rtc.o
 .debug_frame   0x00000dd0      0x20c ./release/stm32f10x_sdio.o
 .debug_frame   0x00000fdc      0x65c ./release/stm32f10x_tim.o
 .debug_frame   0x00001638      0x20c ./release/stm32f10x_usart.o
 .debug_frame   0x00001844       0x9c ./release/stm32f10x_wwdg.o
 .debug_frame   0x000018e0      0x140 ./release/hw_config.o
 .debug_frame   0x00001a20       0x20 ./release/stm32f10x_it.o
 .debug_frame   0x00001a40      0x19c ./release/usb_core.o
 .debug_frame   0x00001bdc       0x54 ./release/usb_endp.o
 .debug_frame   0x00001c30       0x28 ./release/usb_init.o
 .debug_frame   0x00001c58       0x50 ./release/usb_int.o
 .debug_frame   0x00001ca8       0x2c ./release/usb_istr.o
 .debug_frame   0x00001cd4       0x44 ./release/usb_mem.o
 .debug_frame   0x00001d18      0x108 ./release/usb_prop.o
 .debug_frame   0x00001e20       0x84 ./release/usb_pwr.o
 .debug_frame   0x00001ea4      0x3d0 ./release/usb_regs.o
 .debug_frame   0x00002274       0x58 ./release/usb_sil.o
 .debug_frame   0x000022cc       0xb0 ./release/lib_crc.o
 .debug_frame   0x0000237c       0xfc ./release/sampleacquisition.o
 .debug_frame   0x00002478       0x8c ./release/uartcomm.o
 .debug_frame   0x00002504       0xc4 ./release/usbcomm.o
 .debug_frame   0x000025c8       0xf4 ./release/serialframe.o
 .debug_frame   0x000026bc       0x38 ./release/main.o
 .debug_frame   0x000026f4       0x70 ./release/signalfilter.o
 .debug_frame   0x00002764      0x1a8 ../drivers\libDrivers_STM32F103_107_Jan_2013.a(timer_1234.o)
 .debug_frame   0x0000290c       0x2c ../drivers\libDrivers_STM32F103_107_Jan_2013.a(gpio.o)

.debug_ranges   0x00000000      0x1b8
 .debug_ranges  0x00000000       0x60 ./release/stm32f10x_tim.o
 .debug_ranges  0x00000060       0xc8 ./release/usb_core.o
 .debug_ranges  0x00000128       0x30 ./release/usb_regs.o
 .debug_ranges  0x00000158       0x18 ./release/lib_crc.o
 .debug_ranges  0x00000170       0x30 ./release/usbcomm.o
 .debug_ranges  0x000001a0       0x18 ./release/main.o

.debug_pubnames
                0x00000000      0x405
 .debug_pubnames
                0x00000000      0x3e0 ../drivers\libDrivers_STM32F103_107_Jan_2013.a(timer_1234.o)
 .debug_pubnames
                0x000003e0       0x25 ../drivers\libDrivers_STM32F103_107_Jan_2013.a(gpio.o)
