Archive member included because of file (symbol)

../drivers\libDrivers_STM32F103_107_Jan_2013.a(timer_1234.o)
                              ./release/main.o (Timer_1234_Init)
../drivers\libDrivers_STM32F103_107_Jan_2013.a(gpio.o)
                              ./release/sampleacquisition.o (GPIO_Configure)
../drivers\libDrivers_STM32F103_107_Jan_2013.a(adc_dma.o)
                              ./release/sampleacquisition.o (Init_TimingADC_ActiveADC)
c:/users/administrateur/desktop/codesourcery/sourcery g++ lite/bin/../lib/gcc/arm-none-eabi/4.7.3/thumb2\libgcc.a(_arm_addsubdf3.o)
                              ../drivers\libDrivers_STM32F103_107_Jan_2013.a(timer_1234.o) (__aeabi_dadd)
c:/users/administrateur/desktop/codesourcery/sourcery g++ lite/bin/../lib/gcc/arm-none-eabi/4.7.3/thumb2\libgcc.a(_arm_muldivdf3.o)
                              ../drivers\libDrivers_STM32F103_107_Jan_2013.a(timer_1234.o) (__aeabi_dmul)
c:/users/administrateur/desktop/codesourcery/sourcery g++ lite/bin/../lib/gcc/arm-none-eabi/4.7.3/thumb2\libgcc.a(_arm_truncdfsf2.o)
                              ../drivers\libDrivers_STM32F103_107_Jan_2013.a(timer_1234.o) (__aeabi_d2f)
c:/users/administrateur/desktop/codesourcery/sourcery g++ lite/bin/../lib/gcc/arm-none-eabi/4.7.3/thumb2\libgcc.a(_arm_addsubsf3.o)
                              ./release/usart.o (__aeabi_fsub)
c:/users/administrateur/desktop/codesourcery/sourcery g++ lite/bin/../lib/gcc/arm-none-eabi/4.7.3/thumb2\libgcc.a(_arm_muldivsf3.o)
                              ./release/usart.o (__aeabi_fmul)
c:/users/administrateur/desktop/codesourcery/sourcery g++ lite/bin/../lib/gcc/arm-none-eabi/4.7.3/thumb2\libgcc.a(_arm_cmpsf2.o)
                              ../drivers\libDrivers_STM32F103_107_Jan_2013.a(timer_1234.o) (__aeabi_fcmplt)
c:/users/administrateur/desktop/codesourcery/sourcery g++ lite/bin/../lib/gcc/arm-none-eabi/4.7.3/thumb2\libgcc.a(_arm_fixsfsi.o)
                              ../drivers\libDrivers_STM32F103_107_Jan_2013.a(timer_1234.o) (__aeabi_f2iz)
c:/users/administrateur/desktop/codesourcery/sourcery g++ lite/bin/../lib/gcc/arm-none-eabi/4.7.3/thumb2\libgcc.a(_arm_fixunssfsi.o)
                              ./release/usart.o (__aeabi_f2uiz)

Allocating common symbols
Common symbol       size              file

SaveRState          0x2               ./release/usb_int.o
Enable_Fct_IT_Compare_Match_TIM3_Voie1
                    0x1               ../drivers\libDrivers_STM32F103_107_Jan_2013.a(timer_1234.o)
Enable_Fct_IT_Compare_Match_TIM1_Voie3
                    0x1               ../drivers\libDrivers_STM32F103_107_Jan_2013.a(timer_1234.o)
Enable_Fct_IT_Compare_Match_TIM2_Voie1
                    0x1               ../drivers\libDrivers_STM32F103_107_Jan_2013.a(timer_1234.o)
HSEStartUpStatus    0x1               ./release/hw_config.o
Enable_Fct_IT_Compare_Match_TIM4_Voie3
                    0x1               ../drivers\libDrivers_STM32F103_107_Jan_2013.a(timer_1234.o)
adcBuffer           0x200             ./release/sampleacquisition.o
xfunc_in            0x4               ./release/xprintf.o
SaveState           0x2               ./release/usb_init.o
Enable_Fct_IT_Compare_Match_TIM1_Voie1
                    0x1               ../drivers\libDrivers_STM32F103_107_Jan_2013.a(timer_1234.o)
converted           0x15              ./release/serialframe.o
Enable_Fct_IT_Compare_Match_TIM3_Voie4
                    0x1               ../drivers\libDrivers_STM32F103_107_Jan_2013.a(timer_1234.o)
USART_Tx_Buffer     0x800             ./release/hw_config.o
xfunc_out           0x4               ./release/xprintf.o
wIstr               0x2               ./release/usb_istr.o
pProperty           0x4               ./release/usb_init.o
PTR_Function_USART1
                    0x4               ./release/usart.o
Enable_Fct_IT_Compare_Match_TIM4_Voie1
                    0x1               ../drivers\libDrivers_STM32F103_107_Jan_2013.a(timer_1234.o)
EPindex             0x1               ./release/usb_init.o
Enable_Fct_IT_Compare_Match_TIM3_Voie2
                    0x1               ../drivers\libDrivers_STM32F103_107_Jan_2013.a(timer_1234.o)
Enable_Fct_IT_Compare_Match_TIM2_Voie3
                    0x1               ../drivers\libDrivers_STM32F103_107_Jan_2013.a(timer_1234.o)
Enable_Fct_IT_Compare_Match_TIM1_Voie4
                    0x1               ../drivers\libDrivers_STM32F103_107_Jan_2013.a(timer_1234.o)
USB_Tx_Buffer       0x40              ./release/usb_endp.o
SaveTState          0x2               ./release/usb_int.o
Enable_Fct_IT_Compare_Match_TIM4_Voie4
                    0x1               ../drivers\libDrivers_STM32F103_107_Jan_2013.a(timer_1234.o)
Device_Info         0x1c              ./release/usb_init.o
pUser_Standard_Requests
                    0x4               ./release/usb_init.o
USB_Rx_Buffer       0x40              ./release/usb_endp.o
Enable_Fct_IT_Compare_Match_TIM2_Voie4
[...]
Memory Configuration

Name             Origin             Length             Attributes
FLASH            0x08000000         0x00020000         xr
RAM              0x20000000         0x00005000         rw
*default*        0x00000000         0xffffffff

Linker script and memory map

LOAD ./release/startup-gcc.o
LOAD ./release/clock.o
LOAD ./release/usart.o
LOAD ./release/xprintf.o
LOAD ./release/misc.o
LOAD ./release/stm32f10x_adc.o
LOAD ./release/stm32f10x_bkp.o
LOAD ./release/stm32f10x_can.o
LOAD ./release/stm32f10x_cec.o
LOAD ./release/stm32f10x_crc.o
LOAD ./release/stm32f10x_dac.o
LOAD ./release/stm32f10x_dbgmcu.o
LOAD ./release/stm32f10x_dma.o
LOAD ./release/stm32f10x_exti.o
LOAD ./release/stm32f10x_flash.o
LOAD ./release/stm32f10x_fsmc.o
LOAD ./release/stm32f10x_gpio.o
LOAD ./release/stm32f10x_i2c.o
LOAD ./release/stm32f10x_iwdg.o
LOAD ./release/stm32f10x_pwr.o
LOAD ./release/stm32f10x_rcc.o
LOAD ./release/stm32f10x_rtc.o
LOAD ./release/stm32f10x_sdio.o
LOAD ./release/stm32f10x_spi.o
LOAD ./release/stm32f10x_tim.o
LOAD ./release/stm32f10x_usart.o
LOAD ./release/stm32f10x_wwdg.o
LOAD ./release/hw_config.o
LOAD ./release/otgd_fs_cal.o
LOAD ./release/otgd_fs_dev.o
LOAD ./release/otgd_fs_int.o
LOAD ./release/otgd_fs_pcd.o
LOAD ./release/stm32f10x_it.o
LOAD ./release/usb_core.o
LOAD ./release/usb_desc.o
LOAD ./release/usb_endp.o
LOAD ./release/usb_init.o
LOAD ./release/usb_int.o
LOAD ./release/usb_istr.o
LOAD ./release/usb_mem.o
LOAD ./release/usb_prop.o
LOAD ./release/usb_pwr.o
LOAD ./release/usb_regs.o
LOAD ./release/usb_sil.o
LOAD ./release/lib_crc.o
LOAD ./release/sampleacquisition.o
LOAD ./release/uartcomm.o
LOAD ./release/usbcomm.o
LOAD ./release/serialframe.o
LOAD ./release/main.o
LOAD ./release/signalfilter.o
LOAD ../drivers\libDrivers_STM32F103_107_Jan_2013.a
LOAD c:/users/administrateur/desktop/codesourcery/sourcery g++ lite/bin/../lib/gcc/arm-none-eabi/4.7.3/../../../../arm-none-eabi/lib/thumb2\libm.a
START GROUP
LOAD c:/users/administrateur/desktop/codesourcery/sourcery g++ lite/bin/../lib/gcc/arm-none-eabi/4.7.3/thumb2\libgcc.a
LOAD c:/users/administrateur/desktop/codesourcery/sourcery g++ lite/bin/../lib/gcc/arm-none-eabi/4.7.3/../../../../arm-none-eabi/lib/thumb2\libc.a
END GROUP
START GROUP
LOAD c:/users/administrateur/desktop/codesourcery/sourcery g++ lite/bin/../lib/gcc/arm-none-eabi/4.7.3/thumb2\libgcc.a
LOAD c:/users/administrateur/desktop/codesourcery/sourcery g++ lite/bin/../lib/gcc/arm-none-eabi/4.7.3/../../../../arm-none-eabi/lib/thumb2\libc.a
LOAD c:/users/administrateur/desktop/codesourcery/sourcery g++ lite/bin/../lib/gcc/arm-none-eabi/4.7.3/../../../../arm-none-eabi/lib/thumb2\libm.a
END GROUP

.text           0x08000000     0xd808
 *(.isr_vector)
 .isr_vector    0x08000000       0xec ./release/startup-gcc.o
                0x08000000                __isr_vector
 *(.text*)
 .text          0x080000ec       0x8c ./release/startup-gcc.o
                0x080000ec                Reset_Handler
                0x08000160                SystemInit
                0x08000162                NMI_Handler
                0x08000164                HardFault_Handler
                0x08000166                MemManage_Handler
                0x08000168                BusFault_Handler
                0x0800016a                UsageFault_Handler
                0x0800016c                SVC_Handler
                0x0800016e                DebugMon_Handler
                0x08000170                PendSV_Handler
                0x08000172                SysTick_Handler
                0x08000174                SPI1_IRQHandler
                0x08000174                TAMPER_IRQHandler
                0x08000174                DMAChannel4_IRQHandler
                0x08000174                PVD_IRQHandler
                0x08000174                EXTI0_IRQHandler
                0x08000174                I2C2_EV_IRQHandler
                0x08000174                DMAChannel7_IRQHandler
                0x08000174                I2C1_EV_IRQHandler
                0x08000174                RCC_IRQHandler
                0x08000174                TIM1_TRG_COM_IRQHandler
                0x08000174                EXTI15_10_IRQHandler
                0x08000174                DMAChannel5_IRQHandler
                0x08000174                EXTI9_5_IRQHandler
                0x08000174                DMAChannel2_IRQHandler
                0x08000174                SPI2_IRQHandler
                0x08000174                EXTI3_IRQHandler
                0x08000174                CAN1_RX1_IRQHandler
                0x08000174                EXTI4_IRQHandler
                0x08000174                RTC_IRQHandler
                0x08000174                USB_HP_CAN1_TX_IRQHandler
                0x08000174                WWDG_IRQHandler
                0x08000174                TIM1_BRK_IRQHandler
                0x08000174                EXTI1_IRQHandler
                0x08000174                RTCAlarm_IRQHandler
                0x08000174                I2C2_ER_IRQHandler
                0x08000174                CAN1_SCE_IRQHandler
                0x08000174                FLASH_IRQHandler
                0x08000174                DMAChannel6_IRQHandler
                0x08000174                DMAChannel3_IRQHandler
                0x08000174                EXTI2_IRQHandler
                0x08000174                I2C1_ER_IRQHandler
                0x08000174                USBWakeUp_IRQHandler
 .text          0x08000178       0xa8 ./release/clock.o
                0x08000178                CLOCK_Configure
                0x080001f8                CLOCK_GetTIMCLK
                0x08000200                CLOCK_GetHCLK
                0x08000208                CLOCK_GetPCLK1
                0x08000210                CLOCK_GetPCLK2
                0x08000218                CLOCK_GetADCCLK
 .text          0x08000220      0x2f0 ./release/usart.o
                0x08000220                Init_USART
                0x08000334                Send_Data_USART
                0x08000360                Send_String_USART
                0x0800038c                Receive_Data_USART
                0x080003a8                Data_USART
                0x080003b0                USART1_IRQHandler
                0x080003f8                USART2_IRQHandler
                0x0800042c                USART3_IRQHandler
                0x08000474                Active_Interrupt_Received_Data_available
 .text          0x08000510      0x5e0 ./release/xprintf.o
                0x08000510                xputc
                0x08000544                xputs
                0x0800083c                xfputs
                0x08000860                xprintf
                0x0800087c                xsprintf
                0x080008ac                xfprintf
                0x080008d8                put_dump
                0x08000978                xgets
                0x080009e0                xfgets
                0x080009f8                xatoi
 .text          0x08000af0       0xd8 ./release/misc.o
                0x08000af0                NVIC_PriorityGroupConfig
                0x08000b04                NVIC_Init
                0x08000b80                NVIC_SetVectorTable
                0x08000b94                NVIC_SystemLPConfig
                0x08000bb0                SysTick_CLKSourceConfig
 .text          0x08000bc8      0x41c ./release/stm32f10x_adc.o
                0x08000bc8                ADC_DeInit
                0x08000c38                ADC_Init
                0x08000c84                ADC_StructInit
                0x08000c9c                ADC_Cmd
                0x08000cb4                ADC_DMACmd
                0x08000ccc                ADC_ITConfig
                0x08000ce4                ADC_ResetCalibration
                0x08000cf0                ADC_GetResetCalibrationStatus
                0x08000cf8                ADC_StartCalibration
                0x08000d04                ADC_GetCalibrationStatus
                0x08000d0c                ADC_SoftwareStartConvCmd
                0x08000d24                ADC_GetSoftwareStartConvStatus
                0x08000d2c                ADC_DiscModeChannelCountConfig
                0x08000d40                ADC_DiscModeCmd
                0x08000d58                ADC_RegularChannelConfig
                0x08000e0c                ADC_ExternalTrigConvCmd
                0x08000e24                ADC_GetConversionValue
                0x08000e2c                ADC_GetDualModeConversionValue
                0x08000e38                ADC_AutoInjectedConvCmd
                0x08000e50                ADC_InjectedDiscModeCmd
                0x08000e68                ADC_ExternalTrigInjectedConvConfig
                0x08000e74                ADC_ExternalTrigInjectedConvCmd
                0x08000e8c                ADC_SoftwareStartInjectedConvCmd
                0x08000ea4                ADC_GetSoftwareStartInjectedConvCmdStatus
                0x08000eac                ADC_InjectedChannelConfig
                0x08000f1c                ADC_InjectedSequencerLengthConfig
                0x08000f30                ADC_SetInjectedOffset
                0x08000f48                ADC_GetInjectedConversionValue
                0x08000f68                ADC_AnalogWatchdogCmd
                0x08000f78                ADC_AnalogWatchdogThresholdsConfig
                0x08000f80                ADC_AnalogWatchdogSingleChannelConfig
                0x08000f8c                ADC_TempSensorVrefintCmd
                0x08000fac                ADC_GetFlagStatus
                0x08000fb8                ADC_ClearFlag
                0x08000fc0                ADC_GetITStatus
                0x08000fdc                ADC_ClearITPendingBit
 .text          0x08000fe4       0xf0 ./release/stm32f10x_bkp.o
                0x08000fe4                BKP_DeInit
                0x08000ff8                BKP_TamperPinLevelConfig
                0x08001004                BKP_TamperPinCmd
                0x08001010                BKP_ITConfig
                0x0800101c                BKP_RTCOutputConfig
                0x08001038                BKP_SetRTCCalibrationValue
                0x08001054                BKP_WriteBackupRegister
                0x08001074                BKP_ReadBackupRegister
                0x08001094                BKP_GetFlagStatus
                0x080010a0                BKP_ClearFlag
                0x080010b4                BKP_GetITStatus
                0x080010c0                BKP_ClearITPendingBit
 .text          0x080010d4      0x924 ./release/stm32f10x_can.o
                0x080010e0                CAN_DeInit
                0x08001120                CAN_Init
                0x08001210                CAN_FilterInit
                0x08001310                CAN_StructInit
                0x08001338                CAN_SlaveStartBank
                0x08001374                CAN_DBGFreeze
                0x0800138c                CAN_TTComModeCmd
                0x080013ec                CAN_Transmit
                0x080014d4                CAN_TransmitStatus
                0x08001540                CAN_CancelTransmit
                0x0800156c                CAN_Receive
                0x08001628                CAN_FIFORelease
                0x08001640                CAN_MessagePending
                0x0800165c                CAN_OperatingModeRequest
                0x0800170c                CAN_Sleep
                0x08001728                CAN_WakeUp
                0x08001754                CAN_GetLastErrorCode
                0x0800175c                CAN_GetReceiveErrorCounter
                0x08001764                CAN_GetLSBTransmitErrorCounter
                0x0800176c                CAN_ITConfig
                0x08001780                CAN_GetFlagStatus
                0x080017ec                CAN_ClearFlag
                0x08001828                CAN_GetITStatus
                0x0800193c                CAN_ClearITPendingBit
 .text          0x080019f8      0x12c ./release/stm32f10x_cec.o
                0x080019f8                CEC_DeInit
                0x08001a14                CEC_Init
                0x08001a34                CEC_Cmd
                0x08001a50                CEC_ITConfig
                0x08001a5c                CEC_OwnAddressConfig
                0x08001a68                CEC_SetPrescaler
                0x08001a74                CEC_SendDataByte
                0x08001a80                CEC_ReceiveDataByte
                0x08001a8c                CEC_StartOfMessage
                0x08001a9c                CEC_EndOfMessageCmd
                0x08001aa8                CEC_GetFlagStatus
                0x08001acc                CEC_ClearFlag
                0x08001aec                CEC_GetITStatus
                0x08001b04                CEC_ClearITPendingBit
 .text          0x08001b24       0x64 ./release/stm32f10x_crc.o
                0x08001b24                CRC_ResetDR
                0x08001b34                CRC_CalcCRC
                0x08001b40                CRC_CalcBlockCRC
                0x08001b64                CRC_GetCRC
                0x08001b70                CRC_SetIDRegister
                0x08001b7c                CRC_GetIDRegister
 .text          0x08001b88      0x1b4 ./release/stm32f10x_dac.o
                0x08001b88                DAC_DeInit
                0x08001ba4                DAC_Init
                0x08001bd4                DAC_StructInit
                0x08001be4                DAC_Cmd
                0x08001c10                DAC_DMACmd
                0x08001c3c                DAC_SoftwareTriggerCmd
                0x08001c70                DAC_DualSoftwareTriggerCmd
                0x08001c90                DAC_WaveGenerationCmd
                0x08001cb4                DAC_SetChannel1Data
                0x08001cd8                DAC_SetChannel2Data
                0x08001cfc                DAC_SetDualChannelData
                0x08001d14                DAC_GetDataOutputValue
 .text          0x08001d3c       0x40 ./release/stm32f10x_dbgmcu.o
                0x08001d3c                DBGMCU_GetREVID
                0x08001d4c                DBGMCU_GetDEVID
                0x08001d60                DBGMCU_Config
 .text          0x08001d7c      0x23c ./release/stm32f10x_dma.o
                0x08001d7c                DMA_DeInit
                0x08001eb4                DMA_Init
                0x08001ef4                DMA_StructInit
                0x08001f10                DMA_Cmd
                0x08001f28                DMA_ITConfig
                0x08001f3c                DMA_SetCurrDataCounter
                0x08001f40                DMA_GetCurrDataCounter
                0x08001f48                DMA_GetFlagStatus
                0x08001f68                DMA_ClearFlag
                0x08001f80                DMA_GetITStatus
                0x08001fa0                DMA_ClearITPendingBit
 .text          0x08001fb8      0x118 ./release/stm32f10x_exti.o
                0x08001fb8                EXTI_DeInit
                0x08001fd4                EXTI_Init
                0x08002060                EXTI_StructInit
                0x08002074                EXTI_GenerateSWInterrupt
                0x08002084                EXTI_GetFlagStatus
                0x08002098                EXTI_ClearFlag
                0x080020a4                EXTI_GetITStatus
                0x080020c4                EXTI_ClearITPendingBit
 .text          0x080020d0      0x5ac ./release/stm32f10x_flash.o
                0x080020d0                FLASH_SetLatency
                0x080020e4                FLASH_HalfCycleAccessCmd
                0x080020fc                FLASH_PrefetchBufferCmd
                0x08002114                FLASH_Unlock
                0x0800212c                FLASH_UnlockBank1
                0x08002144                FLASH_Lock
                0x08002154                FLASH_LockBank1
                0x08002164                FLASH_GetUserOptionByte
                0x08002174                FLASH_GetWriteProtectionOptionByte
                0x08002180                FLASH_GetReadOutProtectionStatus
                0x08002190                FLASH_GetPrefetchBufferStatus
                0x080021a0                FLASH_ITConfig
                0x080021bc                FLASH_GetFlagStatus
                0x080021dc                FLASH_ClearFlag
                0x080021e8                FLASH_GetStatus
                0x08002220                FLASH_GetBank1Status
                0x08002258                FLASH_WaitForLastOperation
                0x08002280                FLASH_UserOptionByteConfig
                0x080022dc                FLASH_ReadOutProtection
                0x08002374                FLASH_EnableWriteProtection
                0x08002424                FLASH_ProgramOptionByteData
                0x08002470                FLASH_ProgramHalfWord
                0x080024a8                FLASH_ProgramWord
                0x08002514                FLASH_EraseOptionBytes
                0x080025a8                FLASH_EraseAllPages
                0x080025e0                FLASH_ErasePage
                0x0800261c                FLASH_WaitForLastBank1Operation
                0x08002644                FLASH_EraseAllBank1Pages
 .text          0x0800267c      0x4fc ./release/stm32f10x_fsmc.o
                0x0800267c                FSMC_NORSRAMDeInit
                0x080026b4                FSMC_NANDDeInit
                0x080026dc                FSMC_PCCARDDeInit
                0x080026fc                FSMC_NORSRAMInit
                0x080027c8                FSMC_NANDInit
                0x08002838                FSMC_PCCARDInit
                0x080028a8                FSMC_NORSRAMStructInit
                0x08002918                FSMC_NANDStructInit
                0x08002954                FSMC_PCCARDStructInit
                0x08002994                FSMC_NORSRAMCmd
                0x080029c0                FSMC_NANDCmd
                0x080029f4                FSMC_PCCARDCmd
                0x08002a18                FSMC_NANDECCCmd
                0x08002a4c                FSMC_GetECC
                0x08002a60                FSMC_ITConfig
                0x08002ab4                FSMC_GetFlagStatus
                0x08002ae0                FSMC_ClearFlag
                0x08002b10                FSMC_GetITStatus
                0x08002b48                FSMC_ClearITPendingBit
 .text          0x08002b78      0x324 ./release/stm32f10x_gpio.o
                0x08002b78                GPIO_DeInit
                0x08002c78                GPIO_AFIODeInit
                0x08002c94                GPIO_Init
                0x08002d48                GPIO_StructInit
                0x08002d5c                GPIO_ReadInputDataBit
                0x08002d68                GPIO_ReadInputData
                0x08002d70                GPIO_ReadOutputDataBit
                0x08002d7c                GPIO_ReadOutputData
                0x08002d84                GPIO_SetBits
                0x08002d88                GPIO_ResetBits
                0x08002d8c                GPIO_WriteBit
                0x08002d98                GPIO_Write
                0x08002d9c                GPIO_PinLockConfig
                0x08002dac                GPIO_EventOutputConfig
                0x08002dc8                GPIO_EventOutputCmd
                0x08002dd4                GPIO_PinRemapConfig
                0x08002e50                GPIO_EXTILineConfig
                0x08002e90                GPIO_ETH_MediaInterfaceConfig
 .text          0x08002e9c      0x49c ./release/stm32f10x_i2c.o
                0x08002e9c                I2C_DeInit
                0x08002edc                I2C_Init
                0x08002fd0                I2C_StructInit
                0x08002ff0                I2C_Cmd
                0x08003010                I2C_DMACmd
                0x08003030                I2C_DMALastTransferCmd
                0x08003050                I2C_GenerateSTART
                0x08003070                I2C_GenerateSTOP
                0x08003090                I2C_AcknowledgeConfig
                0x080030b0                I2C_OwnAddress2Config
                0x080030c8                I2C_DualAddressCmd
                0x080030e8                I2C_GeneralCallCmd
                0x08003108                I2C_ITConfig
                0x08003120                I2C_SendData
                0x08003124                I2C_ReceiveData
                0x0800312c                I2C_Send7bitAddress
                0x0800313c                I2C_ReadRegister
                0x08003158                I2C_SoftwareResetCmd
                0x08003178                I2C_NACKPositionConfig
                0x0800319c                I2C_SMBusAlertConfig
                0x080031c0                I2C_TransmitPEC
                0x080031e0                I2C_PECPositionConfig
                0x08003204                I2C_CalculatePEC
                0x08003224                I2C_GetPEC
                0x0800322c                I2C_ARPCmd
                0x0800324c                I2C_StretchClockCmd
                0x0800326c                I2C_FastModeDutyCycleConfig
                0x08003290                I2C_CheckEvent
                0x080032ac                I2C_GetLastEvent
                0x080032bc                I2C_GetFlagStatus
                0x080032fc                I2C_ClearFlag
                0x08003308                I2C_GetITStatus
                0x0800332c                I2C_ClearITPendingBit
 .text          0x08003338       0x58 ./release/stm32f10x_iwdg.o
                0x08003338                IWDG_WriteAccessCmd
                0x08003344                IWDG_SetPrescaler
                0x08003350                IWDG_SetReload
                0x0800335c                IWDG_ReloadCounter
                0x0800336c                IWDG_Enable
                0x0800337c                IWDG_GetFlagStatus
 .text          0x08003390       0xd4 ./release/stm32f10x_pwr.o
                0x08003390                PWR_DeInit
                0x080033ac                PWR_BackupAccessCmd
                0x080033b8                PWR_PVDCmd
                0x080033c4                PWR_PVDLevelConfig
                0x080033d8                PWR_WakeUpPinCmd
                0x080033e4                PWR_EnterSTOPMode
                0x08003418                PWR_EnterSTANDBYMode
                0x08003440                PWR_GetFlagStatus
                0x08003454                PWR_ClearFlag
 .text          0x08003464      0x3a0 ./release/stm32f10x_rcc.o
                0x08003464                RCC_DeInit
                0x080034a4                RCC_HSEConfig
                0x080034e0                RCC_AdjustHSICalibrationValue
                0x080034f4                RCC_HSICmd
                0x08003500                RCC_PLLConfig
                0x08003514                RCC_PLLCmd
                0x08003520                RCC_SYSCLKConfig
                0x08003534                RCC_GetSYSCLKSource
                0x08003544                RCC_HCLKConfig
                0x08003558                RCC_PCLK1Config
                0x0800356c                RCC_PCLK2Config
                0x08003580                RCC_ITConfig
                0x0800359c                RCC_USBCLKConfig
                0x080035a8                RCC_ADCCLKConfig
                0x080035bc                RCC_LSEConfig
                0x080035e8                RCC_LSICmd
                0x080035f4                RCC_RTCCLKConfig
                0x08003604                RCC_RTCCLKCmd
                0x08003610                RCC_GetClocksFreq
                0x080036bc                RCC_AHBPeriphClockCmd
                0x080036d8                RCC_APB2PeriphClockCmd
                0x080036f4                RCC_APB1PeriphClockCmd
                0x08003710                RCC_APB2PeriphResetCmd
                0x0800372c                RCC_APB1PeriphResetCmd
                0x08003748                RCC_BackupResetCmd
                0x08003754                RCC_ClockSecuritySystemCmd
                0x08003760                RCC_MCOConfig
                0x0800376c                RCC_GetFlagStatus
                0x08003798                RCC_WaitForHSEStartUp
                0x080037d4                RCC_ClearFlag
                0x080037e4                RCC_GetITStatus
                0x080037f8                RCC_ClearITPendingBit
 .text          0x08003804      0x170 ./release/stm32f10x_rtc.o
                0x08003804                RTC_ITConfig
                0x08003824                RTC_EnterConfigMode
                0x08003838                RTC_ExitConfigMode
                0x08003850                RTC_GetCounter
                0x08003864                RTC_SetCounter
                0x08003884                RTC_SetPrescaler
                0x080038a4                RTC_SetAlarm
                0x080038c4                RTC_GetDivider
                0x080038dc                RTC_WaitForLastTask
                0x080038f0                RTC_WaitForSynchro
                0x08003914                RTC_GetFlagStatus
                0x08003928                RTC_ClearFlag
                0x0800393c                RTC_GetITStatus
                0x08003960                RTC_ClearITPendingBit
 .text          0x08003974      0x244 ./release/stm32f10x_sdio.o
                0x08003974                SDIO_DeInit
                0x08003998                SDIO_Init
                0x080039c8                SDIO_StructInit
                0x080039dc                SDIO_ClockCmd
                0x080039e8                SDIO_SetPowerState
                0x08003a00                SDIO_GetPowerState
                0x08003a10                SDIO_ITConfig
                0x08003a2c                SDIO_DMACmd
                0x08003a38                SDIO_SendCommand
                0x08003a64                SDIO_CmdStructInit
                0x08003a74                SDIO_GetCommandResponse
                0x08003a80                SDIO_GetResponse
                0x08003a9c                SDIO_DataConfig
                0x08003ac8                SDIO_DataStructInit
                0x08003ae0                SDIO_GetDataCounter
                0x08003aec                SDIO_ReadData
                0x08003af8                SDIO_WriteData
                0x08003b04                SDIO_GetFIFOCount
                0x08003b10                SDIO_StartSDIOReadWait
                0x08003b1c                SDIO_StopSDIOReadWait
                0x08003b28                SDIO_SetSDIOReadWaitMode
                0x08003b34                SDIO_SetSDIOOperation
                0x08003b40                SDIO_SendSDIOSuspendCmd
                0x08003b4c                SDIO_CommandCompletionCmd
                0x08003b58                SDIO_CEATAITCmd
                0x08003b6c                SDIO_SendCEATACmd
                0x08003b78                SDIO_GetFlagStatus
                0x08003b8c                SDIO_ClearFlag
                0x08003b98                SDIO_GetITStatus
                0x08003bac                SDIO_ClearITPendingBit
 .text          0x08003bb8      0x37c ./release/stm32f10x_spi.o
                0x08003bb8                SPI_I2S_DeInit
                0x08003c28                SPI_Init
                0x08003c6c                I2S_Init
                0x08003d48                SPI_StructInit
                0x08003d64                I2S_StructInit
                0x08003d7c                SPI_Cmd
                0x08003d9c                I2S_Cmd
                0x08003dbc                SPI_I2S_ITConfig
                0x08003de4                SPI_I2S_DMACmd
                0x08003dfc                SPI_I2S_SendData
                0x08003e00                SPI_I2S_ReceiveData
                0x08003e08                SPI_NSSInternalSoftwareConfig
                0x08003e30                SPI_SSOutputCmd
                0x08003e50                SPI_DataSizeConfig
                0x08003e6c                SPI_TransmitCRC
                0x08003e78                SPI_CalculateCRC
                0x08003e98                SPI_GetCRC
                0x08003ea4                SPI_GetCRCPolynomial
                0x08003eac                SPI_BiDirectionalLineConfig
                0x08003ed0                SPI_I2S_GetFlagStatus
                0x08003edc                SPI_I2S_ClearFlag
                0x08003ee8                SPI_I2S_GetITStatus
                0x08003f1c                SPI_I2S_ClearITPendingBit
 .text          0x08003f34      0xf20 ./release/stm32f10x_tim.o
                0x08004030                TIM_DeInit
                0x08004290                TIM_TimeBaseInit
                0x08004334                TIM_OC1Init
                0x080043d0                TIM_OC2Init
                0x08004468                TIM_OC3Init
                0x080044fc                TIM_OC4Init
                0x08004574                TIM_BDTRConfig
                0x08004598                TIM_TimeBaseStructInit
                0x080045ac                TIM_OCStructInit
                0x080045c4                TIM_ICStructInit
                0x080045d8                TIM_BDTRStructInit
                0x080045ec                TIM_Cmd
                0x0800460c                TIM_CtrlPWMOutputs
                0x08004634                TIM_ITConfig
                0x0800464c                TIM_GenerateEvent
                0x08004650                TIM_DMAConfig
                0x08004658                TIM_DMACmd
                0x08004670                TIM_InternalClockConfig
                0x08004684                TIM_ETRConfig
                0x0800469c                TIM_ETRClockMode2Config
                0x080046b0                TIM_ETRClockMode1Config
                0x080046d0                TIM_PrescalerConfig
                0x080046d8                TIM_CounterModeConfig
                0x080046ec                TIM_SelectInputTrigger
                0x08004700                TIM_TIxExternalClockConfig
                0x08004734                TIM_ITRxExternalClockConfig
                0x08004748                TIM_EncoderInterfaceConfig
                0x08004794                TIM_ForcedOC1Config
                0x080047a8                TIM_ForcedOC2Config
                0x080047c0                TIM_ForcedOC3Config
                0x080047d4                TIM_ForcedOC4Config
                0x080047ec                TIM_ARRPreloadConfig
                0x0800480c                TIM_SelectCOM
                0x0800482c                TIM_SelectCCDMA
                0x0800484c                TIM_CCPreloadControl
                0x0800486c                TIM_OC1PreloadConfig
                0x08004880                TIM_OC2PreloadConfig
                0x08004898                TIM_OC3PreloadConfig
                0x080048ac                TIM_OC4PreloadConfig
                0x080048c4                TIM_OC1FastConfig
                0x080048d8                TIM_OC2FastConfig
                0x080048f0                TIM_OC3FastConfig
                0x08004904                TIM_OC4FastConfig
                0x0800491c                TIM_ClearOC1Ref
                0x08004930                TIM_ClearOC2Ref
                0x08004944                TIM_ClearOC3Ref
                0x08004958                TIM_ClearOC4Ref
                0x0800496c                TIM_OC1PolarityConfig
                0x08004980                TIM_OC1NPolarityConfig
                0x08004994                TIM_OC2PolarityConfig
                0x080049ac                TIM_OC2NPolarityConfig
                0x080049c4                TIM_OC3PolarityConfig
                0x080049dc                TIM_OC3NPolarityConfig
                0x080049f4                TIM_OC4PolarityConfig
                0x08004a0c                TIM_CCxCmd
                0x08004a30                TIM_CCxNCmd
                0x08004a54                TIM_SelectOCxM
                0x08004aa8                TIM_UpdateDisableConfig
                0x08004ac8                TIM_UpdateRequestConfig
                0x08004ae8                TIM_SelectHallSensor
                0x08004b08                TIM_SelectOnePulseMode
                0x08004b24                TIM_SelectOutputTrigger
                0x08004b40                TIM_SelectSlaveMode
                0x08004b5c                TIM_SelectMasterSlaveMode
                0x08004b78                TIM_SetCounter
                0x08004b7c                TIM_SetAutoreload
                0x08004b80                TIM_SetCompare1
                0x08004b84                TIM_SetCompare2
                0x08004b88                TIM_SetCompare3
                0x08004b8c                TIM_SetCompare4
                0x08004b94                TIM_SetIC1Prescaler
                0x08004bb0                TIM_SetIC2Prescaler
                0x08004bd0                TIM_PWMIConfig
                0x08004c3c                TIM_SetIC3Prescaler
                0x08004c58                TIM_SetIC4Prescaler
                0x08004c78                TIM_ICInit
                0x08004dc8                TIM_SetClockDivision
                0x08004de4                TIM_GetCapture1
                0x08004dec                TIM_GetCapture2
                0x08004df4                TIM_GetCapture3
                0x08004dfc                TIM_GetCapture4
                0x08004e04                TIM_GetCounter
                0x08004e0c                TIM_GetPrescaler
                0x08004e14                TIM_GetFlagStatus
                0x08004e20                TIM_ClearFlag
                0x08004e2c                TIM_GetITStatus
                0x08004e48                TIM_ClearITPendingBit
 .text          0x08004e54      0x4a4 ./release/stm32f10x_usart.o
                0x08004e54                USART_DeInit
                0x08004f0c                USART_Init
                0x08004ff4                USART_StructInit
                0x08005010                USART_ClockInit
                0x08005038                USART_ClockStructInit
                0x08005048                USART_Cmd
                0x08005068                USART_ITConfig
                0x080050a4                USART_DMACmd
                0x080050bc                USART_SetAddress
                0x080050d8                USART_WakeUpConfig
                0x080050f4                USART_ReceiverWakeUpCmd
                0x08005114                USART_LINBreakDetectLengthConfig
                0x08005130                USART_LINCmd
                0x08005150                USART_SendData
                0x0800515c                USART_ReceiveData
                0x08005168                USART_SendBreak
                0x08005174                USART_SetGuardTime
                0x08005188                USART_SetPrescaler
                0x0800519c                USART_SmartCardCmd
                0x080051bc                USART_SmartCardNACKCmd
                0x080051dc                USART_HalfDuplexCmd
                0x080051fc                USART_OverSampling8Cmd
                0x0800521c                USART_OneBitMethodCmd
                0x0800523c                USART_IrDAConfig
                0x08005258                USART_IrDACmd
                0x08005278                USART_GetFlagStatus
                0x08005284                USART_ClearFlag
                0x08005290                USART_GetITStatus
                0x080052e0                USART_ClearITPendingBit
 .text          0x080052f8       0xa4 ./release/stm32f10x_wwdg.o
                0x080052f8                WWDG_DeInit
                0x08005314                WWDG_SetPrescaler
                0x08005328                WWDG_SetWindowValue
                0x08005350                WWDG_EnableIT
                0x08005360                WWDG_SetCounter
                0x08005370                WWDG_Enable
                0x08005380                WWDG_GetFlagStatus
                0x0800538c                WWDG_ClearFlag
 .text          0x0800539c      0x2a8 ./release/hw_config.o
                0x080053d8                Set_System
                0x08005410                Set_USBClock
                0x08005428                Enter_LowPowerMode
                0x08005438                Leave_LowPowerMode
                0x0800545c                USB_Interrupts_Config
                0x08005490                USB_Cable_Config
                0x080054b0                USB_To_USART_Send_Data
                0x080054f0                USB_Receive
                0x0800551c                USB_GetTxSize
                0x08005528                Handle_USBAsynchXfer
                0x080055d0                USB_Send
                0x080055fc                Get_SerialNum
                0x08005638                USB_GetState
 .text          0x08005644        0x0 ./release/otgd_fs_cal.o
 .text          0x08005644        0x0 ./release/otgd_fs_dev.o
 .text          0x08005644        0x0 ./release/otgd_fs_int.o
 .text          0x08005644        0x0 ./release/otgd_fs_pcd.o
 .text          0x08005644        0x8 ./release/stm32f10x_it.o
                0x08005644                USB_LP_CAN1_RX0_IRQHandler
 .text          0x0800564c      0xa34 ./release/usb_core.o
                0x0800564c                Standard_GetConfiguration
                0x08005678                Standard_GetInterface
                0x080056a4                Standard_GetStatus
                0x08005834                Standard_SetConfiguration
                0x0800587c                Standard_SetInterface
                0x080058dc                Standard_ClearFeature
                0x08005a08                Standard_SetEndPointFeature
                0x08005ac8                Standard_SetDeviceFeature
                0x08005aec                Standard_GetDescriptorData
                0x08005b08                Post0_Process
                0x08005b4c                Out0_Process
                0x08005c58                Setup0_Process
                0x08005fc8                SetDeviceAddress
                0x08006014                In0_Process
                0x0800607c                NOP_Process
 .text          0x08006080        0x0 ./release/usb_desc.o
 .text          0x08006080       0xe8 ./release/usb_endp.o
                0x08006080                EP1_IN_Callback
                0x08006100                EP3_OUT_Callback
                0x08006124                SOF_Callback
 .text          0x08006168       0x38 ./release/usb_init.o
                0x08006168                USB_Init
 .text          0x080061a0      0x2f4 ./release/usb_int.o
                0x080061a0                CTR_LP
                0x08006404                CTR_HP
 .text          0x08006494       0x80 ./release/usb_istr.o
                0x08006494                USB_Istr
 .text          0x08006514       0x70 ./release/usb_mem.o
                0x08006514                UserToPMABufferCopy
                0x08006554                PMAToUserBufferCopy
 .text          0x08006584      0x2ac ./release/usb_prop.o
                0x08006584                Virtual_Com_Port_SetConfiguration
                0x0800659c                Virtual_Com_Port_SetDeviceAddress
                0x080065ac                Virtual_Com_Port_Status_In
                0x080065c4                Virtual_Com_Port_Status_Out
                0x080065c8                Virtual_Com_Port_Data_Setup
                0x0800663c                Virtual_Com_Port_NoData_Setup
                0x08006668                Virtual_Com_Port_Get_Interface_Setting
                0x0800667c                Virtual_Com_Port_GetLineCoding
                0x08006698                Virtual_Com_Port_SetLineCoding
                0x080066b4                Virtual_Com_Port_GetStringDescriptor
                0x080066dc                Virtual_Com_Port_GetConfigDescriptor
                0x080066ec                Virtual_Com_Port_GetDeviceDescriptor
                0x080066fc                Virtual_Com_Port_Reset
                0x08006808                Virtual_Com_Port_init
 .text          0x08006830      0x15c ./release/usb_pwr.o
                0x08006830                PowerOn
                0x08006864                PowerOff
                0x08006890                Suspend
                0x080068b4                Resume_Init
                0x080068d4                Resume
 .text          0x0800698c      0x8d8 ./release/usb_regs.o
                0x0800698c                SetCNTR
                0x08006998                GetCNTR
                0x080069a4                SetISTR
                0x080069b0                GetISTR
                0x080069bc                GetFNR
                0x080069c8                SetDADDR
                0x080069d4                GetDADDR
                0x080069e0                SetBTABLE
                0x080069f0                GetBTABLE
                0x080069fc                SetENDPOINT
                0x08006a0c                GetENDPOINT
                0x08006a20                SetEPType
                0x08006a3c                GetEPType
                0x08006a50                SetEPTxStatus
                0x08006a8c                SetEPRxStatus
                0x08006ac8                SetDouBleBuffEPStall
                0x08006b04                GetEPTxStatus
                0x08006b18                GetEPRxStatus
                0x08006b2c                SetEPTxValid
                0x08006b50                SetEPRxValid
                0x08006b74                SetEP_KIND
                0x08006b94                ClearEP_KIND
                0x08006bb4                Clear_Status_Out
                0x08006bd4                Set_Status_Out
                0x08006bf4                SetEPDoubleBuff
                0x08006c14                ClearEPDoubleBuff
                0x08006c34                GetTxStallStatus
                0x08006c50                GetRxStallStatus
                0x08006c70                ClearEP_CTR_RX
                0x08006c88                ClearEP_CTR_TX
                0x08006ca0                ToggleDTOG_RX
                0x08006cc0                ToggleDTOG_TX
                0x08006ce0                ClearDTOG_RX
                0x08006d08                ClearDTOG_TX
                0x08006d30                SetEPAddress
                0x08006d54                GetEPAddress
                0x08006d68                SetEPTxAddr
                0x08006d8c                SetEPRxAddr
                0x08006db0                GetEPTxAddr
                0x08006dd0                GetEPRxAddr
                0x08006df0                SetEPTxCount
                0x08006e10                SetEPCountRxReg
                0x08006e44                SetEPRxCount
                0x08006e94                GetEPTxCount
                0x08006ebc                GetEPRxCount
                0x08006ee4                SetEPDblBuffAddr
                0x08006f28                SetEPDblBuf0Addr
                0x08006f4c                SetEPDblBuf1Addr
                0x08006f70                GetEPDblBuf0Addr
                0x08006f90                GetEPDblBuf1Addr
                0x08006fb0                SetEPDblBuffCount
                0x0800708c                SetEPDblBuf0Count
                0x080070f8                SetEPDblBuf1Count
                0x08007164                GetEPDblBuf0Count
                0x0800718c                GetEPDblBuf1Count
                0x080071b4                GetEPDblBufDir
                0x08007208                FreeUserBuffer
                0x08007250                ToWord
                0x08007258                ByteSwap
 .text          0x08007264       0x74 ./release/usb_sil.o
                0x08007264                USB_SIL_Init
                0x08007288                USB_SIL_Write
                0x080072b4                USB_SIL_Read
 .text          0x080072d8      0x274 ./release/lib_crc.o
                0x080072d8                update_crc_ccitt
                0x08007350                update_crc_sick
                0x08007370                update_crc_16
                0x080073ec                update_crc_kermit
                0x08007468                update_crc_dnp
                0x080074e4                update_crc_32
 .text          0x0800754c       0xf8 ./release/sampleacquisition.o
                0x0800754c                setLEDAcquisition
                0x08007564                sampleAcquisitionInit
                0x080075c4                acquireSample
                0x080075e0                acquireBurstManual
                0x08007600                acquireBurstDMA
 .text          0x08007644       0xe0 ./release/uartcomm.o
                0x08007644                uartCommSendChar
                0x08007654                uartCommToggleLEDStatus
                0x08007664                uartCommInit
                0x080076bc                uartCommSendData
                0x080076fc                uartCommSendTimes
 .text          0x08007724       0xcc ./release/usbcomm.o
                0x08007724                setLEDComUSB
                0x0800773c                usbCommInit
                0x08007778                usbCommSendChar
                0x08007780                usbCommSendData
                0x080077b4                usbCommSendTimes
 .text          0x080077f0      0x2cc ./release/serialframe.o
                0x080077f0                serialFrameToUint
                0x0800787c                serialFrameFromUint
                0x08007908                createCRC
                0x0800792c                serialFrameToChar
                0x080079a8                retrieveReadFrame
                0x080079f8                createUsartFrame
                0x08007a88                createSendableFrame
 .text          0x08007abc       0x10 ./release/main.o
                0x08007abc                Clignote
 .text.startup  0x08007acc       0x54 ./release/main.o
                0x08007acc                main
 .text          0x08007b20      0x214 ./release/signalfilter.o
                0x08007b20                signalTraitementInit
                0x08007b5c                signalTraitement
 *fill*         0x08007d34        0x4 
 .text          0x08007d38     0x20d0 ../drivers\libDrivers_STM32F103_107_Jan_2013.a(timer_1234.o)
                0x08007d38                Timer_1234_Init
                0x08007f50                Active_IT_Debordement_Timer
                0x08008128                Active_IT_Compare_Timer
                0x08008650                PWM_Init
                0x08008860                PWM_Complementaire_Timer1
                0x0800890c                Timer_Inc_Init
                0x08008ae8                Capture_Init
                0x08008f48                TIM1_CC_IRQHandler
                0x08009288                TIM1_UP_IRQHandler
                0x080092d0                TIM2_IRQHandler
                0x080095f4                TIM3_IRQHandler
                0x080099a8                TIM4_IRQHandler
                0x08009d5c                Lire_Duree_Pulse
 .text          0x08009e08      0x25c ../drivers\libDrivers_STM32F103_107_Jan_2013.a(gpio.o)
                0x08009e08                GPIO_Configure
 *fill*         0x0800a064        0x4 
 .text          0x0800a068      0x860 ../drivers\libDrivers_STM32F103_107_Jan_2013.a(adc_dma.o)
                0x0800a068                Init_TimingADC_ActiveADC
                0x0800a340                Single_Channel_ADC
                0x0800a370                Init_MultiChan_Regular
                0x0800a4f4                Init_Conversion_On_Trig_Timer
                0x0800a5e0                Init_IT_ADC_EOC
                0x0800a65c                ADC_IRQHandler
                0x0800a6d0                Init_IT_End_Of_DMA1
                0x0800a72c                DMAChannel1_IRQHandler
                0x0800a758                Init_ADC1_DMA1
                0x0800a808                Start_DMA1
                0x0800a858                Wait_On_EOC_ADC
                0x0800a890                Wait_On_End_Of_DMA1
 .text          0x0800a8c8      0x370 c:/users/administrateur/desktop/codesourcery/sourcery g++ lite/bin/../lib/gcc/arm-none-eabi/4.7.3/thumb2\libgcc.a(_arm_addsubdf3.o)
                0x0800a8c8                __aeabi_drsub
                0x0800a8d0                __aeabi_dsub
                0x0800a8d0                __subdf3
                0x0800a8d4                __aeabi_dadd
                0x0800a8d4                __adddf3
                0x0800ab4c                __floatunsidf
                0x0800ab4c                __aeabi_ui2d
                0x0800ab6c                __floatsidf
                0x0800ab6c                __aeabi_i2d
                0x0800ab90                __aeabi_f2d
                0x0800ab90                __extendsfdf2
                0x0800abcc                __floatundidf
                0x0800abcc                __aeabi_ul2d
                0x0800abdc                __floatdidf
                0x0800abdc                __aeabi_l2d
 .text          0x0800ac38      0x424 c:/users/administrateur/desktop/codesourcery/sourcery g++ lite/bin/../lib/gcc/arm-none-eabi/4.7.3/thumb2\libgcc.a(_arm_muldivdf3.o)
                0x0800ac38                __aeabi_dmul
                0x0800ac38                __muldf3
                0x0800ae8c                __divdf3
                0x0800ae8c                __aeabi_ddiv
 .text          0x0800b05c       0xa0 c:/users/administrateur/desktop/codesourcery/sourcery g++ lite/bin/../lib/gcc/arm-none-eabi/4.7.3/thumb2\libgcc.a(_arm_truncdfsf2.o)
                0x0800b05c                __truncdfsf2
                0x0800b05c                __aeabi_d2f
 .text          0x0800b0fc      0x21c c:/users/administrateur/desktop/codesourcery/sourcery g++ lite/bin/../lib/gcc/arm-none-eabi/4.7.3/thumb2\libgcc.a(_arm_addsubsf3.o)
                0x0800b0fc                __aeabi_frsub
                0x0800b104                __subsf3
                0x0800b104                __aeabi_fsub
                0x0800b108                __aeabi_fadd
                0x0800b108                __addsf3
                0x0800b268                __aeabi_ui2f
                0x0800b268                __floatunsisf
                0x0800b270                __aeabi_i2f
                0x0800b270                __floatsisf
                0x0800b28c                __aeabi_ul2f
                0x0800b28c                __floatundisf
                0x0800b29c                __aeabi_l2f
                0x0800b29c                __floatdisf
 .text          0x0800b318      0x2a0 c:/users/administrateur/desktop/codesourcery/sourcery g++ lite/bin/../lib/gcc/arm-none-eabi/4.7.3/thumb2\libgcc.a(_arm_muldivsf3.o)
                0x0800b318                __mulsf3
                0x0800b318                __aeabi_fmul
                0x0800b480                __aeabi_fdiv
                0x0800b480                __divsf3
 .text          0x0800b5b8       0xec c:/users/administrateur/desktop/codesourcery/sourcery g++ lite/bin/../lib/gcc/arm-none-eabi/4.7.3/thumb2\libgcc.a(_arm_cmpsf2.o)
                0x0800b5b8                __gesf2
                0x0800b5b8                __gtsf2
                0x0800b5c0                __lesf2
                0x0800b5c0                __ltsf2
                0x0800b5c8                __nesf2
                0x0800b5c8                __eqsf2
                0x0800b5c8                __cmpsf2
                0x0800b628                __aeabi_cfrcmple
                0x0800b630                __aeabi_cfcmpeq
                0x0800b630                __aeabi_cfcmple
                0x0800b640                __aeabi_fcmpeq
                0x0800b654                __aeabi_fcmplt
                0x0800b668                __aeabi_fcmple
                0x0800b67c                __aeabi_fcmpge
                0x0800b690                __aeabi_fcmpgt
 .text          0x0800b6a4       0x4c c:/users/administrateur/desktop/codesourcery/sourcery g++ lite/bin/../lib/gcc/arm-none-eabi/4.7.3/thumb2\libgcc.a(_arm_fixsfsi.o)
                0x0800b6a4                __aeabi_f2iz
                0x0800b6a4                __fixsfsi
 .text          0x0800b6f0       0x40 c:/users/administrateur/desktop/codesourcery/sourcery g++ lite/bin/../lib/gcc/arm-none-eabi/4.7.3/thumb2\libgcc.a(_arm_fixunssfsi.o)
                0x0800b6f0                __fixunssfsi
                0x0800b6f0                __aeabi_f2uiz
 *(.init)
 *(.fini)
 *crtbegin.o(.ctors)
 *crtbegin?.o(.ctors)
 *(EXCLUDE_FILE(*crtend.o *crtend?.o) .ctors)
 *(SORT(.ctors.*))
 *(.ctors)
 *crtbegin.o(.dtors)
 *crtbegin?.o(.dtors)
 *(EXCLUDE_FILE(*crtend.o *crtend?.o) .dtors)
 *(SORT(.dtors.*))
 *(.dtors)
 *(.rodata*)
 .rodata.str1.4
                0x0800b730       0x20 ./release/xprintf.o
 .rodata        0x0800b750       0xb8 ./release/usb_desc.o
                0x0800b750                Virtual_Com_Port_StringProduct
                0x0800b784                Virtual_Com_Port_StringVendor
                0x0800b7ac                Virtual_Com_Port_StringLangID
                0x0800b7b0                Virtual_Com_Port_ConfigDescriptor
                0x0800b7f4                Virtual_Com_Port_DeviceDescriptor
 .rodata        0x0800b808     0x2000 ./release/signalfilter.o
                0x0800b808                cos_39500
                0x0800bc08                cos_40000
                0x0800c008                cos_40500
                0x0800c408                cos_41000
                0x0800c808                sin_39500
                0x0800cc08                sin_40000
                0x0800d008                sin_40500
                0x0800d408                sin_41000
 *(.eh_frame*)

.glue_7         0x0800d808        0x0
 .glue_7        0x00000000        0x0 linker stubs

.glue_7t        0x0800d808        0x0
 .glue_7t       0x00000000        0x0 linker stubs

.vfp11_veneer   0x0800d808        0x0
 .vfp11_veneer  0x00000000        0x0 linker stubs

.v4_bx          0x0800d808        0x0
 .v4_bx         0x00000000        0x0 linker stubs

.iplt           0x0800d808        0x0
 .iplt          0x00000000        0x0 ./release/startup-gcc.o

.rel.dyn        0x0800d808        0x0
 .rel.iplt      0x00000000        0x0 ./release/startup-gcc.o

.ARM.extab
 *(.ARM.extab* .gnu.linkonce.armextab.*)
                0x0800d808                __exidx_start = .

.ARM.exidx
 *(.ARM.exidx* .gnu.linkonce.armexidx.*)
                0x0800d808                __exidx_end = .
                0x0800d808                __etext = .

.data           0x20000000       0xfc load address 0x0800d808
                0x20000000                __data_start__ = .
 *(vtable)
 *(.data*)
 .data          0x20000000        0x0 ./release/startup-gcc.o
 .data          0x20000000        0x0 ./release/clock.o
 .data          0x20000000        0x0 ./release/usart.o
 .data          0x20000000        0x0 ./release/xprintf.o
 .data          0x20000000        0x0 ./release/misc.o
 .data          0x20000000        0x0 ./release/stm32f10x_adc.o
 .data          0x20000000        0x0 ./release/stm32f10x_bkp.o
 .data          0x20000000        0x0 ./release/stm32f10x_can.o
 .data          0x20000000        0x0 ./release/stm32f10x_cec.o
 .data          0x20000000        0x0 ./release/stm32f10x_crc.o
 .data          0x20000000        0x0 ./release/stm32f10x_dac.o
 .data          0x20000000        0x0 ./release/stm32f10x_dbgmcu.o
 .data          0x20000000        0x0 ./release/stm32f10x_dma.o
 .data          0x20000000        0x0 ./release/stm32f10x_exti.o
 .data          0x20000000        0x0 ./release/stm32f10x_flash.o
 .data          0x20000000        0x0 ./release/stm32f10x_fsmc.o
 .data          0x20000000        0x0 ./release/stm32f10x_gpio.o
 .data          0x20000000        0x0 ./release/stm32f10x_i2c.o
 .data          0x20000000        0x0 ./release/stm32f10x_iwdg.o
 .data          0x20000000        0x0 ./release/stm32f10x_pwr.o
 .data          0x20000000       0x14 ./release/stm32f10x_rcc.o
 .data          0x20000014        0x0 ./release/stm32f10x_rtc.o
 .data          0x20000014        0x0 ./release/stm32f10x_sdio.o
 .data          0x20000014        0x0 ./release/stm32f10x_spi.o
 .data          0x20000014        0x0 ./release/stm32f10x_tim.o
 .data          0x20000014        0x0 ./release/stm32f10x_usart.o
 .data          0x20000014        0x0 ./release/stm32f10x_wwdg.o
 .data          0x20000014        0x0 ./release/hw_config.o
 .data          0x20000014        0x0 ./release/otgd_fs_cal.o
 .data          0x20000014        0x0 ./release/otgd_fs_dev.o
 .data          0x20000014        0x0 ./release/otgd_fs_int.o
 .data          0x20000014        0x0 ./release/otgd_fs_pcd.o
 .data          0x20000014        0x0 ./release/stm32f10x_it.o
 .data          0x20000014        0x0 ./release/usb_core.o
 .data          0x20000014       0x1c ./release/usb_desc.o
                0x20000014                Virtual_Com_Port_StringSerial
 .data          0x20000030        0x0 ./release/usb_endp.o
 .data          0x20000030        0x0 ./release/usb_init.o
 .data          0x20000030        0x0 ./release/usb_int.o
 .data          0x20000030       0x38 ./release/usb_istr.o
                0x20000030                pEpInt_OUT
                0x2000004c                pEpInt_IN
 .data          0x20000068        0x0 ./release/usb_mem.o
 .data          0x20000068       0x90 ./release/usb_prop.o
                0x20000068                linecoding
                0x20000070                String_Descriptor
                0x20000090                Config_Descriptor
                0x20000098                Device_Descriptor
                0x200000a0                Device_Property
                0x200000d0                User_Standard_Requests
                0x200000f4                Device_Table
 .data          0x200000f8        0x1 ./release/usb_pwr.o
                0x200000f8                fSuspendEnabled
 .data          0x200000f9        0x0 ./release/usb_regs.o
 .data          0x200000f9        0x0 ./release/usb_sil.o
 .data          0x200000f9        0x0 ./release/lib_crc.o
 .data          0x200000f9        0x0 ./release/sampleacquisition.o
 .data          0x200000f9        0x0 ./release/uartcomm.o
 .data          0x200000f9        0x0 ./release/usbcomm.o
 .data          0x200000f9        0x0 ./release/serialframe.o
 .data          0x200000f9        0x0 ./release/main.o
 .data          0x200000f9        0x0 ./release/signalfilter.o
 .data          0x200000f9        0x0 ../drivers\libDrivers_STM32F103_107_Jan_2013.a(timer_1234.o)
 .data          0x200000f9        0x0 ../drivers\libDrivers_STM32F103_107_Jan_2013.a(gpio.o)
 .data          0x200000f9        0x0 ../drivers\libDrivers_STM32F103_107_Jan_2013.a(adc_dma.o)
 .data          0x200000f9        0x0 c:/users/administrateur/desktop/codesourcery/sourcery g++ lite/bin/../lib/gcc/arm-none-eabi/4.7.3/thumb2\libgcc.a(_arm_addsubdf3.o)
 .data          0x200000f9        0x0 c:/users/administrateur/desktop/codesourcery/sourcery g++ lite/bin/../lib/gcc/arm-none-eabi/4.7.3/thumb2\libgcc.a(_arm_muldivdf3.o)
 .data          0x200000f9        0x0 c:/users/administrateur/desktop/codesourcery/sourcery g++ lite/bin/../lib/gcc/arm-none-eabi/4.7.3/thumb2\libgcc.a(_arm_truncdfsf2.o)
 .data          0x200000f9        0x0 c:/users/administrateur/desktop/codesourcery/sourcery g++ lite/bin/../lib/gcc/arm-none-eabi/4.7.3/thumb2\libgcc.a(_arm_addsubsf3.o)
 .data          0x200000f9        0x0 c:/users/administrateur/desktop/codesourcery/sourcery g++ lite/bin/../lib/gcc/arm-none-eabi/4.7.3/thumb2\libgcc.a(_arm_muldivsf3.o)
 .data          0x200000f9        0x0 c:/users/administrateur/desktop/codesourcery/sourcery g++ lite/bin/../lib/gcc/arm-none-eabi/4.7.3/thumb2\libgcc.a(_arm_cmpsf2.o)
 .data          0x200000f9        0x0 c:/users/administrateur/desktop/codesourcery/sourcery g++ lite/bin/../lib/gcc/arm-none-eabi/4.7.3/thumb2\libgcc.a(_arm_fixsfsi.o)
 .data          0x200000f9        0x0 c:/users/administrateur/desktop/codesourcery/sourcery g++ lite/bin/../lib/gcc/arm-none-eabi/4.7.3/thumb2\libgcc.a(_arm_fixunssfsi.o)
                0x200000fc                . = ALIGN (0x4)
 *fill*         0x200000f9        0x3 
                0x200000fc                PROVIDE (__preinit_array_start, .)
 *(.preinit_array)
                0x200000fc                PROVIDE (__preinit_array_end, .)
                0x200000fc                . = ALIGN (0x4)
                0x200000fc                PROVIDE (__init_array_start, .)
 *(SORT(.init_array.*))
 *(.init_array)
                0x200000fc                PROVIDE (__init_array_end, .)
                0x200000fc                . = ALIGN (0x4)
                0x200000fc                PROVIDE (__fini_array_start, .)
 *(SORT(.fini_array.*))
 *(.fini_array)
                0x200000fc                PROVIDE (__fini_array_end, .)
                0x200000fc                . = ALIGN (0x4)
                0x200000fc                __data_end__ = .

.igot.plt       0x200000fc        0x0 load address 0x0800d904
 .igot.plt      0x00000000        0x0 ./release/startup-gcc.o

.bss            0x200000fc     0x1ff5 load address 0x0800d904
                0x200000fc                __bss_start__ = .
 *(.bss*)
 .bss           0x200000fc        0x0 ./release/startup-gcc.o
 .bss           0x200000fc        0x0 ./release/clock.o
 .bss           0x200000fc        0x0 ./release/usart.o
 .bss           0x200000fc        0x4 ./release/xprintf.o
 .bss           0x20000100        0x0 ./release/misc.o
 .bss           0x20000100        0x0 ./release/stm32f10x_adc.o
 .bss           0x20000100        0x0 ./release/stm32f10x_bkp.o
 .bss           0x20000100        0x0 ./release/stm32f10x_can.o
 .bss           0x20000100        0x0 ./release/stm32f10x_cec.o
 .bss           0x20000100        0x0 ./release/stm32f10x_crc.o
 .bss           0x20000100        0x0 ./release/stm32f10x_dac.o
 .bss           0x20000100        0x0 ./release/stm32f10x_dbgmcu.o
 .bss           0x20000100        0x0 ./release/stm32f10x_dma.o
 .bss           0x20000100        0x0 ./release/stm32f10x_exti.o
 .bss           0x20000100        0x0 ./release/stm32f10x_flash.o
 .bss           0x20000100        0x0 ./release/stm32f10x_fsmc.o
 .bss           0x20000100        0x0 ./release/stm32f10x_gpio.o
 .bss           0x20000100        0x0 ./release/stm32f10x_i2c.o
 .bss           0x20000100        0x0 ./release/stm32f10x_iwdg.o
 .bss           0x20000100        0x0 ./release/stm32f10x_pwr.o
 .bss           0x20000100        0x0 ./release/stm32f10x_rcc.o
 .bss           0x20000100        0x0 ./release/stm32f10x_rtc.o
 .bss           0x20000100        0x0 ./release/stm32f10x_sdio.o
 .bss           0x20000100        0x0 ./release/stm32f10x_spi.o
 .bss           0x20000100        0x0 ./release/stm32f10x_tim.o
 .bss           0x20000100        0x0 ./release/stm32f10x_usart.o
 .bss           0x20000100        0x0 ./release/stm32f10x_wwdg.o
 .bss           0x20000100       0x1c ./release/hw_config.o
                0x20000100                USART_Tx_ptr_in
                0x20000104                USART_Tx_length
                0x20000108                USART_Tx_ptr_out
                0x2000010c                USB_Tx_State
                0x20000110                USART_Rx_ptr_out
                0x20000114                USART_Rx_ptr_in
                0x20000118                USART_Rx_length
 .bss           0x2000011c        0x0 ./release/otgd_fs_cal.o
 .bss           0x2000011c        0x0 ./release/otgd_fs_dev.o
 .bss           0x2000011c        0x0 ./release/otgd_fs_int.o
 .bss           0x2000011c        0x0 ./release/otgd_fs_pcd.o
 .bss           0x2000011c        0x0 ./release/stm32f10x_it.o
 .bss           0x2000011c        0x1 ./release/usb_core.o
                0x2000011c                Data_Mul_MaxPacketSize
 .bss           0x2000011d        0x0 ./release/usb_desc.o
 *fill*         0x2000011d        0x3 
 .bss           0x20000120        0x4 ./release/usb_endp.o
 .bss           0x20000124        0x0 ./release/usb_init.o
 .bss           0x20000124        0x0 ./release/usb_int.o
 .bss           0x20000124        0x1 ./release/usb_istr.o
                0x20000124                bIntPackSOF
 .bss           0x20000125        0x0 ./release/usb_mem.o
 .bss           0x20000125        0x1 ./release/usb_prop.o
                0x20000125                Request
 *fill*         0x20000126        0x2 
 .bss           0x20000128        0x4 ./release/usb_pwr.o
                0x20000128                bDeviceState
 .bss           0x2000012c        0x0 ./release/usb_regs.o
 .bss           0x2000012c        0x0 ./release/usb_sil.o
 .bss           0x2000012c      0xc14 ./release/lib_crc.o
 .bss           0x20000d40        0x0 ./release/sampleacquisition.o
 .bss           0x20000d40        0x0 ./release/uartcomm.o
 .bss           0x20000d40        0x0 ./release/usbcomm.o
 .bss           0x20000d40        0x2 ./release/serialframe.o
                0x20000d40                currentUsartSeqNum
 .bss           0x20000d42        0x0 ./release/main.o
 .bss           0x20000d42        0x0 ./release/signalfilter.o
 *fill*         0x20000d42        0x2 
 .bss           0x20000d44       0x90 ../drivers\libDrivers_STM32F103_107_Jan_2013.a(timer_1234.o)
 .bss           0x20000dd4        0x0 ../drivers\libDrivers_STM32F103_107_Jan_2013.a(gpio.o)
 .bss           0x20000dd4        0xc ../drivers\libDrivers_STM32F103_107_Jan_2013.a(adc_dma.o)
 .bss           0x20000de0        0x0 c:/users/administrateur/desktop/codesourcery/sourcery g++ lite/bin/../lib/gcc/arm-none-eabi/4.7.3/thumb2\libgcc.a(_arm_addsubdf3.o)
 .bss           0x20000de0        0x0 c:/users/administrateur/desktop/codesourcery/sourcery g++ lite/bin/../lib/gcc/arm-none-eabi/4.7.3/thumb2\libgcc.a(_arm_muldivdf3.o)
 .bss           0x20000de0        0x0 c:/users/administrateur/desktop/codesourcery/sourcery g++ lite/bin/../lib/gcc/arm-none-eabi/4.7.3/thumb2\libgcc.a(_arm_truncdfsf2.o)
 .bss           0x20000de0        0x0 c:/users/administrateur/desktop/codesourcery/sourcery g++ lite/bin/../lib/gcc/arm-none-eabi/4.7.3/thumb2\libgcc.a(_arm_addsubsf3.o)
 .bss           0x20000de0        0x0 c:/users/administrateur/desktop/codesourcery/sourcery g++ lite/bin/../lib/gcc/arm-none-eabi/4.7.3/thumb2\libgcc.a(_arm_muldivsf3.o)
 .bss           0x20000de0        0x0 c:/users/administrateur/desktop/codesourcery/sourcery g++ lite/bin/../lib/gcc/arm-none-eabi/4.7.3/thumb2\libgcc.a(_arm_cmpsf2.o)
 .bss           0x20000de0        0x0 c:/users/administrateur/desktop/codesourcery/sourcery g++ lite/bin/../lib/gcc/arm-none-eabi/4.7.3/thumb2\libgcc.a(_arm_fixsfsi.o)
 .bss           0x20000de0        0x0 c:/users/administrateur/desktop/codesourcery/sourcery g++ lite/bin/../lib/gcc/arm-none-eabi/4.7.3/thumb2\libgcc.a(_arm_fixunssfsi.o)
 *(COMMON)
 COMMON         0x20000de0        0xc ./release/usart.o
                0x20000de0                PTR_Function_USART1
                0x20000de4                PTR_Function_USART2
                0x20000de8                PTR_Function_USART3
 COMMON         0x20000dec        0x8 ./release/xprintf.o
                0x20000dec                xfunc_in
                0x20000df0                xfunc_out
 COMMON         0x20000df4     0x1014 ./release/hw_config.o
                0x20000df4                HSEStartUpStatus
                0x20000df8                USART_Tx_Buffer
                0x200015f8                USART_Rx_Buffer
                0x20001df8                USART_InitStructure
 COMMON         0x20001e08        0x2 ./release/usb_core.o
                0x20001e08                StatusInfo
 *fill*         0x20001e0a        0x2 
 COMMON         0x20001e0c       0x80 ./release/usb_endp.o
                0x20001e0c                USB_Tx_Buffer
                0x20001e4c                USB_Rx_Buffer
 COMMON         0x20001e8c       0x32 ./release/usb_init.o
                0x20001e8c                SaveState
                0x20001e90                pProperty
                0x20001e94                EPindex
                0x20001e98                Device_Info
                0x20001eb4                pUser_Standard_Requests
                0x20001eb8                pInformation
                0x20001ebc                wInterrupt_Mask
 COMMON         0x20001ebe        0x4 ./release/usb_int.o
                0x20001ebe                SaveRState
                0x20001ec0                SaveTState
 COMMON         0x20001ec2        0x2 ./release/usb_istr.o
                0x20001ec2                wIstr
 COMMON         0x20001ec4        0x2 ./release/usb_pwr.o
                0x20001ec4                ResumeS
 *fill*         0x20001ec6        0x2 
 COMMON         0x20001ec8      0x204 ./release/sampleacquisition.o
                0x20001ec8                adcBuffer
                0x200020c8                sampleTime
 COMMON         0x200020cc       0x15 ./release/serialframe.o
                0x200020cc                converted
 COMMON         0x200020e1       0x10 ../drivers\libDrivers_STM32F103_107_Jan_2013.a(timer_1234.o)
                0x200020e1                Enable_Fct_IT_Compare_Match_TIM3_Voie1
                0x200020e2                Enable_Fct_IT_Compare_Match_TIM1_Voie3
                0x200020e3                Enable_Fct_IT_Compare_Match_TIM2_Voie1
                0x200020e4                Enable_Fct_IT_Compare_Match_TIM4_Voie3
                0x200020e5                Enable_Fct_IT_Compare_Match_TIM1_Voie1
                0x200020e6                Enable_Fct_IT_Compare_Match_TIM3_Voie4
                0x200020e7                Enable_Fct_IT_Compare_Match_TIM4_Voie1
                0x200020e8                Enable_Fct_IT_Compare_Match_TIM3_Voie2
                0x200020e9                Enable_Fct_IT_Compare_Match_TIM2_Voie3
                0x200020ea                Enable_Fct_IT_Compare_Match_TIM1_Voie4
                0x200020eb                Enable_Fct_IT_Compare_Match_TIM4_Voie4
                0x200020ec                Enable_Fct_IT_Compare_Match_TIM2_Voie4
                0x200020ed                Enable_Fct_IT_Compare_Match_TIM3_Voie3
                0x200020ee                Enable_Fct_IT_Compare_Match_TIM2_Voie2
                0x200020ef                Enable_Fct_IT_Compare_Match_TIM1_Voie2
                0x200020f0                Enable_Fct_IT_Compare_Match_TIM4_Voie2
                0x200020f1                __bss_end__ = .

.heap           0x200020f8      0x800
                0x200020f8                __end__ = .
                0x200020f8                end = __end__
                0x200020f8                _end = __end__
 *(.heap*)
 .heap          0x200020f8      0x800 ./release/startup-gcc.o
                0x200020f8                __HeapBase
                0x200028f8                __HeapLimit = .

.stack_dummy    0x200020f8      0xc00
 *(.stack)
 .stack         0x200020f8      0xc00 ./release/startup-gcc.o
                0x20005000                __StackTop = (ORIGIN (RAM) + 0x5000)
                0x20004400                __StackLimit = (__StackTop - SIZEOF (.stack_dummy))
                0x20005000                PROVIDE (__stack, __StackTop)
                0x00000001                ASSERT ((__StackLimit >= __HeapLimit), region RAM overflowed with stack)
OUTPUT(./release/receiver_STM32.elf elf32-littlearm)

.ARM.attributes
                0x00000000       0x2f
 .ARM.attributes
                0x00000000       0x21 ./release/startup-gcc.o
 .ARM.attributes
                0x00000021       0x33 ./release/clock.o
 .ARM.attributes
                0x00000054       0x33 ./release/usart.o
 .ARM.attributes
                0x00000087       0x33 ./release/xprintf.o
 .ARM.attributes
                0x000000ba       0x33 ./release/misc.o
 .ARM.attributes
                0x000000ed       0x33 ./release/stm32f10x_adc.o
 .ARM.attributes
                0x00000120       0x33 ./release/stm32f10x_bkp.o
 .ARM.attributes
                0x00000153       0x33 ./release/stm32f10x_can.o
 .ARM.attributes
                0x00000186       0x33 ./release/stm32f10x_cec.o
 .ARM.attributes
                0x000001b9       0x33 ./release/stm32f10x_crc.o
 .ARM.attributes
                0x000001ec       0x33 ./release/stm32f10x_dac.o
 .ARM.attributes
                0x0000021f       0x33 ./release/stm32f10x_dbgmcu.o
 .ARM.attributes
                0x00000252       0x33 ./release/stm32f10x_dma.o
 .ARM.attributes
                0x00000285       0x33 ./release/stm32f10x_exti.o
 .ARM.attributes
                0x000002b8       0x33 ./release/stm32f10x_flash.o
 .ARM.attributes
                0x000002eb       0x33 ./release/stm32f10x_fsmc.o
 .ARM.attributes
                0x0000031e       0x33 ./release/stm32f10x_gpio.o
 .ARM.attributes
                0x00000351       0x33 ./release/stm32f10x_i2c.o
 .ARM.attributes
                0x00000384       0x33 ./release/stm32f10x_iwdg.o
 .ARM.attributes
                0x000003b7       0x33 ./release/stm32f10x_pwr.o
 .ARM.attributes
                0x000003ea       0x33 ./release/stm32f10x_rcc.o
 .ARM.attributes
                0x0000041d       0x33 ./release/stm32f10x_rtc.o
 .ARM.attributes
                0x00000450       0x33 ./release/stm32f10x_sdio.o
 .ARM.attributes
                0x00000483       0x33 ./release/stm32f10x_spi.o
 .ARM.attributes
                0x000004b6       0x33 ./release/stm32f10x_tim.o
 .ARM.attributes
                0x000004e9       0x33 ./release/stm32f10x_usart.o
 .ARM.attributes
                0x0000051c       0x33 ./release/stm32f10x_wwdg.o
 .ARM.attributes
                0x0000054f       0x33 ./release/hw_config.o
 .ARM.attributes
                0x00000582       0x33 ./release/otgd_fs_cal.o
 .ARM.attributes
                0x000005b5       0x33 ./release/otgd_fs_dev.o
 .ARM.attributes
                0x000005e8       0x33 ./release/otgd_fs_int.o
 .ARM.attributes
                0x0000061b       0x33 ./release/otgd_fs_pcd.o
 .ARM.attributes
                0x0000064e       0x33 ./release/stm32f10x_it.o
 .ARM.attributes
                0x00000681       0x33 ./release/usb_core.o
 .ARM.attributes
                0x000006b4       0x33 ./release/usb_desc.o
 .ARM.attributes
                0x000006e7       0x33 ./release/usb_endp.o
 .ARM.attributes
                0x0000071a       0x33 ./release/usb_init.o
 .ARM.attributes
                0x0000074d       0x33 ./release/usb_int.o
 .ARM.attributes
                0x00000780       0x33 ./release/usb_istr.o
 .ARM.attributes
                0x000007b3       0x33 ./release/usb_mem.o
 .ARM.attributes
                0x000007e6       0x33 ./release/usb_prop.o
 .ARM.attributes
                0x00000819       0x33 ./release/usb_pwr.o
 .ARM.attributes
                0x0000084c       0x33 ./release/usb_regs.o
 .ARM.attributes
                0x0000087f       0x33 ./release/usb_sil.o
 .ARM.attributes
                0x000008b2       0x33 ./release/lib_crc.o
 .ARM.attributes
                0x000008e5       0x33 ./release/sampleacquisition.o
 .ARM.attributes
                0x00000918       0x33 ./release/uartcomm.o
 .ARM.attributes
                0x0000094b       0x33 ./release/usbcomm.o
 .ARM.attributes
                0x0000097e       0x33 ./release/serialframe.o
 .ARM.attributes
                0x000009b1       0x33 ./release/main.o
 .ARM.attributes
                0x000009e4       0x33 ./release/signalfilter.o
 .ARM.attributes
                0x00000a17       0x31 ../drivers\libDrivers_STM32F103_107_Jan_2013.a(timer_1234.o)
 .ARM.attributes
                0x00000a48       0x31 ../drivers\libDrivers_STM32F103_107_Jan_2013.a(gpio.o)
 .ARM.attributes
                0x00000a79       0x31 ../drivers\libDrivers_STM32F103_107_Jan_2013.a(adc_dma.o)
 .ARM.attributes
                0x00000aaa       0x19 c:/users/administrateur/desktop/codesourcery/sourcery g++ lite/bin/../lib/gcc/arm-none-eabi/4.7.3/thumb2\libgcc.a(_arm_addsubdf3.o)
 .ARM.attributes
                0x00000ac3       0x19 c:/users/administrateur/desktop/codesourcery/sourcery g++ lite/bin/../lib/gcc/arm-none-eabi/4.7.3/thumb2\libgcc.a(_arm_muldivdf3.o)
 .ARM.attributes
                0x00000adc       0x19 c:/users/administrateur/desktop/codesourcery/sourcery g++ lite/bin/../lib/gcc/arm-none-eabi/4.7.3/thumb2\libgcc.a(_arm_truncdfsf2.o)
 .ARM.attributes
                0x00000af5       0x19 c:/users/administrateur/desktop/codesourcery/sourcery g++ lite/bin/../lib/gcc/arm-none-eabi/4.7.3/thumb2\libgcc.a(_arm_addsubsf3.o)
 .ARM.attributes
                0x00000b0e       0x19 c:/users/administrateur/desktop/codesourcery/sourcery g++ lite/bin/../lib/gcc/arm-none-eabi/4.7.3/thumb2\libgcc.a(_arm_muldivsf3.o)
 .ARM.attributes
                0x00000b27       0x19 c:/users/administrateur/desktop/codesourcery/sourcery g++ lite/bin/../lib/gcc/arm-none-eabi/4.7.3/thumb2\libgcc.a(_arm_cmpsf2.o)
 .ARM.attributes
                0x00000b40       0x19 c:/users/administrateur/desktop/codesourcery/sourcery g++ lite/bin/../lib/gcc/arm-none-eabi/4.7.3/thumb2\libgcc.a(_arm_fixsfsi.o)
 .ARM.attributes
                0x00000b59       0x19 c:/users/administrateur/desktop/codesourcery/sourcery g++ lite/bin/../lib/gcc/arm-none-eabi/4.7.3/thumb2\libgcc.a(_arm_fixunssfsi.o)

.comment        0x00000000       0xb1
 .comment       0x00000000       0x30 ./release/clock.o
                                 0x31 (size before relaxing)
 .comment       0x00000000       0x31 ./release/usart.o
 .comment       0x00000000       0x31 ./release/xprintf.o
 .comment       0x00000000       0x31 ./release/misc.o
 .comment       0x00000000       0x31 ./release/stm32f10x_adc.o
 .comment       0x00000000       0x31 ./release/stm32f10x_bkp.o
 .comment       0x00000000       0x31 ./release/stm32f10x_can.o
 .comment       0x00000000       0x31 ./release/stm32f10x_cec.o
 .comment       0x00000000       0x31 ./release/stm32f10x_crc.o
 .comment       0x00000000       0x31 ./release/stm32f10x_dac.o
 .comment       0x00000000       0x31 ./release/stm32f10x_dbgmcu.o
 .comment       0x00000000       0x31 ./release/stm32f10x_dma.o
 .comment       0x00000000       0x31 ./release/stm32f10x_exti.o
 .comment       0x00000000       0x31 ./release/stm32f10x_flash.o
 .comment       0x00000000       0x31 ./release/stm32f10x_fsmc.o
 .comment       0x00000000       0x31 ./release/stm32f10x_gpio.o
 .comment       0x00000000       0x31 ./release/stm32f10x_i2c.o
 .comment       0x00000000       0x31 ./release/stm32f10x_iwdg.o
 .comment       0x00000000       0x31 ./release/stm32f10x_pwr.o
 .comment       0x00000000       0x31 ./release/stm32f10x_rcc.o
 .comment       0x00000000       0x31 ./release/stm32f10x_rtc.o
 .comment       0x00000000       0x31 ./release/stm32f10x_sdio.o
 .comment       0x00000000       0x31 ./release/stm32f10x_spi.o
 .comment       0x00000000       0x31 ./release/stm32f10x_tim.o
 .comment       0x00000000       0x31 ./release/stm32f10x_usart.o
 .comment       0x00000000       0x31 ./release/stm32f10x_wwdg.o
 .comment       0x00000000       0x31 ./release/hw_config.o
 .comment       0x00000000       0x31 ./release/otgd_fs_cal.o
 .comment       0x00000000       0x31 ./release/otgd_fs_dev.o
 .comment       0x00000000       0x31 ./release/otgd_fs_int.o
 .comment       0x00000000       0x31 ./release/otgd_fs_pcd.o
 .comment       0x00000000       0x31 ./release/stm32f10x_it.o
 .comment       0x00000000       0x31 ./release/usb_core.o
 .comment       0x00000000       0x31 ./release/usb_desc.o
 .comment       0x00000000       0x31 ./release/usb_endp.o
 .comment       0x00000000       0x31 ./release/usb_init.o
 .comment       0x00000000       0x31 ./release/usb_int.o
 .comment       0x00000000       0x31 ./release/usb_istr.o
 .comment       0x00000000       0x31 ./release/usb_mem.o
 .comment       0x00000000       0x31 ./release/usb_prop.o
 .comment       0x00000000       0x31 ./release/usb_pwr.o
 .comment       0x00000000       0x31 ./release/usb_regs.o
 .comment       0x00000000       0x31 ./release/usb_sil.o
 .comment       0x00000000       0x31 ./release/lib_crc.o
 .comment       0x00000000       0x31 ./release/sampleacquisition.o
 .comment       0x00000000       0x31 ./release/uartcomm.o
 .comment       0x00000000       0x31 ./release/usbcomm.o
 .comment       0x00000000       0x31 ./release/serialframe.o
 .comment       0x00000000       0x31 ./release/main.o
 .comment       0x00000000       0x31 ./release/signalfilter.o
 .comment       0x00000030       0x2b ../drivers\libDrivers_STM32F103_107_Jan_2013.a(timer_1234.o)
 .comment       0x0000005b       0x2b ../drivers\libDrivers_STM32F103_107_Jan_2013.a(gpio.o)
 .comment       0x00000086       0x2b ../drivers\libDrivers_STM32F103_107_Jan_2013.a(adc_dma.o)

.debug_line     0x00000000     0x6d2b
 .debug_line    0x00000000       0x91 ./release/startup-gcc.o
 .debug_line    0x00000091      0x149 ./release/clock.o
 .debug_line    0x000001da      0x1bb ./release/usart.o
 .debug_line    0x00000395      0x2b8 ./release/xprintf.o
 .debug_line    0x0000064d      0x1c6 ./release/misc.o
 .debug_line    0x00000813      0x2f8 ./release/stm32f10x_adc.o
 .debug_line    0x00000b0b      0x1ec ./release/stm32f10x_bkp.o
 .debug_line    0x00000cf7      0x3ac ./release/stm32f10x_can.o
 .debug_line    0x000010a3      0x21c ./release/stm32f10x_cec.o
 .debug_line    0x000012bf      0x1c6 ./release/stm32f10x_crc.o
 .debug_line    0x00001485      0x21b ./release/stm32f10x_dac.o
 .debug_line    0x000016a0      0x1af ./release/stm32f10x_dbgmcu.o
 .debug_line    0x0000184f      0x228 ./release/stm32f10x_dma.o
 .debug_line    0x00001a77      0x1fc ./release/stm32f10x_exti.o
 .debug_line    0x00001c73      0x336 ./release/stm32f10x_flash.o
 .debug_line    0x00001fa9      0x2f0 ./release/stm32f10x_fsmc.o
 .debug_line    0x00002299      0x28b ./release/stm32f10x_gpio.o
 .debug_line    0x00002524      0x2cd ./release/stm32f10x_i2c.o
 .debug_line    0x000027f1      0x1ba ./release/stm32f10x_iwdg.o
 .debug_line    0x000029ab      0x20b ./release/stm32f10x_pwr.o
 .debug_line    0x00002bb6      0x2ae ./release/stm32f10x_rcc.o
 .debug_line    0x00002e64      0x201 ./release/stm32f10x_rtc.o
 .debug_line    0x00003065      0x270 ./release/stm32f10x_sdio.o
 .debug_line    0x000032d5      0x29b ./release/stm32f10x_spi.o
 .debug_line    0x00003570      0x539 ./release/stm32f10x_tim.o
 .debug_line    0x00003aa9      0x2c6 ./release/stm32f10x_usart.o
 .debug_line    0x00003d6f      0x1d6 ./release/stm32f10x_wwdg.o
 .debug_line    0x00003f45      0x2d8 ./release/hw_config.o
 .debug_line    0x0000421d        0x0 ./release/otgd_fs_cal.o
 .debug_line    0x0000421d        0x0 ./release/otgd_fs_dev.o
 .debug_line    0x0000421d        0x0 ./release/otgd_fs_int.o
 .debug_line    0x0000421d        0x0 ./release/otgd_fs_pcd.o
 .debug_line    0x0000421d      0x177 ./release/stm32f10x_it.o
 .debug_line    0x00004394      0x3fa ./release/usb_core.o
 .debug_line    0x0000478e      0x11c ./release/usb_desc.o
 .debug_line    0x000048aa      0x1cc ./release/usb_endp.o
 .debug_line    0x00004a76      0x177 ./release/usb_init.o
 .debug_line    0x00004bed      0x27a ./release/usb_int.o
 .debug_line    0x00004e67      0x1a6 ./release/usb_istr.o
 .debug_line    0x0000500d      0x161 ./release/usb_mem.o
 .debug_line    0x0000516e      0x26c ./release/usb_prop.o
 .debug_line    0x000053da      0x204 ./release/usb_pwr.o
 .debug_line    0x000055de      0x45f ./release/usb_regs.o
 .debug_line    0x00005a3d      0x1a2 ./release/usb_sil.o
 .debug_line    0x00005bdf       0xe1 ./release/lib_crc.o
 .debug_line    0x00005cc0      0x17b ./release/sampleacquisition.o
 .debug_line    0x00005e3b      0x1a6 ./release/uartcomm.o
 .debug_line    0x00005fe1      0x204 ./release/usbcomm.o
 .debug_line    0x000061e5      0x166 ./release/serialframe.o
 .debug_line    0x0000634b      0x1b5 ./release/main.o
 .debug_line    0x00006500      0x268 ./release/signalfilter.o
 .debug_line    0x00006768      0x2d3 ../drivers\libDrivers_STM32F103_107_Jan_2013.a(timer_1234.o)
 .debug_line    0x00006a3b      0x134 ../drivers\libDrivers_STM32F103_107_Jan_2013.a(gpio.o)
 .debug_line    0x00006b6f      0x1bc ../drivers\libDrivers_STM32F103_107_Jan_2013.a(adc_dma.o)

.debug_info     0x00000000    0x15bc7
 .debug_info    0x00000000       0x8c ./release/startup-gcc.o
 .debug_info    0x0000008c      0x560 ./release/clock.o
 .debug_info    0x000005ec      0x6b3 ./release/usart.o
 .debug_info    0x00000c9f      0x717 ./release/xprintf.o
 .debug_info    0x000013b6      0x594 ./release/misc.o
 .debug_info    0x0000194a      0xcd1 ./release/stm32f10x_adc.o
 .debug_info    0x0000261b      0x8bc ./release/stm32f10x_bkp.o
 .debug_info    0x00002ed7      0xdf0 ./release/stm32f10x_can.o
 .debug_info    0x00003cc7      0x492 ./release/stm32f10x_cec.o
 .debug_info    0x00004159      0x206 ./release/stm32f10x_crc.o
 .debug_info    0x0000435f      0x53a ./release/stm32f10x_dac.o
 .debug_info    0x00004899      0x15e ./release/stm32f10x_dbgmcu.o
 .debug_info    0x000049f7      0x4a4 ./release/stm32f10x_dma.o
 .debug_info    0x00004e9b      0x369 ./release/stm32f10x_exti.o
 .debug_info    0x00005204      0xa79 ./release/stm32f10x_flash.o
 .debug_info    0x00005c7d      0x9ac ./release/stm32f10x_fsmc.o
 .debug_info    0x00006629      0x8cc ./release/stm32f10x_gpio.o
 .debug_info    0x00006ef5      0xc3e ./release/stm32f10x_i2c.o
 .debug_info    0x00007b33      0x203 ./release/stm32f10x_iwdg.o
 .debug_info    0x00007d36      0x500 ./release/stm32f10x_pwr.o
 .debug_info    0x00008236      0x93c ./release/stm32f10x_rcc.o
 .debug_info    0x00008b72      0x4b2 ./release/stm32f10x_rtc.o
 .debug_info    0x00009024      0x892 ./release/stm32f10x_sdio.o
 .debug_info    0x000098b6      0xa6c ./release/stm32f10x_spi.o
 .debug_info    0x0000a322     0x23d1 ./release/stm32f10x_tim.o
 .debug_info    0x0000c6f3      0xbd0 ./release/stm32f10x_usart.o
 .debug_info    0x0000d2c3      0x298 ./release/stm32f10x_wwdg.o
 .debug_info    0x0000d55b      0xb97 ./release/hw_config.o
 .debug_info    0x0000e0f2       0xbf ./release/stm32f10x_it.o
 .debug_info    0x0000e1b1      0xf5a ./release/usb_core.o
 .debug_info    0x0000f10b      0x179 ./release/usb_desc.o
 .debug_info    0x0000f284      0x326 ./release/usb_endp.o
 .debug_info    0x0000f5aa      0x495 ./release/usb_init.o
 .debug_info    0x0000fa3f      0x235 ./release/usb_int.o
 .debug_info    0x0000fc74      0x2ab ./release/usb_istr.o
 .debug_info    0x0000ff1f      0x1c3 ./release/usb_mem.o
 .debug_info    0x000100e2      0xc6d ./release/usb_prop.o
 .debug_info    0x00010d4f      0x35b ./release/usb_pwr.o
 .debug_info    0x000110aa      0xdb9 ./release/usb_regs.o
 .debug_info    0x00011e63      0x295 ./release/usb_sil.o
 .debug_info    0x000120f8      0x567 ./release/lib_crc.o
 .debug_info    0x0001265f      0x5a1 ./release/sampleacquisition.o
 .debug_info    0x00012c00      0x4fe ./release/uartcomm.o
 .debug_info    0x000130fe      0x458 ./release/usbcomm.o
 .debug_info    0x00013556      0x465 ./release/serialframe.o
 .debug_info    0x000139bb      0x5b7 ./release/main.o
 .debug_info    0x00013f72      0x3d0 ./release/signalfilter.o
 .debug_info    0x00014342      0xbf9 ../drivers\libDrivers_STM32F103_107_Jan_2013.a(timer_1234.o)
 .debug_info    0x00014f3b      0x266 ../drivers\libDrivers_STM32F103_107_Jan_2013.a(gpio.o)
 .debug_info    0x000151a1      0xa26 ../drivers\libDrivers_STM32F103_107_Jan_2013.a(adc_dma.o)

.debug_abbrev   0x00000000     0x513c
 .debug_abbrev  0x00000000       0x14 ./release/startup-gcc.o
 .debug_abbrev  0x00000014      0x125 ./release/clock.o
 .debug_abbrev  0x00000139      0x228 ./release/usart.o
 .debug_abbrev  0x00000361      0x215 ./release/xprintf.o
 .debug_abbrev  0x00000576      0x152 ./release/misc.o
 .debug_abbrev  0x000006c8      0x210 ./release/stm32f10x_adc.o
 .debug_abbrev  0x000008d8      0x1b2 ./release/stm32f10x_bkp.o
 .debug_abbrev  0x00000a8a      0x24b ./release/stm32f10x_can.o
 .debug_abbrev  0x00000cd5      0x1fd ./release/stm32f10x_cec.o
 .debug_abbrev  0x00000ed2      0x141 ./release/stm32f10x_crc.o
 .debug_abbrev  0x00001013      0x1eb ./release/stm32f10x_dac.o
 .debug_abbrev  0x000011fe       0xef ./release/stm32f10x_dbgmcu.o
 .debug_abbrev  0x000012ed      0x180 ./release/stm32f10x_dma.o
 .debug_abbrev  0x0000146d      0x17c ./release/stm32f10x_exti.o
 .debug_abbrev  0x000015e9      0x1cb ./release/stm32f10x_flash.o
 .debug_abbrev  0x000017b4      0x1c4 ./release/stm32f10x_fsmc.o
 .debug_abbrev  0x00001978      0x20c ./release/stm32f10x_gpio.o
 .debug_abbrev  0x00001b84      0x1de ./release/stm32f10x_i2c.o
 .debug_abbrev  0x00001d62      0x112 ./release/stm32f10x_iwdg.o
 .debug_abbrev  0x00001e74      0x1ce ./release/stm32f10x_pwr.o
 .debug_abbrev  0x00002042      0x209 ./release/stm32f10x_rcc.o
 .debug_abbrev  0x0000224b      0x1a9 ./release/stm32f10x_rtc.o
 .debug_abbrev  0x000023f4      0x21f ./release/stm32f10x_sdio.o
 .debug_abbrev  0x00002613      0x1fa ./release/stm32f10x_spi.o
 .debug_abbrev  0x0000280d      0x28e ./release/stm32f10x_tim.o
 .debug_abbrev  0x00002a9b      0x212 ./release/stm32f10x_usart.o
 .debug_abbrev  0x00002cad      0x157 ./release/stm32f10x_wwdg.o
 .debug_abbrev  0x00002e04      0x322 ./release/hw_config.o
 .debug_abbrev  0x00003126       0x85 ./release/stm32f10x_it.o
 .debug_abbrev  0x000031ab      0x3dc ./release/usb_core.o
 .debug_abbrev  0x00003587       0x75 ./release/usb_desc.o
 .debug_abbrev  0x000035fc      0x163 ./release/usb_endp.o
 .debug_abbrev  0x0000375f      0x120 ./release/usb_init.o
 .debug_abbrev  0x0000387f       0xe5 ./release/usb_int.o
 .debug_abbrev  0x00003964      0x118 ./release/usb_istr.o
 .debug_abbrev  0x00003a7c       0xb9 ./release/usb_mem.o
 .debug_abbrev  0x00003b35      0x290 ./release/usb_prop.o
 .debug_abbrev  0x00003dc5      0x17c ./release/usb_pwr.o
 .debug_abbrev  0x00003f41      0x1e1 ./release/usb_regs.o
 .debug_abbrev  0x00004122      0x134 ./release/usb_sil.o
 .debug_abbrev  0x00004256      0x17b ./release/lib_crc.o
 .debug_abbrev  0x000043d1      0x199 ./release/sampleacquisition.o
 .debug_abbrev  0x0000456a      0x15a ./release/uartcomm.o
 .debug_abbrev  0x000046c4      0x1b4 ./release/usbcomm.o
 .debug_abbrev  0x00004878      0x178 ./release/serialframe.o
 .debug_abbrev  0x000049f0      0x1a6 ./release/main.o
 .debug_abbrev  0x00004b96      0x1b2 ./release/signalfilter.o
 .debug_abbrev  0x00004d48      0x18a ../drivers\libDrivers_STM32F103_107_Jan_2013.a(timer_1234.o)
 .debug_abbrev  0x00004ed2       0xd0 ../drivers\libDrivers_STM32F103_107_Jan_2013.a(gpio.o)
 .debug_abbrev  0x00004fa2      0x19a ../drivers\libDrivers_STM32F103_107_Jan_2013.a(adc_dma.o)

.debug_aranges  0x00000000      0x640
 .debug_aranges
                0x00000000       0x20 ./release/startup-gcc.o
 .debug_aranges
                0x00000020       0x20 ./release/clock.o
 .debug_aranges
                0x00000040       0x20 ./release/usart.o
 .debug_aranges
                0x00000060       0x20 ./release/xprintf.o
 .debug_aranges
                0x00000080       0x20 ./release/misc.o
 .debug_aranges
                0x000000a0       0x20 ./release/stm32f10x_adc.o
 .debug_aranges
                0x000000c0       0x20 ./release/stm32f10x_bkp.o
 .debug_aranges
                0x000000e0       0x20 ./release/stm32f10x_can.o
 .debug_aranges
                0x00000100       0x20 ./release/stm32f10x_cec.o
 .debug_aranges
                0x00000120       0x20 ./release/stm32f10x_crc.o
 .debug_aranges
                0x00000140       0x20 ./release/stm32f10x_dac.o
 .debug_aranges
                0x00000160       0x20 ./release/stm32f10x_dbgmcu.o
 .debug_aranges
                0x00000180       0x20 ./release/stm32f10x_dma.o
 .debug_aranges
                0x000001a0       0x20 ./release/stm32f10x_exti.o
 .debug_aranges
                0x000001c0       0x20 ./release/stm32f10x_flash.o
 .debug_aranges
                0x000001e0       0x20 ./release/stm32f10x_fsmc.o
 .debug_aranges
                0x00000200       0x20 ./release/stm32f10x_gpio.o
 .debug_aranges
                0x00000220       0x20 ./release/stm32f10x_i2c.o
 .debug_aranges
                0x00000240       0x20 ./release/stm32f10x_iwdg.o
 .debug_aranges
                0x00000260       0x20 ./release/stm32f10x_pwr.o
 .debug_aranges
                0x00000280       0x20 ./release/stm32f10x_rcc.o
 .debug_aranges
                0x000002a0       0x20 ./release/stm32f10x_rtc.o
 .debug_aranges
                0x000002c0       0x20 ./release/stm32f10x_sdio.o
 .debug_aranges
                0x000002e0       0x20 ./release/stm32f10x_spi.o
 .debug_aranges
                0x00000300       0x20 ./release/stm32f10x_tim.o
 .debug_aranges
                0x00000320       0x20 ./release/stm32f10x_usart.o
 .debug_aranges
                0x00000340       0x20 ./release/stm32f10x_wwdg.o
 .debug_aranges
                0x00000360       0x20 ./release/hw_config.o
 .debug_aranges
                0x00000380       0x20 ./release/stm32f10x_it.o
 .debug_aranges
                0x000003a0       0x20 ./release/usb_core.o
 .debug_aranges
                0x000003c0       0x18 ./release/usb_desc.o
 .debug_aranges
                0x000003d8       0x20 ./release/usb_endp.o
 .debug_aranges
                0x000003f8       0x20 ./release/usb_init.o
 .debug_aranges
                0x00000418       0x20 ./release/usb_int.o
 .debug_aranges
                0x00000438       0x20 ./release/usb_istr.o
 .debug_aranges
                0x00000458       0x20 ./release/usb_mem.o
 .debug_aranges
                0x00000478       0x20 ./release/usb_prop.o
 .debug_aranges
                0x00000498       0x20 ./release/usb_pwr.o
 .debug_aranges
                0x000004b8       0x20 ./release/usb_regs.o
 .debug_aranges
                0x000004d8       0x20 ./release/usb_sil.o
 .debug_aranges
                0x000004f8       0x20 ./release/lib_crc.o
 .debug_aranges
                0x00000518       0x20 ./release/sampleacquisition.o