Archive member included because of file (symbol)

../drivers\libDrivers_STM32F103_107_Jan_2013.a(timer_1234.o)
                              ./release/main.o (Timer_1234_Init)
../drivers\libDrivers_STM32F103_107_Jan_2013.a(gpio.o)
                              ./release/uartcomm.o (GPIO_Configure)
c:/program files (x86)/codesourcery/sourcery g++ lite/bin/../lib/gcc/arm-none-eabi/4.7.3/thumb2\libgcc.a(_arm_addsubdf3.o)
                              ../drivers\libDrivers_STM32F103_107_Jan_2013.a(timer_1234.o) (__aeabi_dadd)
c:/program files (x86)/codesourcery/sourcery g++ lite/bin/../lib/gcc/arm-none-eabi/4.7.3/thumb2\libgcc.a(_arm_muldivdf3.o)
                              ../drivers\libDrivers_STM32F103_107_Jan_2013.a(timer_1234.o) (__aeabi_dmul)
c:/program files (x86)/codesourcery/sourcery g++ lite/bin/../lib/gcc/arm-none-eabi/4.7.3/thumb2\libgcc.a(_arm_truncdfsf2.o)
                              ../drivers\libDrivers_STM32F103_107_Jan_2013.a(timer_1234.o) (__aeabi_d2f)
c:/program files (x86)/codesourcery/sourcery g++ lite/bin/../lib/gcc/arm-none-eabi/4.7.3/thumb2\libgcc.a(_arm_addsubsf3.o)
                              ./release/usart.o (__aeabi_fsub)
c:/program files (x86)/codesourcery/sourcery g++ lite/bin/../lib/gcc/arm-none-eabi/4.7.3/thumb2\libgcc.a(_arm_muldivsf3.o)
                              ./release/usart.o (__aeabi_fmul)
c:/program files (x86)/codesourcery/sourcery g++ lite/bin/../lib/gcc/arm-none-eabi/4.7.3/thumb2\libgcc.a(_arm_cmpsf2.o)
                              ../drivers\libDrivers_STM32F103_107_Jan_2013.a(timer_1234.o) (__aeabi_fcmplt)
c:/program files (x86)/codesourcery/sourcery g++ lite/bin/../lib/gcc/arm-none-eabi/4.7.3/thumb2\libgcc.a(_arm_fixsfsi.o)
                              ../drivers\libDrivers_STM32F103_107_Jan_2013.a(timer_1234.o) (__aeabi_f2iz)
c:/program files (x86)/codesourcery/sourcery g++ lite/bin/../lib/gcc/arm-none-eabi/4.7.3/thumb2\libgcc.a(_arm_fixunssfsi.o)
                              ./release/usart.o (__aeabi_f2uiz)

Allocating common symbols
Common symbol       size              file

SaveRState          0x2               ./release/usb_int.o
Enable_Fct_IT_Compare_Match_TIM3_Voie1
                    0x1               ../drivers\libDrivers_STM32F103_107_Jan_2013.a(timer_1234.o)
Enable_Fct_IT_Compare_Match_TIM1_Voie3
                    0x1               ../drivers\libDrivers_STM32F103_107_Jan_2013.a(timer_1234.o)
Enable_Fct_IT_Compare_Match_TIM2_Voie1
                    0x1               ../drivers\libDrivers_STM32F103_107_Jan_2013.a(timer_1234.o)
HSEStartUpStatus    0x1               ./release/hw_config.o
Enable_Fct_IT_Compare_Match_TIM4_Voie3
                    0x1               ../drivers\libDrivers_STM32F103_107_Jan_2013.a(timer_1234.o)
adcBuffer           0x100             ./release/sampleacquisition.o
xfunc_in            0x4               ./release/xprintf.o
SaveState           0x2               ./release/usb_init.o
Enable_Fct_IT_Compare_Match_TIM1_Voie1
                    0x1               ../drivers\libDrivers_STM32F103_107_Jan_2013.a(timer_1234.o)
converted           0x25              ./release/serialframe.o
Enable_Fct_IT_Compare_Match_TIM3_Voie4
                    0x1               ../drivers\libDrivers_STM32F103_107_Jan_2013.a(timer_1234.o)
USART_Tx_Buffer     0x800             ./release/hw_config.o
xfunc_out           0x4               ./release/xprintf.o
wIstr               0x2               ./release/usb_istr.o
pProperty           0x4               ./release/usb_init.o
PTR_Function_USART1
                    0x4               ./release/usart.o
Enable_Fct_IT_Compare_Match_TIM4_Voie1
                    0x1               ../drivers\libDrivers_STM32F103_107_Jan_2013.a(timer_1234.o)
EPindex             0x1               ./release/usb_init.o
Enable_Fct_IT_Compare_Match_TIM3_Voie2
                    0x1               ../drivers\libDrivers_STM32F103_107_Jan_2013.a(timer_1234.o)
Enable_Fct_IT_Compare_Match_TIM2_Voie3
                    0x1               ../drivers\libDrivers_STM32F103_107_Jan_2013.a(timer_1234.o)
Enable_Fct_IT_Compare_Match_TIM1_Voie4
                    0x1               ../drivers\libDrivers_STM32F103_107_Jan_2013.a(timer_1234.o)
USB_Tx_Buffer       0x40              ./release/usb_endp.o
SaveTState          0x2               ./release/usb_int.o
Enable_Fct_IT_Compare_Match_TIM4_Voie4
                    0x1               ../drivers\libDrivers_STM32F103_107_Jan_2013.a(timer_1234.o)
Device_Info         0x1c              ./release/usb_init.o
pUser_Standard_Requests
                    0x4               ./release/usb_init.o
USB_Rx_Buffer       0x40              ./release/usb_endp.o
Enable_Fct_IT_Compare_Match_TIM2_Voie4
                    0x1               ../drivers\libDrivers_STM32F103_107_Jan_2013.a(timer_1234.o)
USART_Rx_Buffer     0x800             ./release/hw_config.o
StatusInfo          0x2               ./release/usb_core.o
Enable_Fct_IT_Compare_Match_TIM3_Voie3
[...]
Memory Configuration

Name             Origin             Length             Attributes
FLASH            0x08000000         0x00020000         xr
RAM              0x20000000         0x00005000         rw
*default*        0x00000000         0xffffffff

Linker script and memory map

LOAD ./release/startup-gcc.o
LOAD ./release/clock.o
LOAD ./release/usart.o
LOAD ./release/xprintf.o
LOAD ./release/misc.o
LOAD ./release/stm32f10x_adc.o
LOAD ./release/stm32f10x_bkp.o
LOAD ./release/stm32f10x_can.o
LOAD ./release/stm32f10x_cec.o
LOAD ./release/stm32f10x_crc.o
LOAD ./release/stm32f10x_dac.o
LOAD ./release/stm32f10x_dbgmcu.o
LOAD ./release/stm32f10x_dma.o
LOAD ./release/stm32f10x_exti.o
LOAD ./release/stm32f10x_flash.o
LOAD ./release/stm32f10x_fsmc.o
LOAD ./release/stm32f10x_gpio.o
LOAD ./release/stm32f10x_i2c.o
LOAD ./release/stm32f10x_iwdg.o
LOAD ./release/stm32f10x_pwr.o
LOAD ./release/stm32f10x_rcc.o
LOAD ./release/stm32f10x_rtc.o
LOAD ./release/stm32f10x_sdio.o
LOAD ./release/stm32f10x_spi.o
LOAD ./release/stm32f10x_tim.o
LOAD ./release/stm32f10x_usart.o
LOAD ./release/stm32f10x_wwdg.o
LOAD ./release/hw_config.o
LOAD ./release/otgd_fs_cal.o
LOAD ./release/otgd_fs_dev.o
LOAD ./release/otgd_fs_int.o
LOAD ./release/otgd_fs_pcd.o
LOAD ./release/stm32f10x_it.o
LOAD ./release/usb_core.o
LOAD ./release/usb_desc.o
LOAD ./release/usb_endp.o
LOAD ./release/usb_init.o
LOAD ./release/usb_int.o
LOAD ./release/usb_istr.o
LOAD ./release/usb_mem.o
LOAD ./release/usb_prop.o
LOAD ./release/usb_pwr.o
LOAD ./release/usb_regs.o
LOAD ./release/usb_sil.o
LOAD ./release/lib_crc.o
LOAD ./release/sampleacquisition.o
LOAD ./release/uartcomm.o
LOAD ./release/usbcomm.o
LOAD ./release/serialframe.o
LOAD ./release/main.o
LOAD ./release/signalfilter.o
LOAD ../drivers\libDrivers_STM32F103_107_Jan_2013.a
LOAD c:/program files (x86)/codesourcery/sourcery g++ lite/bin/../lib/gcc/arm-none-eabi/4.7.3/../../../../arm-none-eabi/lib/thumb2\libm.a
START GROUP
LOAD c:/program files (x86)/codesourcery/sourcery g++ lite/bin/../lib/gcc/arm-none-eabi/4.7.3/thumb2\libgcc.a
LOAD c:/program files (x86)/codesourcery/sourcery g++ lite/bin/../lib/gcc/arm-none-eabi/4.7.3/../../../../arm-none-eabi/lib/thumb2\libc.a
END GROUP
START GROUP
LOAD c:/program files (x86)/codesourcery/sourcery g++ lite/bin/../lib/gcc/arm-none-eabi/4.7.3/thumb2\libgcc.a
LOAD c:/program files (x86)/codesourcery/sourcery g++ lite/bin/../lib/gcc/arm-none-eabi/4.7.3/../../../../arm-none-eabi/lib/thumb2\libc.a
LOAD c:/program files (x86)/codesourcery/sourcery g++ lite/bin/../lib/gcc/arm-none-eabi/4.7.3/../../../../arm-none-eabi/lib/thumb2\libm.a
END GROUP

.text           0x08000000     0xc0b0
 *(.isr_vector)
 .isr_vector    0x08000000       0xec ./release/startup-gcc.o
                0x08000000                __isr_vector
 *(.text*)
 .text          0x080000ec       0x8c ./release/startup-gcc.o
                0x080000ec                Reset_Handler
                0x08000160                SystemInit
                0x08000162                NMI_Handler
                0x08000164                HardFault_Handler
                0x08000166                MemManage_Handler
                0x08000168                BusFault_Handler
                0x0800016a                UsageFault_Handler
                0x0800016c                SVC_Handler
                0x0800016e                DebugMon_Handler
                0x08000170                PendSV_Handler
                0x08000172                SysTick_Handler
                0x08000174                SPI1_IRQHandler
                0x08000174                TAMPER_IRQHandler
                0x08000174                DMAChannel4_IRQHandler
                0x08000174                PVD_IRQHandler
                0x08000174                EXTI0_IRQHandler
                0x08000174                I2C2_EV_IRQHandler
                0x08000174                DMAChannel7_IRQHandler
                0x08000174                I2C1_EV_IRQHandler
                0x08000174                RCC_IRQHandler
                0x08000174                TIM1_TRG_COM_IRQHandler
                0x08000174                EXTI15_10_IRQHandler
                0x08000174                ADC_IRQHandler
                0x08000174                DMAChannel5_IRQHandler
                0x08000174                EXTI9_5_IRQHandler
                0x08000174                DMAChannel2_IRQHandler
                0x08000174                SPI2_IRQHandler
                0x08000174                EXTI3_IRQHandler
                0x08000174                CAN1_RX1_IRQHandler
                0x08000174                EXTI4_IRQHandler
                0x08000174                RTC_IRQHandler
                0x08000174                USB_HP_CAN1_TX_IRQHandler
                0x08000174                WWDG_IRQHandler
                0x08000174                TIM1_BRK_IRQHandler
                0x08000174                EXTI1_IRQHandler
                0x08000174                RTCAlarm_IRQHandler
                0x08000174                I2C2_ER_IRQHandler
                0x08000174                CAN1_SCE_IRQHandler
                0x08000174                FLASH_IRQHandler
                0x08000174                DMAChannel6_IRQHandler
                0x08000174                DMAChannel3_IRQHandler
                0x08000174                EXTI2_IRQHandler
                0x08000174                I2C1_ER_IRQHandler
                0x08000174                USBWakeUp_IRQHandler
 .text          0x08000178       0x9c ./release/clock.o
                0x08000178                CLOCK_Configure
                0x080001ec                CLOCK_GetTIMCLK
                0x080001f4                CLOCK_GetHCLK
                0x080001fc                CLOCK_GetPCLK1
                0x08000204                CLOCK_GetPCLK2
                0x0800020c                CLOCK_GetADCCLK
 .text          0x08000214      0x28c ./release/usart.o
                0x08000214                Init_USART
                0x080002fc                Send_Data_USART
                0x08000320                Send_String_USART
                0x08000340                Receive_Data_USART
                0x0800035c                Data_USART
                0x08000362                USART1_IRQHandler
                0x080003a0                USART2_IRQHandler
                0x080003d0                USART3_IRQHandler
                0x0800040c                Active_Interrupt_Received_Data_available
 .text          0x080004a0      0x420 ./release/xprintf.o
                0x080004a0                xputc
                0x080004d0                xputs
                0x08000694                xfputs
                0x080006b8                xprintf
                0x080006d0                xsprintf
                0x080006fc                xfprintf
                0x08000724                put_dump
                0x080007b0                xgets
                0x08000800                xfgets
                0x08000818                xatoi
 .text          0x080008c0       0xc0 ./release/misc.o
                0x080008c0                NVIC_PriorityGroupConfig
                0x080008d4                NVIC_Init
                0x0800093c                NVIC_SetVectorTable
                0x08000950                NVIC_SystemLPConfig
                0x08000968                SysTick_CLKSourceConfig
 .text          0x08000980      0x378 ./release/stm32f10x_adc.o
                0x08000980                ADC_DeInit
                0x080009dc                ADC_Init
                0x08000a24                ADC_StructInit
                0x08000a36                ADC_Cmd
                0x08000a48                ADC_DMACmd
                0x08000a5a                ADC_ITConfig
                0x08000a6c                ADC_ResetCalibration
                0x08000a76                ADC_GetResetCalibrationStatus
                0x08000a7e                ADC_StartCalibration
                0x08000a88                ADC_GetCalibrationStatus
                0x08000a90                ADC_SoftwareStartConvCmd
                0x08000aa2                ADC_GetSoftwareStartConvStatus
                0x08000aaa                ADC_DiscModeChannelCountConfig
                0x08000aba                ADC_DiscModeCmd
                0x08000acc                ADC_RegularChannelConfig
                0x08000b68                ADC_ExternalTrigConvCmd
                0x08000b7a                ADC_GetConversionValue
                0x08000b80                ADC_GetDualModeConversionValue
                0x08000b8c                ADC_AutoInjectedConvCmd
                0x08000b9e                ADC_InjectedDiscModeCmd
                0x08000bb0                ADC_ExternalTrigInjectedConvConfig
                0x08000bbc                ADC_ExternalTrigInjectedConvCmd
                0x08000bce                ADC_SoftwareStartInjectedConvCmd
                0x08000be0                ADC_GetSoftwareStartInjectedConvCmdStatus
                0x08000be8                ADC_InjectedChannelConfig
                0x08000c4c                ADC_InjectedSequencerLengthConfig
                0x08000c5c                ADC_SetInjectedOffset
                0x08000c72                ADC_GetInjectedConversionValue
                0x08000c8c                ADC_AnalogWatchdogCmd
                0x08000c9c                ADC_AnalogWatchdogThresholdsConfig
                0x08000ca2                ADC_AnalogWatchdogSingleChannelConfig
                0x08000cae                ADC_TempSensorVrefintCmd
                0x08000cc8                ADC_GetFlagStatus
                0x08000cd4                ADC_ClearFlag
                0x08000cda                ADC_GetITStatus
                0x08000cf0                ADC_ClearITPendingBit
 .text          0x08000cf8       0xe0 ./release/stm32f10x_bkp.o
                0x08000cf8                BKP_DeInit
                0x08000d0a                BKP_TamperPinLevelConfig
                0x08000d14                BKP_TamperPinCmd
                0x08000d20                BKP_ITConfig
                0x08000d2c                BKP_RTCOutputConfig
                0x08000d44                BKP_SetRTCCalibrationValue
                0x08000d5c                BKP_WriteBackupRegister
                0x08000d78                BKP_ReadBackupRegister
                0x08000d98                BKP_GetFlagStatus
                0x08000da4                BKP_ClearFlag
                0x08000db8                BKP_GetITStatus
                0x08000dc4                BKP_ClearITPendingBit
 .text          0x08000dd8      0x738 ./release/stm32f10x_can.o
                0x08000dd8                CAN_DeInit
                0x08000e0c                CAN_Init
                0x08000ee2                CAN_FilterInit
                0x08000fc8                CAN_StructInit
                0x08000fe8                CAN_SlaveStartBank
                0x08001024                CAN_DBGFreeze
                0x08001036                CAN_TTComModeCmd
                0x0800108e                CAN_Transmit
                0x08001146                CAN_TransmitStatus
                0x08001194                CAN_CancelTransmit
                0x080011ba                CAN_Receive
                0x08001246                CAN_FIFORelease
                0x0800125c                CAN_MessagePending
                0x08001272                CAN_OperatingModeRequest
                0x080012fa                CAN_Sleep
                0x08001314                CAN_WakeUp
                0x08001336                CAN_GetLastErrorCode
                0x0800133e                CAN_GetReceiveErrorCounter
                0x08001344                CAN_GetLSBTransmitErrorCounter
                0x0800134c                CAN_ITConfig
                0x0800135c                CAN_GetFlagStatus
                0x08001390                CAN_ClearFlag
                0x080013c4                CAN_GetITStatus
                0x08001492                CAN_ClearITPendingBit
 .text          0x08001510      0x114 ./release/stm32f10x_cec.o
                0x08001510                CEC_DeInit
                0x0800152a                CEC_Init
                0x08001548                CEC_Cmd
                0x08001560                CEC_ITConfig
                0x0800156c                CEC_OwnAddressConfig
                0x08001578                CEC_SetPrescaler
                0x08001584                CEC_SendDataByte
                0x08001590                CEC_ReceiveDataByte
                0x0800159c                CEC_StartOfMessage
                0x080015a8                CEC_EndOfMessageCmd
                0x080015b4                CEC_GetFlagStatus
                0x080015d8                CEC_ClearFlag
                0x080015f4                CEC_GetITStatus
                0x08001608                CEC_ClearITPendingBit
 .text          0x08001624       0x5c ./release/stm32f10x_crc.o
                0x08001624                CRC_ResetDR
                0x08001630                CRC_CalcCRC
                0x0800163c                CRC_CalcBlockCRC
                0x0800165c                CRC_GetCRC
                0x08001668                CRC_SetIDRegister
                0x08001674                CRC_GetIDRegister
 .text          0x08001680      0x170 ./release/stm32f10x_dac.o
                0x08001680                DAC_DeInit
                0x0800169a                DAC_Init
                0x080016c8                DAC_StructInit
                0x080016d4                DAC_Cmd
                0x080016f8                DAC_DMACmd
                0x0800171c                DAC_SoftwareTriggerCmd
                0x08001740                DAC_DualSoftwareTriggerCmd
                0x08001758                DAC_WaveGenerationCmd
                0x08001774                DAC_SetChannel1Data
                0x08001794                DAC_SetChannel2Data
                0x080017b4                DAC_SetDualChannelData
                0x080017cc                DAC_GetDataOutputValue
 .text          0x080017f0       0x34 ./release/stm32f10x_dbgmcu.o
                0x080017f0                DBGMCU_GetREVID
                0x080017fc                DBGMCU_GetDEVID
                0x0800180c                DBGMCU_Config
 .text          0x08001824      0x1e0 ./release/stm32f10x_dma.o
                0x08001824                DMA_DeInit
                0x0800191c                DMA_Init
                0x0800195a                DMA_StructInit
                0x08001974                DMA_Cmd
                0x0800198a                DMA_ITConfig
                0x0800199a                DMA_SetCurrDataCounter
                0x0800199e                DMA_GetCurrDataCounter
                0x080019a4                DMA_GetFlagStatus
                0x080019c0                DMA_ClearFlag
                0x080019d4                DMA_GetITStatus
                0x080019f0                DMA_ClearITPendingBit
 .text          0x08001a04       0xf8 ./release/stm32f10x_exti.o
                0x08001a04                EXTI_DeInit
                0x08001a20                EXTI_Init
                0x08001a98                EXTI_StructInit
                0x08001aa6                EXTI_GenerateSWInterrupt
                0x08001ab4                EXTI_GetFlagStatus
                0x08001ac8                EXTI_ClearFlag
                0x08001ad4                EXTI_GetITStatus
                0x08001af0                EXTI_ClearITPendingBit
 .text          0x08001afc      0x538 ./release/stm32f10x_flash.o
                0x08001afc                FLASH_SetLatency
                0x08001b10                FLASH_HalfCycleAccessCmd
                0x08001b28                FLASH_PrefetchBufferCmd
                0x08001b40                FLASH_Unlock
                0x08001b58                FLASH_UnlockBank1
                0x08001b70                FLASH_Lock
                0x08001b80                FLASH_LockBank1
                0x08001b90                FLASH_GetUserOptionByte
                0x08001b9c                FLASH_GetWriteProtectionOptionByte
                0x08001ba8                FLASH_GetReadOutProtectionStatus
                0x08001bb8                FLASH_GetPrefetchBufferStatus
                0x08001bc8                FLASH_ITConfig
                0x08001be0                FLASH_GetFlagStatus
                0x08001c00                FLASH_ClearFlag
                0x08001c0c                FLASH_GetStatus
                0x08001c34                FLASH_GetBank1Status
                0x08001c5c                FLASH_WaitForLastOperation
                0x08001c80                FLASH_UserOptionByteConfig
                0x08001cd8                FLASH_ReadOutProtection
                0x08001d68                FLASH_EnableWriteProtection
                0x08001e14                FLASH_ProgramOptionByteData
                0x08001e5c                FLASH_ProgramHalfWord
                0x08001e94                FLASH_ProgramWord
                0x08001ee4                FLASH_EraseOptionBytes
                0x08001f64                FLASH_EraseAllPages
                0x08001f9c                FLASH_ErasePage
                0x08001fd8                FLASH_WaitForLastBank1Operation
                0x08001ffc                FLASH_EraseAllBank1Pages
 .text          0x08002034      0x470 ./release/stm32f10x_fsmc.o
                0x08002034                FSMC_NORSRAMDeInit
                0x08002062                FSMC_NANDDeInit
                0x08002084                FSMC_PCCARDDeInit
                0x080020a0                FSMC_NORSRAMInit
                0x0800216c                FSMC_NANDInit
                0x080021d4                FSMC_PCCARDInit
                0x0800223c                FSMC_NORSRAMStructInit
                0x0800228a                FSMC_NANDStructInit
                0x080022b4                FSMC_PCCARDStructInit
                0x080022de                FSMC_NORSRAMCmd
                0x08002300                FSMC_NANDCmd
                0x08002334                FSMC_PCCARDCmd
                0x08002354                FSMC_NANDECCCmd
                0x08002388                FSMC_GetECC
                0x0800239c                FSMC_ITConfig
                0x080023e4                FSMC_GetFlagStatus
                0x08002410                FSMC_ClearFlag
                0x08002440                FSMC_GetITStatus
                0x08002474                FSMC_ClearITPendingBit
 .text          0x080024a4      0x290 ./release/stm32f10x_gpio.o
                0x080024a4                GPIO_DeInit
                0x08002550                GPIO_AFIODeInit
                0x08002566                GPIO_Init
                0x0800260e                GPIO_StructInit
                0x0800261e                GPIO_ReadInputDataBit
                0x0800262a                GPIO_ReadInputData
                0x08002630                GPIO_ReadOutputDataBit
                0x0800263c                GPIO_ReadOutputData
                0x08002642                GPIO_SetBits
                0x08002646                GPIO_ResetBits
                0x0800264a                GPIO_WriteBit
                0x08002654                GPIO_Write
                0x08002658                GPIO_PinLockConfig
                0x08002668                GPIO_EventOutputConfig
                0x08002684                GPIO_EventOutputCmd
                0x08002690                GPIO_PinRemapConfig
                0x080026f4                GPIO_EXTILineConfig
                0x08002728                GPIO_ETH_MediaInterfaceConfig
 .text          0x08002734      0x3a0 ./release/stm32f10x_i2c.o
                0x08002734                I2C_DeInit
                0x08002768                I2C_Init
                0x08002830                I2C_StructInit
                0x0800284c                I2C_Cmd
                0x08002864                I2C_DMACmd
                0x0800287c                I2C_DMALastTransferCmd
                0x08002894                I2C_GenerateSTART
                0x080028ac                I2C_GenerateSTOP
                0x080028c4                I2C_AcknowledgeConfig
                0x080028dc                I2C_OwnAddress2Config
                0x080028ee                I2C_DualAddressCmd
                0x08002906                I2C_GeneralCallCmd
                0x0800291e                I2C_ITConfig
                0x08002930                I2C_SendData
                0x08002934                I2C_ReceiveData
                0x0800293a                I2C_Send7bitAddress
                0x0800294a                I2C_ReadRegister
                0x08002962                I2C_SoftwareResetCmd
                0x08002978                I2C_NACKPositionConfig
                0x08002994                I2C_SMBusAlertConfig
                0x080029b0                I2C_TransmitPEC
                0x080029c8                I2C_PECPositionConfig
                0x080029e4                I2C_CalculatePEC
                0x080029fc                I2C_GetPEC
                0x08002a04                I2C_ARPCmd
                0x08002a1c                I2C_StretchClockCmd
                0x08002a34                I2C_FastModeDutyCycleConfig
                0x08002a50                I2C_CheckEvent
                0x08002a68                I2C_GetLastEvent
                0x08002a78                I2C_GetFlagStatus
                0x08002aac                I2C_ClearFlag
                0x08002ab2                I2C_GetITStatus
                0x08002ace                I2C_ClearITPendingBit
 .text          0x08002ad4       0x58 ./release/stm32f10x_iwdg.o
                0x08002ad4                IWDG_WriteAccessCmd
                0x08002ae0                IWDG_SetPrescaler
                0x08002aec                IWDG_SetReload
                0x08002af8                IWDG_ReloadCounter
                0x08002b08                IWDG_Enable
                0x08002b18                IWDG_GetFlagStatus
 .text          0x08002b2c       0xd0 ./release/stm32f10x_pwr.o
                0x08002b2c                PWR_DeInit
                0x08002b46                PWR_BackupAccessCmd
                0x08002b50                PWR_PVDCmd
                0x08002b5c                PWR_PVDLevelConfig
                0x08002b70                PWR_WakeUpPinCmd
                0x08002b7c                PWR_EnterSTOPMode
                0x08002bb0                PWR_EnterSTANDBYMode
                0x08002bd8                PWR_GetFlagStatus
                0x08002bec                PWR_ClearFlag
 .text          0x08002bfc      0x344 ./release/stm32f10x_rcc.o
                0x08002bfc                RCC_DeInit
                0x08002c3c                RCC_HSEConfig
                0x08002c74                RCC_AdjustHSICalibrationValue
                0x08002c88                RCC_HSICmd
                0x08002c94                RCC_PLLConfig
                0x08002ca8                RCC_PLLCmd
                0x08002cb4                RCC_SYSCLKConfig
                0x08002cc8                RCC_GetSYSCLKSource
                0x08002cd8                RCC_HCLKConfig
                0x08002cec                RCC_PCLK1Config
                0x08002d00                RCC_PCLK2Config
                0x08002d14                RCC_ITConfig
                0x08002d2c                RCC_USBCLKConfig
                0x08002d38                RCC_ADCCLKConfig
                0x08002d4c                RCC_LSEConfig
                0x08002d6c                RCC_LSICmd
                0x08002d78                RCC_RTCCLKConfig
                0x08002d88                RCC_RTCCLKCmd
                0x08002d94                RCC_GetClocksFreq
                0x08002e20                RCC_AHBPeriphClockCmd
                0x08002e38                RCC_APB2PeriphClockCmd
                0x08002e50                RCC_APB1PeriphClockCmd
                0x08002e68                RCC_APB2PeriphResetCmd
                0x08002e80                RCC_APB1PeriphResetCmd
                0x08002e98                RCC_BackupResetCmd
                0x08002ea4                RCC_ClockSecuritySystemCmd
                0x08002eb0                RCC_MCOConfig
                0x08002ebc                RCC_GetFlagStatus
                0x08002ee4                RCC_WaitForHSEStartUp
                0x08002f10                RCC_ClearFlag
                0x08002f20                RCC_GetITStatus
                0x08002f34                RCC_ClearITPendingBit
 .text          0x08002f40      0x158 ./release/stm32f10x_rtc.o
                0x08002f40                RTC_ITConfig
                0x08002f58                RTC_EnterConfigMode
                0x08002f6c                RTC_ExitConfigMode
                0x08002f80                RTC_GetCounter
                0x08002f94                RTC_SetCounter
                0x08002fb0                RTC_SetPrescaler
                0x08002fd0                RTC_SetAlarm
                0x08002fec                RTC_GetDivider
                0x08003004                RTC_WaitForLastTask
                0x08003018                RTC_WaitForSynchro
                0x08003038                RTC_GetFlagStatus
                0x0800304c                RTC_ClearFlag
                0x08003060                RTC_GetITStatus
                0x08003084                RTC_ClearITPendingBit
 .text          0x08003098      0x234 ./release/stm32f10x_sdio.o
                0x08003098                SDIO_DeInit
                0x080030bc                SDIO_Init
                0x080030ec                SDIO_StructInit
                0x080030fc                SDIO_ClockCmd
                0x08003108                SDIO_SetPowerState
                0x08003120                SDIO_GetPowerState
                0x08003130                SDIO_ITConfig
                0x08003148                SDIO_DMACmd
                0x08003154                SDIO_SendCommand
                0x08003180                SDIO_CmdStructInit
                0x0800318e                SDIO_GetCommandResponse
                0x0800319c                SDIO_GetResponse
                0x080031b4                SDIO_DataConfig
                0x080031e0                SDIO_DataStructInit
                0x080031f4                SDIO_GetDataCounter
                0x08003200                SDIO_ReadData
                0x0800320c                SDIO_WriteData
                0x08003218                SDIO_GetFIFOCount
                0x08003224                SDIO_StartSDIOReadWait
                0x08003230                SDIO_StopSDIOReadWait
                0x0800323c                SDIO_SetSDIOReadWaitMode
                0x08003248                SDIO_SetSDIOOperation
                0x08003254                SDIO_SendSDIOSuspendCmd
                0x08003260                SDIO_CommandCompletionCmd
                0x0800326c                SDIO_CEATAITCmd
                0x08003280                SDIO_SendCEATACmd
                0x0800328c                SDIO_GetFlagStatus
                0x080032a0                SDIO_ClearFlag
                0x080032ac                SDIO_GetITStatus
                0x080032c0                SDIO_ClearITPendingBit
 .text          0x080032cc      0x2bc ./release/stm32f10x_spi.o
                0x080032cc                SPI_I2S_DeInit
                0x08003330                SPI_Init
                0x0800336c                I2S_Init
                0x0800340a                SPI_StructInit
                0x08003422                I2S_StructInit
                0x08003434                SPI_Cmd
                0x0800344c                I2S_Cmd
                0x08003464                SPI_I2S_ITConfig
                0x08003484                SPI_I2S_DMACmd
                0x08003496                SPI_I2S_SendData
                0x0800349a                SPI_I2S_ReceiveData
                0x080034a0                SPI_NSSInternalSoftwareConfig
                0x080034be                SPI_SSOutputCmd
                0x080034d6                SPI_DataSizeConfig
                0x080034ec                SPI_TransmitCRC
                0x080034f8                SPI_CalculateCRC
                0x08003510                SPI_GetCRC
                0x0800351c                SPI_GetCRCPolynomial
                0x08003522                SPI_BiDirectionalLineConfig
                0x0800353e                SPI_I2S_GetFlagStatus
                0x0800354a                SPI_I2S_ClearFlag
                0x08003550                SPI_I2S_GetITStatus
                0x08003578                SPI_I2S_ClearITPendingBit
 .text          0x08003588      0xc68 ./release/stm32f10x_tim.o
                0x08003668                TIM_DeInit
                0x08003814                TIM_TimeBaseInit
                0x080038a8                TIM_OC1Init
                0x08003930                TIM_OC2Init
                0x080039b4                TIM_OC3Init
                0x08003a38                TIM_OC4Init
                0x08003a9c                TIM_BDTRConfig
                0x08003abc                TIM_TimeBaseStructInit
                0x08003ace                TIM_OCStructInit
                0x08003ae2                TIM_ICStructInit
                0x08003af2                TIM_BDTRStructInit
                0x08003b04                TIM_Cmd
                0x08003b1c                TIM_CtrlPWMOutputs
                0x08003b36                TIM_ITConfig
                0x08003b48                TIM_GenerateEvent
                0x08003b4c                TIM_DMAConfig
                0x08003b54                TIM_DMACmd
                0x08003b66                TIM_InternalClockConfig
                0x08003b74                TIM_ITRxExternalClockConfig
                0x08003b8e                TIM_TIxExternalClockConfig
                0x08003bc0                TIM_ETRConfig
                0x08003bd4                TIM_ETRClockMode2Config
                0x08003be8                TIM_ETRClockMode1Config
                0x08003c02                TIM_PrescalerConfig
                0x08003c08                TIM_CounterModeConfig
                0x08003c18                TIM_SelectInputTrigger
                0x08003c28                TIM_EncoderInterfaceConfig
                0x08003c64                TIM_ForcedOC1Config
                0x08003c74                TIM_ForcedOC2Config
                0x08003c86                TIM_ForcedOC3Config
                0x08003c96                TIM_ForcedOC4Config
                0x08003ca8                TIM_ARRPreloadConfig
                0x08003cc0                TIM_SelectCOM
                0x08003cd8                TIM_SelectCCDMA
                0x08003cf0                TIM_CCPreloadControl
                0x08003d08                TIM_OC1PreloadConfig
                0x08003d18                TIM_OC2PreloadConfig
                0x08003d2a                TIM_OC3PreloadConfig
                0x08003d3a                TIM_OC4PreloadConfig
                0x08003d4c                TIM_OC1FastConfig
                0x08003d5c                TIM_OC2FastConfig
                0x08003d6e                TIM_OC3FastConfig
                0x08003d7e                TIM_OC4FastConfig
                0x08003d90                TIM_ClearOC1Ref
                0x08003da0                TIM_ClearOC2Ref
                0x08003dae                TIM_ClearOC3Ref
                0x08003dbe                TIM_ClearOC4Ref
                0x08003dcc                TIM_OC1PolarityConfig
                0x08003ddc                TIM_OC1NPolarityConfig
                0x08003dec                TIM_OC2PolarityConfig
                0x08003dfe                TIM_OC2NPolarityConfig
                0x08003e10                TIM_OC3PolarityConfig
                0x08003e22                TIM_OC3NPolarityConfig
                0x08003e34                TIM_OC4PolarityConfig
                0x08003e46                TIM_CCxCmd
                0x08003e64                TIM_CCxNCmd
                0x08003e82                TIM_SelectOCxM
                0x08003ec6                TIM_UpdateDisableConfig
                0x08003ede                TIM_UpdateRequestConfig
                0x08003ef6                TIM_SelectHallSensor
                0x08003f0e                TIM_SelectOnePulseMode
                0x08003f24                TIM_SelectOutputTrigger
                0x08003f3a                TIM_SelectSlaveMode
                0x08003f50                TIM_SelectMasterSlaveMode
                0x08003f66                TIM_SetCounter
                0x08003f6a                TIM_SetAutoreload
                0x08003f6e                TIM_SetCompare1
                0x08003f72                TIM_SetCompare2
                0x08003f76                TIM_SetCompare3
                0x08003f7a                TIM_SetCompare4
                0x08003f80                TIM_SetIC1Prescaler
                0x08003f96                TIM_SetIC2Prescaler
                0x08003fae                TIM_PWMIConfig
                0x0800401c                TIM_SetIC3Prescaler
                0x08004032                TIM_SetIC4Prescaler
                0x0800404a                TIM_ICInit
                0x08004184                TIM_SetClockDivision
                0x0800419a                TIM_GetCapture1
                0x080041a0                TIM_GetCapture2
                0x080041a6                TIM_GetCapture3
                0x080041ac                TIM_GetCapture4
                0x080041b4                TIM_GetCounter
                0x080041ba                TIM_GetPrescaler
                0x080041c0                TIM_GetFlagStatus
                0x080041cc                TIM_ClearFlag
                0x080041d2                TIM_GetITStatus
                0x080041e8                TIM_ClearITPendingBit
 .text          0x080041f0      0x394 ./release/stm32f10x_usart.o
                0x080041f0                USART_DeInit
                0x08004288                USART_Init
                0x08004330                USART_StructInit
                0x08004346                USART_ClockInit
                0x08004364                USART_ClockStructInit
                0x08004370                USART_Cmd
                0x08004388                USART_ITConfig
                0x080043ba                USART_DMACmd
                0x080043cc                USART_SetAddress
                0x080043e2                USART_WakeUpConfig
                0x080043f8                USART_ReceiverWakeUpCmd
                0x08004410                USART_LINBreakDetectLengthConfig
                0x08004426                USART_LINCmd
                0x0800443e                USART_SendData
                0x08004446                USART_ReceiveData
                0x0800444e                USART_SendBreak
                0x0800445a                USART_SetGuardTime
                0x0800446c                USART_SetPrescaler
                0x0800447e                USART_SmartCardCmd
                0x08004496                USART_SmartCardNACKCmd
                0x080044ae                USART_HalfDuplexCmd
                0x080044c6                USART_OverSampling8Cmd
                0x080044dc                USART_OneBitMethodCmd
                0x080044f4                USART_IrDAConfig
                0x0800450a                USART_IrDACmd
                0x08004522                USART_GetFlagStatus
                0x0800452e                USART_ClearFlag
                0x08004534                USART_GetITStatus
                0x08004574                USART_ClearITPendingBit
 .text          0x08004584       0x98 ./release/stm32f10x_wwdg.o
                0x08004584                WWDG_DeInit
                0x0800459e                WWDG_SetPrescaler
                0x080045b0                WWDG_SetWindowValue
                0x080045d8                WWDG_EnableIT
                0x080045e4                WWDG_SetCounter
                0x080045f4                WWDG_Enable
                0x08004604                WWDG_GetFlagStatus
                0x08004610                WWDG_ClearFlag
 .text          0x0800461c      0x22c ./release/hw_config.o
                0x08004646                Set_System
                0x08004674                Set_USBClock
                0x0800468a                Enter_LowPowerMode
                0x08004698                Leave_LowPowerMode
                0x080046b4                USB_Interrupts_Config
                0x080046dc                USB_Cable_Config
                0x080046f8                USB_To_USART_Send_Data
                0x0800472c                USB_Receive
                0x08004754                USB_GetTxSize
                0x08004760                Handle_USBAsynchXfer
                0x080047e0                USB_Send
                0x08004800                Get_SerialNum
                0x0800483c                USB_GetState
 .text          0x08004848        0x0 ./release/otgd_fs_cal.o
 .text          0x08004848        0x0 ./release/otgd_fs_dev.o
 .text          0x08004848        0x0 ./release/otgd_fs_int.o
 .text          0x08004848        0x0 ./release/otgd_fs_pcd.o
 .text          0x08004848        0x4 ./release/stm32f10x_it.o
                0x08004848                USB_LP_CAN1_RX0_IRQHandler
 .text          0x0800484c      0x854 ./release/usb_core.o
                0x0800484c                Standard_GetConfiguration
                0x08004870                Standard_GetInterface
                0x08004894                Standard_GetStatus
                0x080049d0                Standard_SetConfiguration
                0x08004a08                Standard_SetInterface
                0x08004a50                Standard_ClearFeature
                0x08004b2c                Standard_SetEndPointFeature
                0x08004bb4                Standard_SetDeviceFeature
                0x08004bd8                Standard_GetDescriptorData
                0x08004bf4                Post0_Process
                0x08004c34                Out0_Process
                0x08004d08                Setup0_Process
                0x08004ffc                SetDeviceAddress
                0x0800503c                In0_Process
                0x0800509c                NOP_Process
 .text          0x080050a0        0x0 ./release/usb_desc.o
 .text          0x080050a0       0xbc ./release/usb_endp.o
                0x080050a0                EP1_IN_Callback
                0x08005104                EP3_OUT_Callback
                0x08005128                SOF_Callback
 .text          0x0800515c       0x38 ./release/usb_init.o
                0x0800515c                USB_Init
 .text          0x08005194      0x1f4 ./release/usb_int.o
                0x08005194                CTR_LP
                0x08005318                CTR_HP
 .text          0x08005388       0x78 ./release/usb_istr.o
                0x08005388                USB_Istr
 .text          0x08005400       0x52 ./release/usb_mem.o
                0x08005400                UserToPMABufferCopy
                0x0800542e                PMAToUserBufferCopy
 *fill*         0x08005452        0x2 
 .text          0x08005454      0x238 ./release/usb_prop.o
                0x08005454                Virtual_Com_Port_SetConfiguration
                0x0800546c                Virtual_Com_Port_SetDeviceAddress
                0x08005478                Virtual_Com_Port_Status_In
                0x0800548c                Virtual_Com_Port_Status_Out
                0x0800548e                Virtual_Com_Port_Data_Setup
                0x080054ec                Virtual_Com_Port_NoData_Setup
                0x08005510                Virtual_Com_Port_Get_Interface_Setting
                0x0800551e                Virtual_Com_Port_GetLineCoding
                0x08005538                Virtual_Com_Port_SetLineCoding
                0x08005550                Virtual_Com_Port_GetStringDescriptor
                0x08005570                Virtual_Com_Port_GetConfigDescriptor
                0x0800557c                Virtual_Com_Port_GetDeviceDescriptor
                0x08005588                Virtual_Com_Port_Reset
                0x08005668                Virtual_Com_Port_init
 .text          0x0800568c      0x118 ./release/usb_pwr.o
                0x0800568c                PowerOn
                0x080056bc                PowerOff
                0x080056e0                Suspend
                0x08005700                Resume_Init
                0x08005720                Resume
 .text          0x080057a4      0x794 ./release/usb_regs.o
                0x080057a4                SetCNTR
                0x080057b0                GetCNTR
                0x080057bc                SetISTR
                0x080057c8                GetISTR
                0x080057d4                GetFNR
                0x080057e0                SetDADDR
                0x080057ec                GetDADDR
                0x080057f8                SetBTABLE
                0x08005808                GetBTABLE
                0x08005814                SetENDPOINT
                0x08005822                GetENDPOINT
                0x08005832                SetEPType
                0x0800584a                GetEPType
                0x0800585c                SetEPTxStatus
                0x08005896                SetEPRxStatus
                0x080058d0                SetDouBleBuffEPStall
                0x080058f4                GetEPTxStatus
                0x08005906                GetEPRxStatus
                0x08005918                SetEPTxValid
                0x0800593a                SetEPRxValid
                0x0800595c                SetEP_KIND
                0x0800597a                ClearEP_KIND
                0x08005998                Clear_Status_Out
                0x080059b6                Set_Status_Out
                0x080059d4                SetEPDoubleBuff
                0x080059f2                ClearEPDoubleBuff
                0x08005a10                GetTxStallStatus
                0x08005a2a                GetRxStallStatus
                0x08005a44                ClearEP_CTR_RX
                0x08005a5a                ClearEP_CTR_TX
                0x08005a70                ToggleDTOG_RX
                0x08005a8e                ToggleDTOG_TX
                0x08005aac                ClearDTOG_RX
                0x08005ad0                ClearDTOG_TX
                0x08005af4                SetEPAddress
                0x08005b14                GetEPAddress
                0x08005b26                SetEPTxAddr
                0x08005b48                SetEPRxAddr
                0x08005b68                GetEPTxAddr
                0x08005b84                GetEPRxAddr
                0x08005ba0                SetEPTxCount
                0x08005bbc                SetEPCountRxReg
                0x08005be0                SetEPRxCount
                0x08005c1c                GetEPTxCount
                0x08005c3c                GetEPRxCount
                0x08005c5c                SetEPDblBuffAddr
                0x08005c94                SetEPDblBuf0Addr
                0x08005cb4                SetEPDblBuf1Addr
                0x08005cd4                GetEPDblBuf0Addr
                0x08005cf0                GetEPDblBuf1Addr
                0x08005d0c                SetEPDblBuffCount
                0x08005db4                SetEPDblBuf0Count
                0x08005e0c                SetEPDblBuf1Count
                0x08005e64                GetEPDblBuf0Count
                0x08005e84                GetEPDblBuf1Count
                0x08005ea4                GetEPDblBufDir
                0x08005ee4                FreeUserBuffer
                0x08005f26                ToWord
                0x08005f2c                ByteSwap
 .text          0x08005f38       0x6c ./release/usb_sil.o
                0x08005f38                USB_SIL_Init
                0x08005f58                USB_SIL_Write
                0x08005f80                USB_SIL_Read
 .text          0x08005fa4      0x1f8 ./release/lib_crc.o
                0x08005fa4                update_crc_ccitt
                0x08006000                update_crc_sick
                0x08006024                update_crc_16
                0x08006084                update_crc_kermit
                0x080060e4                update_crc_dnp
                0x08006144                update_crc_32
 .text          0x0800619c      0x270 ./release/sampleacquisition.o
                0x0800619c                setLEDAcquisition
                0x080061b0                RCC_Configuration
                0x080061d0                GPIO_Configuration
                0x0800622c                DMA_Configuration
                0x08006284                ADC_Configuration
                0x080062f8                TIMER_Configuration
                0x08006354                IT_Configuration
                0x080063a8                DMAChannel1_IRQHandler
                0x080063ec                sampleAcquisitionInit
 .text          0x0800640c       0xa4 ./release/uartcomm.o
                0x0800640c                uartCommSendChar
                0x08006418                uartCommToggleLEDStatus
                0x08006428                uartCommInit
                0x0800646c                uartCommSendData
                0x080064ac                uartCommSendTimes
 .text          0x080064b0       0xf4 ./release/usbcomm.o
                0x080064b0                setLEDComUSB
                0x080064b2                usbCommInit
                0x080064ce                usbCommSendChar
                0x080064d2                usbCommSendData
                0x080064ec                usbCommSendTimes
                0x08006530                usbCommSendCoefficients
                0x0800656a                usbCommSendCoefficients64
 .text          0x080065a4      0x410 ./release/serialframe.o
                0x080065a4                serialFrameToUint
                0x08006688                serialFrameFromUint
                0x0800677e                createCRC
                0x08006798                serialFrameToChar
                0x08006866                retrieveReadFrame
                0x080068bc                createSerialFrame
                0x08006968                createSendableFrame
 .text          0x080069b4        0x2 ./release/main.o
                0x080069b4                Clignote
 *fill*         0x080069b6        0x2 
 .text.startup  0x080069b8       0x48 ./release/main.o
                0x080069b8                main
 .text          0x08006a00      0x450 ./release/signalfilter.o
                0x08006a00                signalTreatmentInit
                0x08006a02                signalProcessing
 .text          0x08006e50     0x20d0 ../drivers\libDrivers_STM32F103_107_Jan_2013.a(timer_1234.o)
                0x08006e50                Timer_1234_Init
                0x08007068                Active_IT_Debordement_Timer
                0x08007240                Active_IT_Compare_Timer
                0x08007768                PWM_Init
                0x08007978                PWM_Complementaire_Timer1
                0x08007a24                Timer_Inc_Init
                0x08007c00                Capture_Init
                0x08008060                TIM1_CC_IRQHandler
                0x080083a0                TIM1_UP_IRQHandler
                0x080083e8                TIM2_IRQHandler
                0x0800870c                TIM3_IRQHandler
                0x08008ac0                TIM4_IRQHandler
                0x08008e74                Lire_Duree_Pulse
 .text          0x08008f20      0x25c ../drivers\libDrivers_STM32F103_107_Jan_2013.a(gpio.o)
                0x08008f20                GPIO_Configure
 .text          0x0800917c      0x370 c:/program files (x86)/codesourcery/sourcery g++ lite/bin/../lib/gcc/arm-none-eabi/4.7.3/thumb2\libgcc.a(_arm_addsubdf3.o)
                0x0800917c                __aeabi_drsub
                0x08009184                __aeabi_dsub
                0x08009184                __subdf3
                0x08009188                __aeabi_dadd
                0x08009188                __adddf3
                0x08009400                __floatunsidf
                0x08009400                __aeabi_ui2d
                0x08009420                __floatsidf
                0x08009420                __aeabi_i2d
                0x08009444                __aeabi_f2d
                0x08009444                __extendsfdf2
                0x08009480                __floatundidf
                0x08009480                __aeabi_ul2d
                0x08009490                __floatdidf
                0x08009490                __aeabi_l2d
 .text          0x080094ec      0x424 c:/program files (x86)/codesourcery/sourcery g++ lite/bin/../lib/gcc/arm-none-eabi/4.7.3/thumb2\libgcc.a(_arm_muldivdf3.o)
                0x080094ec                __aeabi_dmul
                0x080094ec                __muldf3
                0x08009740                __divdf3
                0x08009740                __aeabi_ddiv
 .text          0x08009910       0xa0 c:/program files (x86)/codesourcery/sourcery g++ lite/bin/../lib/gcc/arm-none-eabi/4.7.3/thumb2\libgcc.a(_arm_truncdfsf2.o)
                0x08009910                __truncdfsf2
                0x08009910                __aeabi_d2f
 .text          0x080099b0      0x21c c:/program files (x86)/codesourcery/sourcery g++ lite/bin/../lib/gcc/arm-none-eabi/4.7.3/thumb2\libgcc.a(_arm_addsubsf3.o)
                0x080099b0                __aeabi_frsub
                0x080099b8                __subsf3
                0x080099b8                __aeabi_fsub
                0x080099bc                __aeabi_fadd
                0x080099bc                __addsf3
                0x08009b1c                __aeabi_ui2f
                0x08009b1c                __floatunsisf
                0x08009b24                __aeabi_i2f
                0x08009b24                __floatsisf
                0x08009b40                __aeabi_ul2f
                0x08009b40                __floatundisf
                0x08009b50                __aeabi_l2f
                0x08009b50                __floatdisf
 .text          0x08009bcc      0x2a0 c:/program files (x86)/codesourcery/sourcery g++ lite/bin/../lib/gcc/arm-none-eabi/4.7.3/thumb2\libgcc.a(_arm_muldivsf3.o)
                0x08009bcc                __mulsf3
                0x08009bcc                __aeabi_fmul
                0x08009d34                __aeabi_fdiv
                0x08009d34                __divsf3
 .text          0x08009e6c       0xec c:/program files (x86)/codesourcery/sourcery g++ lite/bin/../lib/gcc/arm-none-eabi/4.7.3/thumb2\libgcc.a(_arm_cmpsf2.o)
                0x08009e6c                __gesf2
                0x08009e6c                __gtsf2
                0x08009e74                __lesf2
                0x08009e74                __ltsf2
                0x08009e7c                __nesf2
                0x08009e7c                __eqsf2
                0x08009e7c                __cmpsf2
                0x08009edc                __aeabi_cfrcmple
                0x08009ee4                __aeabi_cfcmpeq
                0x08009ee4                __aeabi_cfcmple
                0x08009ef4                __aeabi_fcmpeq
                0x08009f08                __aeabi_fcmplt
                0x08009f1c                __aeabi_fcmple
                0x08009f30                __aeabi_fcmpge
                0x08009f44                __aeabi_fcmpgt
 .text          0x08009f58       0x4c c:/program files (x86)/codesourcery/sourcery g++ lite/bin/../lib/gcc/arm-none-eabi/4.7.3/thumb2\libgcc.a(_arm_fixsfsi.o)
                0x08009f58                __aeabi_f2iz
                0x08009f58                __fixsfsi
 .text          0x08009fa4       0x40 c:/program files (x86)/codesourcery/sourcery g++ lite/bin/../lib/gcc/arm-none-eabi/4.7.3/thumb2\libgcc.a(_arm_fixunssfsi.o)
                0x08009fa4                __fixunssfsi
                0x08009fa4                __aeabi_f2uiz
 *(.init)
 *(.fini)
 *crtbegin.o(.ctors)
 *crtbegin?.o(.ctors)
 *(EXCLUDE_FILE(*crtend.o *crtend?.o) .ctors)
 *(SORT(.ctors.*))
 *(.ctors)
 *crtbegin.o(.dtors)
 *crtbegin?.o(.dtors)
 *(EXCLUDE_FILE(*crtend.o *crtend?.o) .dtors)
 *(SORT(.dtors.*))
 *(.dtors)
 *(.rodata*)
 .rodata.str1.1
                0x08009fe4       0x1a ./release/xprintf.o
 .rodata        0x08009ffe       0xb1 ./release/usb_desc.o
                0x08009ffe                Virtual_Com_Port_StringProduct
                0x0800a030                Virtual_Com_Port_StringVendor
                0x0800a056                Virtual_Com_Port_StringLangID
                0x0800a05a                Virtual_Com_Port_ConfigDescriptor
                0x0800a09d                Virtual_Com_Port_DeviceDescriptor
 *fill*         0x0800a0af        0x1 
 .rodata        0x0800a0b0     0x2000 ./release/signalfilter.o
                0x0800a0b0                cos_39500
                0x0800a4b0                cos_40000
                0x0800a8b0                cos_40500
                0x0800acb0                cos_41000
                0x0800b0b0                sin_39500
                0x0800b4b0                sin_40000
                0x0800b8b0                sin_40500
                0x0800bcb0                sin_41000
 *(.eh_frame*)

.glue_7         0x0800c0b0        0x0
 .glue_7        0x00000000        0x0 linker stubs

.glue_7t        0x0800c0b0        0x0
 .glue_7t       0x00000000        0x0 linker stubs

.vfp11_veneer   0x0800c0b0        0x0
 .vfp11_veneer  0x00000000        0x0 linker stubs

.v4_bx          0x0800c0b0        0x0
 .v4_bx         0x00000000        0x0 linker stubs

.iplt           0x0800c0b0        0x0
 .iplt          0x00000000        0x0 ./release/startup-gcc.o

.rel.dyn        0x0800c0b0        0x0
 .rel.iplt      0x00000000        0x0 ./release/startup-gcc.o

.ARM.extab
 *(.ARM.extab* .gnu.linkonce.armextab.*)
                0x0800c0b0                __exidx_start = .

.ARM.exidx
 *(.ARM.exidx* .gnu.linkonce.armexidx.*)
                0x0800c0b0                __exidx_end = .
                0x0800c0b0                __etext = .

.data           0x20000000       0xfc load address 0x0800c0b0
                0x20000000                __data_start__ = .
 *(vtable)
 *(.data*)
 .data          0x20000000        0x0 ./release/startup-gcc.o
 .data          0x20000000        0x0 ./release/clock.o
 .data          0x20000000        0x0 ./release/usart.o
 .data          0x20000000        0x0 ./release/xprintf.o
 .data          0x20000000        0x0 ./release/misc.o
 .data          0x20000000        0x0 ./release/stm32f10x_adc.o
 .data          0x20000000        0x0 ./release/stm32f10x_bkp.o
 .data          0x20000000        0x0 ./release/stm32f10x_can.o
 .data          0x20000000        0x0 ./release/stm32f10x_cec.o
 .data          0x20000000        0x0 ./release/stm32f10x_crc.o
 .data          0x20000000        0x0 ./release/stm32f10x_dac.o
 .data          0x20000000        0x0 ./release/stm32f10x_dbgmcu.o
 .data          0x20000000        0x0 ./release/stm32f10x_dma.o
 .data          0x20000000        0x0 ./release/stm32f10x_exti.o
 .data          0x20000000        0x0 ./release/stm32f10x_flash.o
 .data          0x20000000        0x0 ./release/stm32f10x_fsmc.o
 .data          0x20000000        0x0 ./release/stm32f10x_gpio.o
 .data          0x20000000        0x0 ./release/stm32f10x_i2c.o
 .data          0x20000000        0x0 ./release/stm32f10x_iwdg.o
 .data          0x20000000        0x0 ./release/stm32f10x_pwr.o
 .data          0x20000000       0x14 ./release/stm32f10x_rcc.o
 .data          0x20000014        0x0 ./release/stm32f10x_rtc.o
 .data          0x20000014        0x0 ./release/stm32f10x_sdio.o
 .data          0x20000014        0x0 ./release/stm32f10x_spi.o
 .data          0x20000014        0x0 ./release/stm32f10x_tim.o
 .data          0x20000014        0x0 ./release/stm32f10x_usart.o
 .data          0x20000014        0x0 ./release/stm32f10x_wwdg.o
 .data          0x20000014        0x0 ./release/hw_config.o
 .data          0x20000014        0x0 ./release/otgd_fs_cal.o
 .data          0x20000014        0x0 ./release/otgd_fs_dev.o
 .data          0x20000014        0x0 ./release/otgd_fs_int.o
 .data          0x20000014        0x0 ./release/otgd_fs_pcd.o
 .data          0x20000014        0x0 ./release/stm32f10x_it.o
 .data          0x20000014        0x0 ./release/usb_core.o
 .data          0x20000014       0x1a ./release/usb_desc.o
                0x20000014                Virtual_Com_Port_StringSerial
 .data          0x2000002e        0x0 ./release/usb_endp.o
 .data          0x2000002e        0x0 ./release/usb_init.o
 .data          0x2000002e        0x0 ./release/usb_int.o
 *fill*         0x2000002e        0x2 
 .data          0x20000030       0x38 ./release/usb_istr.o
                0x20000030                pEpInt_OUT
                0x2000004c                pEpInt_IN
 .data          0x20000068        0x0 ./release/usb_mem.o
 .data          0x20000068       0x90 ./release/usb_prop.o
                0x20000068                linecoding
                0x20000070                String_Descriptor
                0x20000090                Config_Descriptor
                0x20000098                Device_Descriptor
                0x200000a0                Device_Property
                0x200000d0                User_Standard_Requests
                0x200000f4                Device_Table
 .data          0x200000f8        0x1 ./release/usb_pwr.o
                0x200000f8                fSuspendEnabled
 .data          0x200000f9        0x0 ./release/usb_regs.o
 .data          0x200000f9        0x0 ./release/usb_sil.o
 .data          0x200000f9        0x0 ./release/lib_crc.o
 .data          0x200000f9        0x0 ./release/sampleacquisition.o
 .data          0x200000f9        0x0 ./release/uartcomm.o
 .data          0x200000f9        0x0 ./release/usbcomm.o
 .data          0x200000f9        0x0 ./release/serialframe.o
 .data          0x200000f9        0x0 ./release/main.o
 .data          0x200000f9        0x0 ./release/signalfilter.o
 .data          0x200000f9        0x0 ../drivers\libDrivers_STM32F103_107_Jan_2013.a(timer_1234.o)
 .data          0x200000f9        0x0 ../drivers\libDrivers_STM32F103_107_Jan_2013.a(gpio.o)
 .data          0x200000f9        0x0 c:/program files (x86)/codesourcery/sourcery g++ lite/bin/../lib/gcc/arm-none-eabi/4.7.3/thumb2\libgcc.a(_arm_addsubdf3.o)
 .data          0x200000f9        0x0 c:/program files (x86)/codesourcery/sourcery g++ lite/bin/../lib/gcc/arm-none-eabi/4.7.3/thumb2\libgcc.a(_arm_muldivdf3.o)
 .data          0x200000f9        0x0 c:/program files (x86)/codesourcery/sourcery g++ lite/bin/../lib/gcc/arm-none-eabi/4.7.3/thumb2\libgcc.a(_arm_truncdfsf2.o)
 .data          0x200000f9        0x0 c:/program files (x86)/codesourcery/sourcery g++ lite/bin/../lib/gcc/arm-none-eabi/4.7.3/thumb2\libgcc.a(_arm_addsubsf3.o)
 .data          0x200000f9        0x0 c:/program files (x86)/codesourcery/sourcery g++ lite/bin/../lib/gcc/arm-none-eabi/4.7.3/thumb2\libgcc.a(_arm_muldivsf3.o)
 .data          0x200000f9        0x0 c:/program files (x86)/codesourcery/sourcery g++ lite/bin/../lib/gcc/arm-none-eabi/4.7.3/thumb2\libgcc.a(_arm_cmpsf2.o)
 .data          0x200000f9        0x0 c:/program files (x86)/codesourcery/sourcery g++ lite/bin/../lib/gcc/arm-none-eabi/4.7.3/thumb2\libgcc.a(_arm_fixsfsi.o)
 .data          0x200000f9        0x0 c:/program files (x86)/codesourcery/sourcery g++ lite/bin/../lib/gcc/arm-none-eabi/4.7.3/thumb2\libgcc.a(_arm_fixunssfsi.o)
                0x200000fc                . = ALIGN (0x4)
 *fill*         0x200000f9        0x3 
                0x200000fc                PROVIDE (__preinit_array_start, .)
 *(.preinit_array)
                0x200000fc                PROVIDE (__preinit_array_end, .)
                0x200000fc                . = ALIGN (0x4)
                0x200000fc                PROVIDE (__init_array_start, .)
 *(SORT(.init_array.*))
 *(.init_array)
                0x200000fc                PROVIDE (__init_array_end, .)
                0x200000fc                . = ALIGN (0x4)
                0x200000fc                PROVIDE (__fini_array_start, .)
 *(SORT(.fini_array.*))
 *(.fini_array)
                0x200000fc                PROVIDE (__fini_array_end, .)
                0x200000fc                . = ALIGN (0x4)
                0x200000fc                __data_end__ = .

.igot.plt       0x200000fc        0x0 load address 0x0800c1ac
 .igot.plt      0x00000000        0x0 ./release/startup-gcc.o

.bss            0x200000fc     0x2787 load address 0x0800c1ac
                0x200000fc                __bss_start__ = .
 *(.bss*)
 .bss           0x200000fc        0x0 ./release/startup-gcc.o
 .bss           0x200000fc        0x0 ./release/clock.o
 .bss           0x200000fc        0x0 ./release/usart.o
 .bss           0x200000fc        0x4 ./release/xprintf.o
 .bss           0x20000100        0x0 ./release/misc.o
 .bss           0x20000100        0x0 ./release/stm32f10x_adc.o
 .bss           0x20000100        0x0 ./release/stm32f10x_bkp.o
 .bss           0x20000100        0x0 ./release/stm32f10x_can.o
 .bss           0x20000100        0x0 ./release/stm32f10x_cec.o
 .bss           0x20000100        0x0 ./release/stm32f10x_crc.o
 .bss           0x20000100        0x0 ./release/stm32f10x_dac.o
 .bss           0x20000100        0x0 ./release/stm32f10x_dbgmcu.o
 .bss           0x20000100        0x0 ./release/stm32f10x_dma.o
 .bss           0x20000100        0x0 ./release/stm32f10x_exti.o
 .bss           0x20000100        0x0 ./release/stm32f10x_flash.o
 .bss           0x20000100        0x0 ./release/stm32f10x_fsmc.o
 .bss           0x20000100        0x0 ./release/stm32f10x_gpio.o
 .bss           0x20000100        0x0 ./release/stm32f10x_i2c.o
 .bss           0x20000100        0x0 ./release/stm32f10x_iwdg.o
 .bss           0x20000100        0x0 ./release/stm32f10x_pwr.o
 .bss           0x20000100        0x0 ./release/stm32f10x_rcc.o
 .bss           0x20000100        0x0 ./release/stm32f10x_rtc.o
 .bss           0x20000100        0x0 ./release/stm32f10x_sdio.o
 .bss           0x20000100        0x0 ./release/stm32f10x_spi.o
 .bss           0x20000100        0x0 ./release/stm32f10x_tim.o
 .bss           0x20000100        0x0 ./release/stm32f10x_usart.o
 .bss           0x20000100        0x0 ./release/stm32f10x_wwdg.o
 .bss           0x20000100       0x1c ./release/hw_config.o
                0x20000100                USART_Tx_ptr_in
                0x20000104                USART_Tx_length
                0x20000108                USART_Tx_ptr_out
                0x2000010c                USB_Tx_State
                0x20000110                USART_Rx_ptr_out
                0x20000114                USART_Rx_ptr_in
                0x20000118                USART_Rx_length
 .bss           0x2000011c        0x0 ./release/otgd_fs_cal.o
 .bss           0x2000011c        0x0 ./release/otgd_fs_dev.o
 .bss           0x2000011c        0x0 ./release/otgd_fs_int.o
 .bss           0x2000011c        0x0 ./release/otgd_fs_pcd.o
 .bss           0x2000011c        0x0 ./release/stm32f10x_it.o
 .bss           0x2000011c        0x1 ./release/usb_core.o
                0x2000011c                Data_Mul_MaxPacketSize
 .bss           0x2000011d        0x0 ./release/usb_desc.o
 *fill*         0x2000011d        0x3 
 .bss           0x20000120        0x4 ./release/usb_endp.o
 .bss           0x20000124        0x0 ./release/usb_init.o
 .bss           0x20000124        0x0 ./release/usb_int.o
 .bss           0x20000124        0x1 ./release/usb_istr.o
                0x20000124                bIntPackSOF
 .bss           0x20000125        0x0 ./release/usb_mem.o
 .bss           0x20000125        0x1 ./release/usb_prop.o
                0x20000125                Request
 *fill*         0x20000126        0x2 
 .bss           0x20000128        0x4 ./release/usb_pwr.o
                0x20000128                bDeviceState
 .bss           0x2000012c        0x0 ./release/usb_regs.o
 .bss           0x2000012c        0x0 ./release/usb_sil.o
 .bss           0x2000012c      0xc14 ./release/lib_crc.o
 .bss           0x20000d40        0x2 ./release/sampleacquisition.o
                0x20000d40                idDataToProcess
 .bss           0x20000d42        0x0 ./release/uartcomm.o
 .bss           0x20000d42        0x0 ./release/usbcomm.o
 .bss           0x20000d42        0x2 ./release/serialframe.o
                0x20000d42                currentSerialSeqNum
 .bss           0x20000d44        0x0 ./release/main.o
 .bss           0x20000d44      0x894 ./release/signalfilter.o
 .bss           0x200015d8       0x90 ../drivers\libDrivers_STM32F103_107_Jan_2013.a(timer_1234.o)
 .bss           0x20001668        0x0 ../drivers\libDrivers_STM32F103_107_Jan_2013.a(gpio.o)
 .bss           0x20001668        0x0 c:/program files (x86)/codesourcery/sourcery g++ lite/bin/../lib/gcc/arm-none-eabi/4.7.3/thumb2\libgcc.a(_arm_addsubdf3.o)
 .bss           0x20001668        0x0 c:/program files (x86)/codesourcery/sourcery g++ lite/bin/../lib/gcc/arm-none-eabi/4.7.3/thumb2\libgcc.a(_arm_muldivdf3.o)
 .bss           0x20001668        0x0 c:/program files (x86)/codesourcery/sourcery g++ lite/bin/../lib/gcc/arm-none-eabi/4.7.3/thumb2\libgcc.a(_arm_truncdfsf2.o)
 .bss           0x20001668        0x0 c:/program files (x86)/codesourcery/sourcery g++ lite/bin/../lib/gcc/arm-none-eabi/4.7.3/thumb2\libgcc.a(_arm_addsubsf3.o)
 .bss           0x20001668        0x0 c:/program files (x86)/codesourcery/sourcery g++ lite/bin/../lib/gcc/arm-none-eabi/4.7.3/thumb2\libgcc.a(_arm_muldivsf3.o)
 .bss           0x20001668        0x0 c:/program files (x86)/codesourcery/sourcery g++ lite/bin/../lib/gcc/arm-none-eabi/4.7.3/thumb2\libgcc.a(_arm_cmpsf2.o)
 .bss           0x20001668        0x0 c:/program files (x86)/codesourcery/sourcery g++ lite/bin/../lib/gcc/arm-none-eabi/4.7.3/thumb2\libgcc.a(_arm_fixsfsi.o)
 .bss           0x20001668        0x0 c:/program files (x86)/codesourcery/sourcery g++ lite/bin/../lib/gcc/arm-none-eabi/4.7.3/thumb2\libgcc.a(_arm_fixunssfsi.o)
 *(COMMON)
 COMMON         0x20001668        0xc ./release/usart.o
                0x20001668                PTR_Function_USART1
                0x2000166c                PTR_Function_USART2
                0x20001670                PTR_Function_USART3
 COMMON         0x20001674        0x8 ./release/xprintf.o
                0x20001674                xfunc_in
                0x20001678                xfunc_out
 COMMON         0x2000167c     0x1014 ./release/hw_config.o
                0x2000167c                HSEStartUpStatus
                0x2000167d                USART_Tx_Buffer
                0x20001e7d                USART_Rx_Buffer
                0x20002680                USART_InitStructure
 COMMON         0x20002690        0x2 ./release/usb_core.o
                0x20002690                StatusInfo
 COMMON         0x20002692       0x80 ./release/usb_endp.o
                0x20002692                USB_Tx_Buffer
                0x200026d2                USB_Rx_Buffer
 *fill*         0x20002712        0x2 
 COMMON         0x20002714       0x32 ./release/usb_init.o
                0x20002714                SaveState
                0x20002718                pProperty
                0x2000271c                EPindex
                0x20002720                Device_Info
                0x2000273c                pUser_Standard_Requests
                0x20002740                pInformation
                0x20002744                wInterrupt_Mask
 COMMON         0x20002746        0x4 ./release/usb_int.o
                0x20002746                SaveRState
                0x20002748                SaveTState
 COMMON         0x2000274a        0x2 ./release/usb_istr.o
                0x2000274a                wIstr
 COMMON         0x2000274c        0x2 ./release/usb_pwr.o
                0x2000274c                ResumeS
 COMMON         0x2000274e      0x100 ./release/sampleacquisition.o
                0x2000274e                adcBuffer
 COMMON         0x2000284e       0x25 ./release/serialframe.o
                0x2000284e                converted
 COMMON         0x20002873       0x10 ../drivers\libDrivers_STM32F103_107_Jan_2013.a(timer_1234.o)
                0x20002873                Enable_Fct_IT_Compare_Match_TIM3_Voie1
                0x20002874                Enable_Fct_IT_Compare_Match_TIM1_Voie3
                0x20002875                Enable_Fct_IT_Compare_Match_TIM2_Voie1
                0x20002876                Enable_Fct_IT_Compare_Match_TIM4_Voie3
                0x20002877                Enable_Fct_IT_Compare_Match_TIM1_Voie1
                0x20002878                Enable_Fct_IT_Compare_Match_TIM3_Voie4
                0x20002879                Enable_Fct_IT_Compare_Match_TIM4_Voie1
                0x2000287a                Enable_Fct_IT_Compare_Match_TIM3_Voie2
                0x2000287b                Enable_Fct_IT_Compare_Match_TIM2_Voie3
                0x2000287c                Enable_Fct_IT_Compare_Match_TIM1_Voie4
                0x2000287d                Enable_Fct_IT_Compare_Match_TIM4_Voie4
                0x2000287e                Enable_Fct_IT_Compare_Match_TIM2_Voie4
                0x2000287f                Enable_Fct_IT_Compare_Match_TIM3_Voie3
                0x20002880                Enable_Fct_IT_Compare_Match_TIM2_Voie2
                0x20002881                Enable_Fct_IT_Compare_Match_TIM1_Voie2
                0x20002882                Enable_Fct_IT_Compare_Match_TIM4_Voie2
                0x20002883                __bss_end__ = .

.heap           0x20002888      0x800
                0x20002888                __end__ = .
                0x20002888                end = __end__
                0x20002888                _end = __end__
 *(.heap*)
 .heap          0x20002888      0x800 ./release/startup-gcc.o
                0x20002888                __HeapBase
                0x20003088                __HeapLimit = .

.stack_dummy    0x20002888      0xc00
 *(.stack)
 .stack         0x20002888      0xc00 ./release/startup-gcc.o
                0x20005000                __StackTop = (ORIGIN (RAM) + 0x5000)
                0x20004400                __StackLimit = (__StackTop - SIZEOF (.stack_dummy))
                0x20005000                PROVIDE (__stack, __StackTop)
                0x00000001                ASSERT ((__StackLimit >= __HeapLimit), region RAM overflowed with stack)
OUTPUT(./release/receiver_STM32.elf elf32-littlearm)

.ARM.attributes
                0x00000000       0x2f
 .ARM.attributes
                0x00000000       0x21 ./release/startup-gcc.o
 .ARM.attributes
                0x00000021       0x33 ./release/clock.o
 .ARM.attributes
                0x00000054       0x33 ./release/usart.o
 .ARM.attributes
                0x00000087       0x33 ./release/xprintf.o
 .ARM.attributes
                0x000000ba       0x33 ./release/misc.o
 .ARM.attributes
                0x000000ed       0x33 ./release/stm32f10x_adc.o
 .ARM.attributes
                0x00000120       0x33 ./release/stm32f10x_bkp.o
 .ARM.attributes
                0x00000153       0x33 ./release/stm32f10x_can.o
 .ARM.attributes
                0x00000186       0x33 ./release/stm32f10x_cec.o
 .ARM.attributes
                0x000001b9       0x33 ./release/stm32f10x_crc.o
 .ARM.attributes
                0x000001ec       0x33 ./release/stm32f10x_dac.o
 .ARM.attributes
                0x0000021f       0x33 ./release/stm32f10x_dbgmcu.o
 .ARM.attributes
                0x00000252       0x33 ./release/stm32f10x_dma.o
 .ARM.attributes
                0x00000285       0x33 ./release/stm32f10x_exti.o
 .ARM.attributes
                0x000002b8       0x33 ./release/stm32f10x_flash.o
 .ARM.attributes
                0x000002eb       0x33 ./release/stm32f10x_fsmc.o
 .ARM.attributes
                0x0000031e       0x33 ./release/stm32f10x_gpio.o
 .ARM.attributes
                0x00000351       0x33 ./release/stm32f10x_i2c.o
 .ARM.attributes
                0x00000384       0x33 ./release/stm32f10x_iwdg.o
 .ARM.attributes
                0x000003b7       0x33 ./release/stm32f10x_pwr.o
 .ARM.attributes
                0x000003ea       0x33 ./release/stm32f10x_rcc.o
 .ARM.attributes
                0x0000041d       0x33 ./release/stm32f10x_rtc.o
 .ARM.attributes
                0x00000450       0x33 ./release/stm32f10x_sdio.o
 .ARM.attributes
                0x00000483       0x33 ./release/stm32f10x_spi.o
 .ARM.attributes
                0x000004b6       0x33 ./release/stm32f10x_tim.o
 .ARM.attributes
                0x000004e9       0x33 ./release/stm32f10x_usart.o
 .ARM.attributes
                0x0000051c       0x33 ./release/stm32f10x_wwdg.o
 .ARM.attributes
                0x0000054f       0x33 ./release/hw_config.o
 .ARM.attributes
                0x00000582       0x33 ./release/otgd_fs_cal.o
 .ARM.attributes
                0x000005b5       0x33 ./release/otgd_fs_dev.o
 .ARM.attributes
                0x000005e8       0x33 ./release/otgd_fs_int.o
 .ARM.attributes
                0x0000061b       0x33 ./release/otgd_fs_pcd.o
 .ARM.attributes
                0x0000064e       0x33 ./release/stm32f10x_it.o
 .ARM.attributes
                0x00000681       0x33 ./release/usb_core.o
 .ARM.attributes
                0x000006b4       0x33 ./release/usb_desc.o
 .ARM.attributes
                0x000006e7       0x33 ./release/usb_endp.o
 .ARM.attributes
                0x0000071a       0x33 ./release/usb_init.o
 .ARM.attributes
                0x0000074d       0x33 ./release/usb_int.o
 .ARM.attributes
                0x00000780       0x33 ./release/usb_istr.o
 .ARM.attributes
                0x000007b3       0x33 ./release/usb_mem.o
 .ARM.attributes
                0x000007e6       0x33 ./release/usb_prop.o
 .ARM.attributes
                0x00000819       0x33 ./release/usb_pwr.o
 .ARM.attributes
                0x0000084c       0x33 ./release/usb_regs.o
 .ARM.attributes
                0x0000087f       0x33 ./release/usb_sil.o
 .ARM.attributes
                0x000008b2       0x33 ./release/lib_crc.o
 .ARM.attributes
                0x000008e5       0x33 ./release/sampleacquisition.o
 .ARM.attributes
                0x00000918       0x33 ./release/uartcomm.o
 .ARM.attributes
                0x0000094b       0x33 ./release/usbcomm.o
 .ARM.attributes
                0x0000097e       0x33 ./release/serialframe.o
 .ARM.attributes
                0x000009b1       0x33 ./release/main.o
 .ARM.attributes
                0x000009e4       0x33 ./release/signalfilter.o
 .ARM.attributes
                0x00000a17       0x31 ../drivers\libDrivers_STM32F103_107_Jan_2013.a(timer_1234.o)
 .ARM.attributes
                0x00000a48       0x31 ../drivers\libDrivers_STM32F103_107_Jan_2013.a(gpio.o)
 .ARM.attributes
                0x00000a79       0x19 c:/program files (x86)/codesourcery/sourcery g++ lite/bin/../lib/gcc/arm-none-eabi/4.7.3/thumb2\libgcc.a(_arm_addsubdf3.o)
 .ARM.attributes
                0x00000a92       0x19 c:/program files (x86)/codesourcery/sourcery g++ lite/bin/../lib/gcc/arm-none-eabi/4.7.3/thumb2\libgcc.a(_arm_muldivdf3.o)
 .ARM.attributes
                0x00000aab       0x19 c:/program files (x86)/codesourcery/sourcery g++ lite/bin/../lib/gcc/arm-none-eabi/4.7.3/thumb2\libgcc.a(_arm_truncdfsf2.o)
 .ARM.attributes
                0x00000ac4       0x19 c:/program files (x86)/codesourcery/sourcery g++ lite/bin/../lib/gcc/arm-none-eabi/4.7.3/thumb2\libgcc.a(_arm_addsubsf3.o)
 .ARM.attributes
                0x00000add       0x19 c:/program files (x86)/codesourcery/sourcery g++ lite/bin/../lib/gcc/arm-none-eabi/4.7.3/thumb2\libgcc.a(_arm_muldivsf3.o)
 .ARM.attributes
                0x00000af6       0x19 c:/program files (x86)/codesourcery/sourcery g++ lite/bin/../lib/gcc/arm-none-eabi/4.7.3/thumb2\libgcc.a(_arm_cmpsf2.o)
 .ARM.attributes
                0x00000b0f       0x19 c:/program files (x86)/codesourcery/sourcery g++ lite/bin/../lib/gcc/arm-none-eabi/4.7.3/thumb2\libgcc.a(_arm_fixsfsi.o)
 .ARM.attributes
                0x00000b28       0x19 c:/program files (x86)/codesourcery/sourcery g++ lite/bin/../lib/gcc/arm-none-eabi/4.7.3/thumb2\libgcc.a(_arm_fixunssfsi.o)

.comment        0x00000000       0x86
 .comment       0x00000000       0x30 ./release/clock.o
                                 0x31 (size before relaxing)
 .comment       0x00000000       0x31 ./release/usart.o
 .comment       0x00000000       0x31 ./release/xprintf.o
 .comment       0x00000000       0x31 ./release/misc.o
 .comment       0x00000000       0x31 ./release/stm32f10x_adc.o
 .comment       0x00000000       0x31 ./release/stm32f10x_bkp.o
 .comment       0x00000000       0x31 ./release/stm32f10x_can.o
 .comment       0x00000000       0x31 ./release/stm32f10x_cec.o
 .comment       0x00000000       0x31 ./release/stm32f10x_crc.o
 .comment       0x00000000       0x31 ./release/stm32f10x_dac.o
 .comment       0x00000000       0x31 ./release/stm32f10x_dbgmcu.o
 .comment       0x00000000       0x31 ./release/stm32f10x_dma.o
 .comment       0x00000000       0x31 ./release/stm32f10x_exti.o
 .comment       0x00000000       0x31 ./release/stm32f10x_flash.o
 .comment       0x00000000       0x31 ./release/stm32f10x_fsmc.o
 .comment       0x00000000       0x31 ./release/stm32f10x_gpio.o
 .comment       0x00000000       0x31 ./release/stm32f10x_i2c.o
 .comment       0x00000000       0x31 ./release/stm32f10x_iwdg.o
 .comment       0x00000000       0x31 ./release/stm32f10x_pwr.o
 .comment       0x00000000       0x31 ./release/stm32f10x_rcc.o
 .comment       0x00000000       0x31 ./release/stm32f10x_rtc.o
 .comment       0x00000000       0x31 ./release/stm32f10x_sdio.o
 .comment       0x00000000       0x31 ./release/stm32f10x_spi.o
 .comment       0x00000000       0x31 ./release/stm32f10x_tim.o
 .comment       0x00000000       0x31 ./release/stm32f10x_usart.o
 .comment       0x00000000       0x31 ./release/stm32f10x_wwdg.o
 .comment       0x00000000       0x31 ./release/hw_config.o
 .comment       0x00000000       0x31 ./release/otgd_fs_cal.o
 .comment       0x00000000       0x31 ./release/otgd_fs_dev.o
 .comment       0x00000000       0x31 ./release/otgd_fs_int.o
 .comment       0x00000000       0x31 ./release/otgd_fs_pcd.o
 .comment       0x00000000       0x31 ./release/stm32f10x_it.o
 .comment       0x00000000       0x31 ./release/usb_core.o
 .comment       0x00000000       0x31 ./release/usb_desc.o
 .comment       0x00000000       0x31 ./release/usb_endp.o
 .comment       0x00000000       0x31 ./release/usb_init.o
 .comment       0x00000000       0x31 ./release/usb_int.o
 .comment       0x00000000       0x31 ./release/usb_istr.o
 .comment       0x00000000       0x31 ./release/usb_mem.o
 .comment       0x00000000       0x31 ./release/usb_prop.o
 .comment       0x00000000       0x31 ./release/usb_pwr.o
 .comment       0x00000000       0x31 ./release/usb_regs.o
 .comment       0x00000000       0x31 ./release/usb_sil.o
 .comment       0x00000000       0x31 ./release/lib_crc.o
 .comment       0x00000000       0x31 ./release/sampleacquisition.o
 .comment       0x00000000       0x31 ./release/uartcomm.o
 .comment       0x00000000       0x31 ./release/usbcomm.o
 .comment       0x00000000       0x31 ./release/serialframe.o
 .comment       0x00000000       0x31 ./release/main.o
 .comment       0x00000000       0x31 ./release/signalfilter.o
 .comment       0x00000030       0x2b ../drivers\libDrivers_STM32F103_107_Jan_2013.a(timer_1234.o)
 .comment       0x0000005b       0x2b ../drivers\libDrivers_STM32F103_107_Jan_2013.a(gpio.o)

.debug_line     0x00000000     0x7033
 .debug_line    0x00000000       0x91 ./release/startup-gcc.o
 .debug_line    0x00000091      0x13d ./release/clock.o
 .debug_line    0x000001ce      0x1c1 ./release/usart.o
 .debug_line    0x0000038f      0x286 ./release/xprintf.o
 .debug_line    0x00000615      0x1c9 ./release/misc.o
 .debug_line    0x000007de      0x321 ./release/stm32f10x_adc.o
 .debug_line    0x00000aff      0x1e7 ./release/stm32f10x_bkp.o
 .debug_line    0x00000ce6      0x3ee ./release/stm32f10x_can.o
 .debug_line    0x000010d4      0x21e ./release/stm32f10x_cec.o
 .debug_line    0x000012f2      0x1c3 ./release/stm32f10x_crc.o
 .debug_line    0x000014b5      0x21b ./release/stm32f10x_dac.o
 .debug_line    0x000016d0      0x1a7 ./release/stm32f10x_dbgmcu.o
 .debug_line    0x00001877      0x22a ./release/stm32f10x_dma.o
 .debug_line    0x00001aa1      0x1fc ./release/stm32f10x_exti.o
 .debug_line    0x00001c9d      0x368 ./release/stm32f10x_flash.o
 .debug_line    0x00002005      0x327 ./release/stm32f10x_fsmc.o
 .debug_line    0x0000232c      0x2a1 ./release/stm32f10x_gpio.o
 .debug_line    0x000025cd      0x309 ./release/stm32f10x_i2c.o
 .debug_line    0x000028d6      0x1b1 ./release/stm32f10x_iwdg.o
 .debug_line    0x00002a87      0x20c ./release/stm32f10x_pwr.o
 .debug_line    0x00002c93      0x2ae ./release/stm32f10x_rcc.o
 .debug_line    0x00002f41      0x204 ./release/stm32f10x_rtc.o
 .debug_line    0x00003145      0x29e ./release/stm32f10x_sdio.o
 .debug_line    0x000033e3      0x2d9 ./release/stm32f10x_spi.o
 .debug_line    0x000036bc      0x620 ./release/stm32f10x_tim.o
 .debug_line    0x00003cdc      0x310 ./release/stm32f10x_usart.o
 .debug_line    0x00003fec      0x1d3 ./release/stm32f10x_wwdg.o
 .debug_line    0x000041bf      0x313 ./release/hw_config.o
 .debug_line    0x000044d2        0x0 ./release/otgd_fs_cal.o
 .debug_line    0x000044d2        0x0 ./release/otgd_fs_dev.o
 .debug_line    0x000044d2        0x0 ./release/otgd_fs_int.o
 .debug_line    0x000044d2        0x0 ./release/otgd_fs_pcd.o
 .debug_line    0x000044d2      0x16f ./release/stm32f10x_it.o
 .debug_line    0x00004641      0x3fe ./release/usb_core.o
 .debug_line    0x00004a3f      0x113 ./release/usb_desc.o
 .debug_line    0x00004b52      0x1ca ./release/usb_endp.o
 .debug_line    0x00004d1c      0x172 ./release/usb_init.o
 .debug_line    0x00004e8e      0x1f3 ./release/usb_int.o
 .debug_line    0x00005081      0x19d ./release/usb_istr.o
 .debug_line    0x0000521e      0x159 ./release/usb_mem.o
 .debug_line    0x00005377      0x275 ./release/usb_prop.o
 .debug_line    0x000055ec      0x201 ./release/usb_pwr.o
 .debug_line    0x000057ed      0x492 ./release/usb_regs.o
 .debug_line    0x00005c7f      0x1a1 ./release/usb_sil.o
 .debug_line    0x00005e20       0xf2 ./release/lib_crc.o
 .debug_line    0x00005f12      0x2a3 ./release/sampleacquisition.o
 .debug_line    0x000061b5      0x171 ./release/uartcomm.o
 .debug_line    0x00006326      0x1f9 ./release/usbcomm.o
 .debug_line    0x0000651f      0x1f2 ./release/serialframe.o
 .debug_line    0x00006711      0x18c ./release/main.o
 .debug_line    0x0000689d      0x38f ./release/signalfilter.o
 .debug_line    0x00006c2c      0x2d3 ../drivers\libDrivers_STM32F103_107_Jan_2013.a(timer_1234.o)
 .debug_line    0x00006eff      0x134 ../drivers\libDrivers_STM32F103_107_Jan_2013.a(gpio.o)

.debug_info     0x00000000    0x15c3b
 .debug_info    0x00000000       0x84 ./release/startup-gcc.o
 .debug_info    0x00000084      0x560 ./release/clock.o
 .debug_info    0x000005e4      0x6b1 ./release/usart.o
 .debug_info    0x00000c95      0x6f8 ./release/xprintf.o
 .debug_info    0x0000138d      0x592 ./release/misc.o
 .debug_info    0x0000191f      0xc97 ./release/stm32f10x_adc.o
 .debug_info    0x000025b6      0x8bd ./release/stm32f10x_bkp.o
 .debug_info    0x00002e73      0xce3 ./release/stm32f10x_can.o
 .debug_info    0x00003b56      0x493 ./release/stm32f10x_cec.o
 .debug_info    0x00003fe9      0x206 ./release/stm32f10x_crc.o
 .debug_info    0x000041ef      0x537 ./release/stm32f10x_dac.o
 .debug_info    0x00004726      0x15e ./release/stm32f10x_dbgmcu.o
 .debug_info    0x00004884      0x4a4 ./release/stm32f10x_dma.o
 .debug_info    0x00004d28      0x369 ./release/stm32f10x_exti.o
 .debug_info    0x00005091      0xaa9 ./release/stm32f10x_flash.o
 .debug_info    0x00005b3a      0x9aa ./release/stm32f10x_fsmc.o
 .debug_info    0x000064e4      0x838 ./release/stm32f10x_gpio.o
 .debug_info    0x00006d1c      0xc1e ./release/stm32f10x_i2c.o
 .debug_info    0x0000793a      0x203 ./release/stm32f10x_iwdg.o
 .debug_info    0x00007b3d      0x501 ./release/stm32f10x_pwr.o
 .debug_info    0x0000803e      0x93c ./release/stm32f10x_rcc.o
 .debug_info    0x0000897a      0x4b5 ./release/stm32f10x_rtc.o
 .debug_info    0x00008e2f      0x896 ./release/stm32f10x_sdio.o
 .debug_info    0x000096c5      0xa4d ./release/stm32f10x_spi.o
 .debug_info    0x0000a112     0x2299 ./release/stm32f10x_tim.o
 .debug_info    0x0000c3ab      0xb7d ./release/stm32f10x_usart.o
 .debug_info    0x0000cf28      0x299 ./release/stm32f10x_wwdg.o
 .debug_info    0x0000d1c1      0xb8b ./release/hw_config.o
 .debug_info    0x0000dd4c       0xbf ./release/stm32f10x_it.o
 .debug_info    0x0000de0b      0xf1e ./release/usb_core.o
 .debug_info    0x0000ed29      0x179 ./release/usb_desc.o
 .debug_info    0x0000eea2      0x328 ./release/usb_endp.o
 .debug_info    0x0000f1ca      0x495 ./release/usb_init.o
 .debug_info    0x0000f65f      0x1fb ./release/usb_int.o
 .debug_info    0x0000f85a      0x2ab ./release/usb_istr.o
 .debug_info    0x0000fb05      0x1c0 ./release/usb_mem.o
 .debug_info    0x0000fcc5      0xc6d ./release/usb_prop.o
 .debug_info    0x00010932      0x35b ./release/usb_pwr.o
 .debug_info    0x00010c8d      0xdeb ./release/usb_regs.o
 .debug_info    0x00011a78      0x295 ./release/usb_sil.o
 .debug_info    0x00011d0d      0x573 ./release/lib_crc.o
 .debug_info    0x00012280     0x11da ./release/sampleacquisition.o
 .debug_info    0x0001345a      0x483 ./release/uartcomm.o
 .debug_info    0x000138dd      0x63e ./release/usbcomm.o
 .debug_info    0x00013f1b      0x4ef ./release/serialframe.o
 .debug_info    0x0001440a      0x4fc ./release/main.o
 .debug_info    0x00014906      0x4d6 ./release/signalfilter.o
 .debug_info    0x00014ddc      0xbf9 ../drivers\libDrivers_STM32F103_107_Jan_2013.a(timer_1234.o)
 .debug_info    0x000159d5      0x266 ../drivers\libDrivers_STM32F103_107_Jan_2013.a(gpio.o)

.debug_abbrev   0x00000000     0x523e
 .debug_abbrev  0x00000000       0x14 ./release/startup-gcc.o
 .debug_abbrev  0x00000014      0x125 ./release/clock.o
 .debug_abbrev  0x00000139      0x228 ./release/usart.o
 .debug_abbrev  0x00000361      0x278 ./release/xprintf.o
 .debug_abbrev  0x000005d9      0x152 ./release/misc.o
 .debug_abbrev  0x0000072b      0x213 ./release/stm32f10x_adc.o
 .debug_abbrev  0x0000093e      0x1b5 ./release/stm32f10x_bkp.o
 .debug_abbrev  0x00000af3      0x28b ./release/stm32f10x_can.o
 .debug_abbrev  0x00000d7e      0x200 ./release/stm32f10x_cec.o
 .debug_abbrev  0x00000f7e      0x141 ./release/stm32f10x_crc.o
 .debug_abbrev  0x000010bf      0x1ee ./release/stm32f10x_dac.o
 .debug_abbrev  0x000012ad       0xef ./release/stm32f10x_dbgmcu.o
 .debug_abbrev  0x0000139c      0x180 ./release/stm32f10x_dma.o
 .debug_abbrev  0x0000151c      0x17c ./release/stm32f10x_exti.o
 .debug_abbrev  0x00001698      0x227 ./release/stm32f10x_flash.o
 .debug_abbrev  0x000018bf      0x1c4 ./release/stm32f10x_fsmc.o
 .debug_abbrev  0x00001a83      0x20f ./release/stm32f10x_gpio.o
 .debug_abbrev  0x00001c92      0x1ec ./release/stm32f10x_i2c.o
 .debug_abbrev  0x00001e7e      0x112 ./release/stm32f10x_iwdg.o
 .debug_abbrev  0x00001f90      0x1d1 ./release/stm32f10x_pwr.o
 .debug_abbrev  0x00002161      0x209 ./release/stm32f10x_rcc.o
 .debug_abbrev  0x0000236a      0x1b7 ./release/stm32f10x_rtc.o
 .debug_abbrev  0x00002521      0x21f ./release/stm32f10x_sdio.o
 .debug_abbrev  0x00002740      0x218 ./release/stm32f10x_spi.o
 .debug_abbrev  0x00002958      0x301 ./release/stm32f10x_tim.o
 .debug_abbrev  0x00002c59      0x230 ./release/stm32f10x_usart.o
 .debug_abbrev  0x00002e89      0x15a ./release/stm32f10x_wwdg.o
 .debug_abbrev  0x00002fe3      0x340 ./release/hw_config.o
 .debug_abbrev  0x00003323       0x88 ./release/stm32f10x_it.o
 .debug_abbrev  0x000033ab      0x3ea ./release/usb_core.o
 .debug_abbrev  0x00003795       0x75 ./release/usb_desc.o
 .debug_abbrev  0x0000380a      0x183 ./release/usb_endp.o
 .debug_abbrev  0x0000398d      0x120 ./release/usb_init.o
 .debug_abbrev  0x00003aad       0xe5 ./release/usb_int.o
 .debug_abbrev  0x00003b92      0x118 ./release/usb_istr.o
 .debug_abbrev  0x00003caa       0xae ./release/usb_mem.o
 .debug_abbrev  0x00003d58      0x2ac ./release/usb_prop.o
 .debug_abbrev  0x00004004      0x1a4 ./release/usb_pwr.o
 .debug_abbrev  0x000041a8      0x20b ./release/usb_regs.o
 .debug_abbrev  0x000043b3      0x134 ./release/usb_sil.o
 .debug_abbrev  0x000044e7      0x16c ./release/lib_crc.o
 .debug_abbrev  0x00004653      0x219 ./release/sampleacquisition.o
 .debug_abbrev  0x0000486c      0x195 ./release/uartcomm.o
 .debug_abbrev  0x00004a01      0x1f4 ./release/usbcomm.o
 .debug_abbrev  0x00004bf5      0x178 ./release/serialframe.o
 .debug_abbrev  0x00004d6d      0x131 ./release/main.o
 .debug_abbrev  0x00004e9e      0x146 ./release/signalfilter.o
 .debug_abbrev  0x00004fe4      0x18a ../drivers\libDrivers_STM32F103_107_Jan_2013.a(timer_1234.o)
 .debug_abbrev  0x0000516e       0xd0 ../drivers\libDrivers_STM32F103_107_Jan_2013.a(gpio.o)

.debug_aranges  0x00000000      0x620
 .debug_aranges
                0x00000000       0x20 ./release/startup-gcc.o
 .debug_aranges
                0x00000020       0x20 ./release/clock.o
 .debug_aranges
                0x00000040       0x20 ./release/usart.o
 .debug_aranges
                0x00000060       0x20 ./release/xprintf.o
 .debug_aranges
                0x00000080       0x20 ./release/misc.o
 .debug_aranges
                0x000000a0       0x20 ./release/stm32f10x_adc.o
 .debug_aranges
                0x000000c0       0x20 ./release/stm32f10x_bkp.o
 .debug_aranges
                0x000000e0       0x20 ./release/stm32f10x_can.o
 .debug_aranges
                0x00000100       0x20 ./release/stm32f10x_cec.o
 .debug_aranges
                0x00000120       0x20 ./release/stm32f10x_crc.o
 .debug_aranges
                0x00000140       0x20 ./release/stm32f10x_dac.o
 .debug_aranges
                0x00000160       0x20 ./release/stm32f10x_dbgmcu.o
 .debug_aranges
                0x00000180       0x20 ./release/stm32f10x_dma.o
 .debug_aranges
                0x000001a0       0x20 ./release/stm32f10x_exti.o
 .debug_aranges
                0x000001c0       0x20 ./release/stm32f10x_flash.o
 .debug_aranges
                0x000001e0       0x20 ./release/stm32f10x_fsmc.o
 .debug_aranges
                0x00000200       0x20 ./release/stm32f10x_gpio.o
 .debug_aranges
                0x00000220       0x20 ./release/stm32f10x_i2c.o
 .debug_aranges
                0x00000240       0x20 ./release/stm32f10x_iwdg.o
 .debug_aranges
                0x00000260       0x20 ./release/stm32f10x_pwr.o
 .debug_aranges
                0x00000280       0x20 ./release/stm32f10x_rcc.o
 .debug_aranges
                0x000002a0       0x20 ./release/stm32f10x_rtc.o
 .debug_aranges
                0x000002c0       0x20 ./release/stm32f10x_sdio.o
 .debug_aranges
                0x000002e0       0x20 ./release/stm32f10x_spi.o
 .debug_aranges
                0x00000300       0x20 ./release/stm32f10x_tim.o
 .debug_aranges
                0x00000320       0x20 ./release/stm32f10x_usart.o
 .debug_aranges
                0x00000340       0x20 ./release/stm32f10x_wwdg.o
 .debug_aranges
                0x00000360       0x20 ./release/hw_config.o
 .debug_aranges
                0x00000380       0x20 ./release/stm32f10x_it.o
 .debug_aranges
                0x000003a0       0x20 ./release/usb_core.o
 .debug_aranges
                0x000003c0       0x18 ./release/usb_desc.o
 .debug_aranges
                0x000003d8       0x20 ./release/usb_endp.o
 .debug_aranges
                0x000003f8       0x20 ./release/usb_init.o
 .debug_aranges
                0x00000418       0x20 ./release/usb_int.o
 .debug_aranges
                0x00000438       0x20 ./release/usb_istr.o
 .debug_aranges
                0x00000458       0x20 ./release/usb_mem.o
 .debug_aranges
                0x00000478       0x20 ./release/usb_prop.o
 .debug_aranges
                0x00000498       0x20 ./release/usb_pwr.o
 .debug_aranges
                0x000004b8       0x20 ./release/usb_regs.o
 .debug_aranges
                0x000004d8       0x20 ./release/usb_sil.o
 .debug_aranges
                0x000004f8       0x20 ./release/lib_crc.o
 .debug_aranges
                0x00000518       0x20 ./release/sampleacquisition.o
 .debug_aranges
                0x00000538       0x20 ./release/uartcomm.o
 .debug_aranges
                0x00000558       0x20 ./release/usbcomm.o
 .debug_aranges
                0x00000578       0x20 ./release/serialframe.o
 .debug_aranges
                0x00000598       0x28 ./release/main.o
 .debug_aranges
                0x000005c0       0x20 ./release/signalfilter.o
 .debug_aranges
                0x000005e0       0x20 ../drivers\libDrivers_STM32F103_107_Jan_2013.a(timer_1234.o)
 .debug_aranges
                0x00000600       0x20 ../drivers\libDrivers_STM32F103_107_Jan_2013.a(gpio.o)

.debug_loc      0x00000000     0xbb9c
 .debug_loc     0x00000000       0x21 ./release/clock.o
 .debug_loc     0x00000021      0x493 ./release/usart.o
 .debug_loc     0x000004b4      0xac1 ./release/xprintf.o
 .debug_loc     0x00000f75      0x190 ./release/misc.o
 .debug_loc     0x00001105      0xa2d ./release/stm32f10x_adc.o
 .debug_loc     0x00001b32      0x198 ./release/stm32f10x_bkp.o
 .debug_loc     0x00001cca      0x804 ./release/stm32f10x_can.o
 .debug_loc     0x000024ce      0x233 ./release/stm32f10x_cec.o
 .debug_loc     0x00002701       0x7f ./release/stm32f10x_crc.o
 .debug_loc     0x00002780      0x3dc ./release/stm32f10x_dac.o
 .debug_loc     0x00002b5c       0x3a ./release/stm32f10x_dbgmcu.o
 .debug_loc     0x00002b96      0x1ae ./release/stm32f10x_dma.o